Component: ARM Compiler 5.06 update 7 (build 960) Tool: armlink [4d3601]

==============================================================================

Section Cross References

    startup_stm32l431xx.o(STACK) refers (Special) to heapauxi.o(.text) for __use_two_region_memory
    startup_stm32l431xx.o(HEAP) refers (Special) to heapauxi.o(.text) for __use_two_region_memory
    startup_stm32l431xx.o(RESET) refers (Special) to heapauxi.o(.text) for __use_two_region_memory
    startup_stm32l431xx.o(RESET) refers to startup_stm32l431xx.o(STACK) for __initial_sp
    startup_stm32l431xx.o(RESET) refers to startup_stm32l431xx.o(.text) for Reset_Handler
    startup_stm32l431xx.o(RESET) refers to stm32l4xx_it.o(i.NMI_Handler) for NMI_Handler
    startup_stm32l431xx.o(RESET) refers to stm32l4xx_it.o(i.HardFault_Handler) for HardFault_Handler
    startup_stm32l431xx.o(RESET) refers to stm32l4xx_it.o(i.MemManage_Handler) for MemManage_Handler
    startup_stm32l431xx.o(RESET) refers to stm32l4xx_it.o(i.BusFault_Handler) for BusFault_Handler
    startup_stm32l431xx.o(RESET) refers to stm32l4xx_it.o(i.UsageFault_Handler) for UsageFault_Handler
    startup_stm32l431xx.o(RESET) refers to port.o(.emb_text) for SVC_Handler
    startup_stm32l431xx.o(RESET) refers to stm32l4xx_it.o(i.DebugMon_Handler) for DebugMon_Handler
    startup_stm32l431xx.o(RESET) refers to cmsis_os2.o(i.SysTick_Handler) for SysTick_Handler
    startup_stm32l431xx.o(RESET) refers to stm32l4xx_it.o(i.TIM1_UP_TIM16_IRQHandler) for TIM1_UP_TIM16_IRQHandler
    startup_stm32l431xx.o(.text) refers (Special) to heapauxi.o(.text) for __use_two_region_memory
    startup_stm32l431xx.o(.text) refers to system_stm32l4xx.o(i.SystemInit) for SystemInit
    startup_stm32l431xx.o(.text) refers to __main.o(!!!main) for __main
    startup_stm32l431xx.o(.text) refers to startup_stm32l431xx.o(HEAP) for Heap_Mem
    startup_stm32l431xx.o(.text) refers to startup_stm32l431xx.o(STACK) for Stack_Mem
    main.o(i.HAL_TIM_PeriodElapsedCallback) refers to stm32l4xx_hal.o(i.HAL_IncTick) for HAL_IncTick
    main.o(i.SystemClock_Config) refers to rt_memclr_w.o(.text) for __aeabi_memclr4
    main.o(i.SystemClock_Config) refers to stm32l4xx_hal_pwr_ex.o(i.HAL_PWREx_ControlVoltageScaling) for HAL_PWREx_ControlVoltageScaling
    main.o(i.SystemClock_Config) refers to stm32l4xx_hal_rcc.o(i.HAL_RCC_OscConfig) for HAL_RCC_OscConfig
    main.o(i.SystemClock_Config) refers to stm32l4xx_hal_rcc.o(i.HAL_RCC_ClockConfig) for HAL_RCC_ClockConfig
    main.o(i.agi_log_init) refers to elog.o(i.elog_init) for elog_init
    main.o(i.agi_log_init) refers to elog.o(i.elog_set_fmt) for elog_set_fmt
    main.o(i.agi_log_init) refers to elog.o(i.elog_start) for elog_start
    main.o(i.main) refers to stm32l4xx_hal.o(i.HAL_Init) for HAL_Init
    main.o(i.main) refers to main.o(i.SystemClock_Config) for SystemClock_Config
    main.o(i.main) refers to gpio.o(i.MX_GPIO_Init) for MX_GPIO_Init
    main.o(i.main) refers to usart.o(i.MX_USART2_UART_Init) for MX_USART2_UART_Init
    main.o(i.main) refers to main.o(i.agi_log_init) for agi_log_init
    main.o(i.main) refers to cmsis_os2.o(i.osKernelInitialize) for osKernelInitialize
    main.o(i.main) refers to freertos.o(i.MX_FREERTOS_Init) for MX_FREERTOS_Init
    main.o(i.main) refers to cmsis_os2.o(i.osKernelStart) for osKernelStart
    gpio.o(i.MX_GPIO_Init) refers to rt_memclr_w.o(.text) for __aeabi_memclr4
    gpio.o(i.MX_GPIO_Init) refers to stm32l4xx_hal_gpio.o(i.HAL_GPIO_WritePin) for HAL_GPIO_WritePin
    gpio.o(i.MX_GPIO_Init) refers to stm32l4xx_hal_gpio.o(i.HAL_GPIO_Init) for HAL_GPIO_Init
    freertos.o(i.LED_TASK) refers to elog.o(i.elog_output) for elog_output
    freertos.o(i.LED_TASK) refers to stm32l4xx_hal_gpio.o(i.HAL_GPIO_TogglePin) for HAL_GPIO_TogglePin
    freertos.o(i.LED_TASK) refers to cmsis_os2.o(i.osDelay) for osDelay
    freertos.o(i.LED_TASK) refers to freertos.o(.constdata) for .constdata
    freertos.o(i.MX_FREERTOS_Init) refers to cmsis_os2.o(i.osSemaphoreNew) for osSemaphoreNew
    freertos.o(i.MX_FREERTOS_Init) refers to cmsis_os2.o(i.osThreadNew) for osThreadNew
    freertos.o(i.MX_FREERTOS_Init) refers to freertos.o(.constdata) for .constdata
    freertos.o(i.MX_FREERTOS_Init) refers to freertos.o(.data) for .data
    freertos.o(i.MX_FREERTOS_Init) refers to freertos.o(i.LED_TASK) for LED_TASK
    freertos.o(i.MX_FREERTOS_Init) refers to elog_port.o(i.ThreadElog) for ThreadElog
    freertos.o(.constdata) refers to freertos.o(.conststring) for .conststring
    freertos.o(.constdata) refers to freertos.o(.bss) for os_semaphore_cb_elog_lockHandle
    freertos.o(.constdata) refers to freertos.o(.bss) for os_semaphore_cb_elog_asyncHandle
    usart.o(i.HAL_UART_MspDeInit) refers to stm32l4xx_hal_gpio.o(i.HAL_GPIO_DeInit) for HAL_GPIO_DeInit
    usart.o(i.HAL_UART_MspInit) refers to rt_memclr_w.o(.text) for __aeabi_memclr4
[...]
    _printf_e                                0x08000213   Thumb Code     0  _printf_e.o(.ARM.Collect$$_printf_percent$$00000004)
    _printf_g                                0x08000219   Thumb Code     0  _printf_g.o(.ARM.Collect$$_printf_percent$$00000005)
    _printf_a                                0x0800021f   Thumb Code     0  _printf_a.o(.ARM.Collect$$_printf_percent$$00000006)
    _printf_ll                               0x08000225   Thumb Code     0  _printf_ll.o(.ARM.Collect$$_printf_percent$$00000007)
    _printf_i                                0x0800022f   Thumb Code     0  _printf_i.o(.ARM.Collect$$_printf_percent$$00000008)
    _printf_d                                0x08000235   Thumb Code     0  _printf_d.o(.ARM.Collect$$_printf_percent$$00000009)
    _printf_u                                0x0800023b   Thumb Code     0  _printf_u.o(.ARM.Collect$$_printf_percent$$0000000A)
    _printf_o                                0x08000241   Thumb Code     0  _printf_o.o(.ARM.Collect$$_printf_percent$$0000000B)
    _printf_x                                0x08000247   Thumb Code     0  _printf_x.o(.ARM.Collect$$_printf_percent$$0000000C)
    _printf_lli                              0x0800024d   Thumb Code     0  _printf_lli.o(.ARM.Collect$$_printf_percent$$0000000D)
    _printf_lld                              0x08000253   Thumb Code     0  _printf_lld.o(.ARM.Collect$$_printf_percent$$0000000E)
    _printf_llu                              0x08000259   Thumb Code     0  _printf_llu.o(.ARM.Collect$$_printf_percent$$0000000F)
    _printf_llo                              0x0800025f   Thumb Code     0  _printf_llo.o(.ARM.Collect$$_printf_percent$$00000010)
    _printf_llx                              0x08000265   Thumb Code     0  _printf_llx.o(.ARM.Collect$$_printf_percent$$00000011)
    _printf_l                                0x0800026b   Thumb Code     0  _printf_l.o(.ARM.Collect$$_printf_percent$$00000012)
    _printf_c                                0x08000275   Thumb Code     0  _printf_c.o(.ARM.Collect$$_printf_percent$$00000013)
    _printf_s                                0x0800027b   Thumb Code     0  _printf_s.o(.ARM.Collect$$_printf_percent$$00000014)
    _printf_lc                               0x08000281   Thumb Code     0  _printf_lc.o(.ARM.Collect$$_printf_percent$$00000015)
    _printf_ls                               0x08000287   Thumb Code     0  _printf_ls.o(.ARM.Collect$$_printf_percent$$00000016)
    _printf_percent_end                      0x0800028d   Thumb Code     0  _printf_percent_end.o(.ARM.Collect$$_printf_percent$$00000017)
    __rt_lib_init                            0x08000291   Thumb Code     0  libinit.o(.ARM.Collect$$libinit$$00000000)
    __rt_lib_init_fp_1                       0x08000293   Thumb Code     0  libinit2.o(.ARM.Collect$$libinit$$00000001)
    __rt_lib_init_heap_1                     0x08000297   Thumb Code     0  libinit2.o(.ARM.Collect$$libinit$$0000000A)
    __rt_lib_init_lc_common                  0x08000297   Thumb Code     0  libinit2.o(.ARM.Collect$$libinit$$0000000F)
    __rt_lib_init_preinit_1                  0x08000297   Thumb Code     0  libinit2.o(.ARM.Collect$$libinit$$00000004)
    __rt_lib_init_rand_1                     0x08000297   Thumb Code     0  libinit2.o(.ARM.Collect$$libinit$$0000000E)
    __rt_lib_init_user_alloc_1               0x08000297   Thumb Code     0  libinit2.o(.ARM.Collect$$libinit$$0000000C)
    __rt_lib_init_lc_collate_1               0x0800029d   Thumb Code     0  libinit2.o(.ARM.Collect$$libinit$$00000011)
    __rt_lib_init_lc_ctype_2                 0x0800029d   Thumb Code     0  libinit2.o(.ARM.Collect$$libinit$$00000012)
    __rt_lib_init_lc_ctype_1                 0x080002a9   Thumb Code     0  libinit2.o(.ARM.Collect$$libinit$$00000013)
    __rt_lib_init_lc_monetary_1              0x080002a9   Thumb Code     0  libinit2.o(.ARM.Collect$$libinit$$00000015)
    __rt_lib_init_lc_numeric_2               0x080002a9   Thumb Code     0  libinit2.o(.ARM.Collect$$libinit$$00000016)
    __rt_lib_init_alloca_1                   0x080002b3   Thumb Code     0  libinit2.o(.ARM.Collect$$libinit$$0000002E)
    __rt_lib_init_argv_1                     0x080002b3   Thumb Code     0  libinit2.o(.ARM.Collect$$libinit$$0000002C)
    __rt_lib_init_atexit_1                   0x080002b3   Thumb Code     0  libinit2.o(.ARM.Collect$$libinit$$0000001B)
    __rt_lib_init_clock_1                    0x080002b3   Thumb Code     0  libinit2.o(.ARM.Collect$$libinit$$00000021)
    __rt_lib_init_cpp_1                      0x080002b3   Thumb Code     0  libinit2.o(.ARM.Collect$$libinit$$00000032)
    __rt_lib_init_exceptions_1               0x080002b3   Thumb Code     0  libinit2.o(.ARM.Collect$$libinit$$00000030)
    __rt_lib_init_fp_trap_1                  0x080002b3   Thumb Code     0  libinit2.o(.ARM.Collect$$libinit$$0000001F)
    __rt_lib_init_getenv_1                   0x080002b3   Thumb Code     0  libinit2.o(.ARM.Collect$$libinit$$00000023)
    __rt_lib_init_lc_numeric_1               0x080002b3   Thumb Code     0  libinit2.o(.ARM.Collect$$libinit$$00000017)
    __rt_lib_init_lc_time_1                  0x080002b3   Thumb Code     0  libinit2.o(.ARM.Collect$$libinit$$00000019)
    __rt_lib_init_return                     0x080002b3   Thumb Code     0  libinit2.o(.ARM.Collect$$libinit$$00000033)
    __rt_lib_init_signal_1                   0x080002b3   Thumb Code     0  libinit2.o(.ARM.Collect$$libinit$$0000001D)
    __rt_lib_init_stdio_1                    0x080002b3   Thumb Code     0  libinit2.o(.ARM.Collect$$libinit$$00000025)
    __rt_lib_shutdown                        0x080002b5   Thumb Code     0  libshutdown.o(.ARM.Collect$$libshutdown$$00000000)
    __rt_lib_shutdown_cpp_1                  0x080002b7   Thumb Code     0  libshutdown2.o(.ARM.Collect$$libshutdown$$00000004)
    __rt_lib_shutdown_fini_1                 0x080002b7   Thumb Code     0  libshutdown2.o(.ARM.Collect$$libshutdown$$00000002)
    __rt_lib_shutdown_fp_trap_1              0x080002b7   Thumb Code     0  libshutdown2.o(.ARM.Collect$$libshutdown$$00000009)
    __rt_lib_shutdown_heap_1                 0x080002b7   Thumb Code     0  libshutdown2.o(.ARM.Collect$$libshutdown$$00000011)
    __rt_lib_shutdown_return                 0x080002b7   Thumb Code     0  libshutdown2.o(.ARM.Collect$$libshutdown$$00000012)
    __rt_lib_shutdown_signal_1               0x080002b7   Thumb Code     0  libshutdown2.o(.ARM.Collect$$libshutdown$$0000000C)
    __rt_lib_shutdown_stdio_1                0x080002b7   Thumb Code     0  libshutdown2.o(.ARM.Collect$$libshutdown$$00000006)
    __rt_lib_shutdown_user_alloc_1           0x080002b7   Thumb Code     0  libshutdown2.o(.ARM.Collect$$libshutdown$$0000000E)
    __rt_entry                               0x080002b9   Thumb Code     0  __rtentry.o(.ARM.Collect$$rtentry$$00000000)
    __rt_entry_presh_1                       0x080002b9   Thumb Code     0  __rtentry2.o(.ARM.Collect$$rtentry$$00000002)
    __rt_entry_sh                            0x080002b9   Thumb Code     0  __rtentry4.o(.ARM.Collect$$rtentry$$00000004)
    __rt_entry_li                            0x080002bf   Thumb Code     0  __rtentry2.o(.ARM.Collect$$rtentry$$0000000A)
    __rt_entry_postsh_1                      0x080002bf   Thumb Code     0  __rtentry2.o(.ARM.Collect$$rtentry$$00000009)
    __rt_entry_main                          0x080002c3   Thumb Code     0  __rtentry2.o(.ARM.Collect$$rtentry$$0000000D)
    __rt_entry_postli_1                      0x080002c3   Thumb Code     0  __rtentry2.o(.ARM.Collect$$rtentry$$0000000C)
    __rt_exit                                0x080002cb   Thumb Code     0  rtexit.o(.ARM.Collect$$rtexit$$00000000)
    __rt_exit_ls                             0x080002cd   Thumb Code     0  rtexit2.o(.ARM.Collect$$rtexit$$00000003)
    __rt_exit_prels_1                        0x080002cd   Thumb Code     0  rtexit2.o(.ARM.Collect$$rtexit$$00000002)
    __rt_exit_exit                           0x080002d1   Thumb Code     0  rtexit2.o(.ARM.Collect$$rtexit$$00000004)
    SVC_Handler                              0x080002d9   Thumb Code    28  port.o(.emb_text)
    __asm___6_port_c_39a90d8d__prvStartFirstTask 0x080002f9   Thumb Code    36  port.o(.emb_text)
    __asm___6_port_c_39a90d8d__prvEnableVFP  0x08000321   Thumb Code    16  port.o(.emb_text)
    PendSV_Handler                           0x08000335   Thumb Code    88  port.o(.emb_text)
    vPortGetIPSR                             0x08000391   Thumb Code     6  port.o(.emb_text)
    Reset_Handler                            0x080003b9   Thumb Code     8  startup_stm32l431xx.o(.text)
    ADC1_IRQHandler                          0x080003d3   Thumb Code     0  startup_stm32l431xx.o(.text)
    CAN1_RX0_IRQHandler                      0x080003d3   Thumb Code     0  startup_stm32l431xx.o(.text)
    CAN1_RX1_IRQHandler                      0x080003d3   Thumb Code     0  startup_stm32l431xx.o(.text)
    CAN1_SCE_IRQHandler                      0x080003d3   Thumb Code     0  startup_stm32l431xx.o(.text)
    CAN1_TX_IRQHandler                       0x080003d3   Thumb Code     0  startup_stm32l431xx.o(.text)
    COMP_IRQHandler                          0x080003d3   Thumb Code     0  startup_stm32l431xx.o(.text)
    CRS_IRQHandler                           0x080003d3   Thumb Code     0  startup_stm32l431xx.o(.text)
    DMA1_Channel1_IRQHandler                 0x080003d3   Thumb Code     0  startup_stm32l431xx.o(.text)
    DMA1_Channel2_IRQHandler                 0x080003d3   Thumb Code     0  startup_stm32l431xx.o(.text)
    DMA1_Channel3_IRQHandler                 0x080003d3   Thumb Code     0  startup_stm32l431xx.o(.text)
    DMA1_Channel4_IRQHandler                 0x080003d3   Thumb Code     0  startup_stm32l431xx.o(.text)
    DMA1_Channel5_IRQHandler                 0x080003d3   Thumb Code     0  startup_stm32l431xx.o(.text)
    DMA1_Channel6_IRQHandler                 0x080003d3   Thumb Code     0  startup_stm32l431xx.o(.text)
    DMA1_Channel7_IRQHandler                 0x080003d3   Thumb Code     0  startup_stm32l431xx.o(.text)
    DMA2_Channel1_IRQHandler                 0x080003d3   Thumb Code     0  startup_stm32l431xx.o(.text)
    DMA2_Channel2_IRQHandler                 0x080003d3   Thumb Code     0  startup_stm32l431xx.o(.text)
    DMA2_Channel3_IRQHandler                 0x080003d3   Thumb Code     0  startup_stm32l431xx.o(.text)
    DMA2_Channel4_IRQHandler                 0x080003d3   Thumb Code     0  startup_stm32l431xx.o(.text)
    DMA2_Channel5_IRQHandler                 0x080003d3   Thumb Code     0  startup_stm32l431xx.o(.text)
    DMA2_Channel6_IRQHandler                 0x080003d3   Thumb Code     0  startup_stm32l431xx.o(.text)
    DMA2_Channel7_IRQHandler                 0x080003d3   Thumb Code     0  startup_stm32l431xx.o(.text)
    EXTI0_IRQHandler                         0x080003d3   Thumb Code     0  startup_stm32l431xx.o(.text)
    EXTI15_10_IRQHandler                     0x080003d3   Thumb Code     0  startup_stm32l431xx.o(.text)
    EXTI1_IRQHandler                         0x080003d3   Thumb Code     0  startup_stm32l431xx.o(.text)
    EXTI2_IRQHandler                         0x080003d3   Thumb Code     0  startup_stm32l431xx.o(.text)
    EXTI3_IRQHandler                         0x080003d3   Thumb Code     0  startup_stm32l431xx.o(.text)
    EXTI4_IRQHandler                         0x080003d3   Thumb Code     0  startup_stm32l431xx.o(.text)
    EXTI9_5_IRQHandler                       0x080003d3   Thumb Code     0  startup_stm32l431xx.o(.text)
    FLASH_IRQHandler                         0x080003d3   Thumb Code     0  startup_stm32l431xx.o(.text)
    FPU_IRQHandler                           0x080003d3   Thumb Code     0  startup_stm32l431xx.o(.text)
    I2C1_ER_IRQHandler                       0x080003d3   Thumb Code     0  startup_stm32l431xx.o(.text)
    I2C1_EV_IRQHandler                       0x080003d3   Thumb Code     0  startup_stm32l431xx.o(.text)
    I2C2_ER_IRQHandler                       0x080003d3   Thumb Code     0  startup_stm32l431xx.o(.text)
    I2C2_EV_IRQHandler                       0x080003d3   Thumb Code     0  startup_stm32l431xx.o(.text)
    I2C3_ER_IRQHandler                       0x080003d3   Thumb Code     0  startup_stm32l431xx.o(.text)
    I2C3_EV_IRQHandler                       0x080003d3   Thumb Code     0  startup_stm32l431xx.o(.text)
    LPTIM1_IRQHandler                        0x080003d3   Thumb Code     0  startup_stm32l431xx.o(.text)
    LPTIM2_IRQHandler                        0x080003d3   Thumb Code     0  startup_stm32l431xx.o(.text)
    LPUART1_IRQHandler                       0x080003d3   Thumb Code     0  startup_stm32l431xx.o(.text)
    PVD_PVM_IRQHandler                       0x080003d3   Thumb Code     0  startup_stm32l431xx.o(.text)
    QUADSPI_IRQHandler                       0x080003d3   Thumb Code     0  startup_stm32l431xx.o(.text)
    RCC_IRQHandler                           0x080003d3   Thumb Code     0  startup_stm32l431xx.o(.text)
    RNG_IRQHandler                           0x080003d3   Thumb Code     0  startup_stm32l431xx.o(.text)
    RTC_Alarm_IRQHandler                     0x080003d3   Thumb Code     0  startup_stm32l431xx.o(.text)
    RTC_WKUP_IRQHandler                      0x080003d3   Thumb Code     0  startup_stm32l431xx.o(.text)
    SAI1_IRQHandler                          0x080003d3   Thumb Code     0  startup_stm32l431xx.o(.text)
    SDMMC1_IRQHandler                        0x080003d3   Thumb Code     0  startup_stm32l431xx.o(.text)
    SPI1_IRQHandler                          0x080003d3   Thumb Code     0  startup_stm32l431xx.o(.text)
    SPI2_IRQHandler                          0x080003d3   Thumb Code     0  startup_stm32l431xx.o(.text)
    SPI3_IRQHandler                          0x080003d3   Thumb Code     0  startup_stm32l431xx.o(.text)
    SWPMI1_IRQHandler                        0x080003d3   Thumb Code     0  startup_stm32l431xx.o(.text)
    TAMP_STAMP_IRQHandler                    0x080003d3   Thumb Code     0  startup_stm32l431xx.o(.text)
    TIM1_BRK_TIM15_IRQHandler                0x080003d3   Thumb Code     0  startup_stm32l431xx.o(.text)
    TIM1_CC_IRQHandler                       0x080003d3   Thumb Code     0  startup_stm32l431xx.o(.text)
    TIM1_TRG_COM_IRQHandler                  0x080003d3   Thumb Code     0  startup_stm32l431xx.o(.text)
    TIM2_IRQHandler                          0x080003d3   Thumb Code     0  startup_stm32l431xx.o(.text)
    TIM6_DAC_IRQHandler                      0x080003d3   Thumb Code     0  startup_stm32l431xx.o(.text)
    TIM7_IRQHandler                          0x080003d3   Thumb Code     0  startup_stm32l431xx.o(.text)
    TSC_IRQHandler                           0x080003d3   Thumb Code     0  startup_stm32l431xx.o(.text)
    USART1_IRQHandler                        0x080003d3   Thumb Code     0  startup_stm32l431xx.o(.text)
    USART2_IRQHandler                        0x080003d3   Thumb Code     0  startup_stm32l431xx.o(.text)
    USART3_IRQHandler                        0x080003d3   Thumb Code     0  startup_stm32l431xx.o(.text)
    WWDG_IRQHandler                          0x080003d3   Thumb Code     0  startup_stm32l431xx.o(.text)
    __user_initial_stackheap                 0x080003d5   Thumb Code     0  startup_stm32l431xx.o(.text)
    __aeabi_uldivmod                         0x080003f9   Thumb Code     0  lludivv7m.o(.text)
    _ll_udiv                                 0x080003f9   Thumb Code   238  lludivv7m.o(.text)
    vsnprintf                                0x080004e9   Thumb Code    48  vsnprintf.o(.text)
    __2snprintf                              0x0800051d   Thumb Code    50  __2snprintf.o(.text)
    _printf_pre_padding                      0x08000555   Thumb Code    44  _printf_pad.o(.text)
    _printf_post_padding                     0x08000581   Thumb Code    34  _printf_pad.o(.text)
    _printf_str                              0x080005a3   Thumb Code    82  _printf_str.o(.text)
    _printf_int_dec                          0x080005f5   Thumb Code   104  _printf_dec.o(.text)
    _printf_longlong_hex                     0x0800066d   Thumb Code    86  _printf_hex_int_ll_ptr.o(.text)
    _printf_int_hex                          0x080006c3   Thumb Code    28  _printf_hex_int_ll_ptr.o(.text)
    _printf_ll_hex                           0x080006df   Thumb Code    12  _printf_hex_int_ll_ptr.o(.text)
    _printf_hex_ptr                          0x080006eb   Thumb Code    18  _printf_hex_int_ll_ptr.o(.text)
    __printf                                 0x08000701   Thumb Code   388  __printf_flags_ss_wp.o(.text)
    strstr                                   0x0800088f   Thumb Code    36  strstr.o(.text)
    strlen                                   0x080008b3   Thumb Code    62  strlen.o(.text)
    strncmp                                  0x080008f1   Thumb Code   150  strncmp.o(.text)
    __aeabi_memcpy                           0x08000987   Thumb Code     0  rt_memcpy_v6.o(.text)
    __rt_memcpy                              0x08000987   Thumb Code   138  rt_memcpy_v6.o(.text)
    _memcpy_lastbytes                        0x080009ed   Thumb Code     0  rt_memcpy_v6.o(.text)
    __aeabi_memset                           0x08000a11   Thumb Code    16  aeabi_memset.o(.text)
    __aeabi_memclr                           0x08000a21   Thumb Code     0  rt_memclr.o(.text)
    __rt_memclr                              0x08000a21   Thumb Code    68  rt_memclr.o(.text)
    _memset                                  0x08000a25   Thumb Code     0  rt_memclr.o(.text)
    __aeabi_memclr4                          0x08000a65   Thumb Code     0  rt_memclr_w.o(.text)
    __aeabi_memclr8                          0x08000a65   Thumb Code     0  rt_memclr_w.o(.text)
    __rt_memclr_w                            0x08000a65   Thumb Code    78  rt_memclr_w.o(.text)
    _memset_w                                0x08000a69   Thumb Code     0  rt_memclr_w.o(.text)
    __use_two_region_memory                  0x08000ab3   Thumb Code     2  heapauxi.o(.text)
    __rt_heap_escrow$2region                 0x08000ab5   Thumb Code     2  heapauxi.o(.text)
    __rt_heap_expand$2region                 0x08000ab7   Thumb Code     2  heapauxi.o(.text)
    _printf_truncate_signed                  0x08000ab9   Thumb Code    18  _printf_truncate.o(.text)
    _printf_truncate_unsigned                0x08000acb   Thumb Code    18  _printf_truncate.o(.text)
    _printf_int_common                       0x08000add   Thumb Code   178  _printf_intcommon.o(.text)
    _printf_charcount                        0x08000b8f   Thumb Code    40  _printf_charcount.o(.text)
    _printf_char_common                      0x08000bc3   Thumb Code    32  _printf_char_common.o(.text)
    _sputc                                   0x08000be9   Thumb Code    10  _sputc.o(.text)
    _snputc                                  0x08000bf3   Thumb Code    16  _snputc.o(.text)
    _printf_cs_common                        0x08000c03   Thumb Code    20  _printf_char.o(.text)
    _printf_char                             0x08000c17   Thumb Code    16  _printf_char.o(.text)
    _printf_string                           0x08000c27   Thumb Code     8  _printf_char.o(.text)
    _printf_wctomb                           0x08000c31   Thumb Code   182  _printf_wctomb.o(.text)
    _printf_longlong_dec                     0x08000cf5   Thumb Code   108  _printf_longlong_dec.o(.text)
    _printf_longlong_oct                     0x08000d71   Thumb Code    66  _printf_oct_int_ll.o(.text)
    _printf_int_oct                          0x08000db3   Thumb Code    24  _printf_oct_int_ll.o(.text)
    _printf_ll_oct                           0x08000dcb   Thumb Code    12  _printf_oct_int_ll.o(.text)
    __aeabi_memcpy4                          0x08000de1   Thumb Code     0  rt_memcpy_w.o(.text)
    __aeabi_memcpy8                          0x08000de1   Thumb Code     0  rt_memcpy_w.o(.text)
    __rt_memcpy_w                            0x08000de1   Thumb Code   100  rt_memcpy_w.o(.text)
    _memcpy_lastbytes_aligned                0x08000e29   Thumb Code     0  rt_memcpy_w.o(.text)
    _ll_udiv10                               0x08000e45   Thumb Code   138  lludiv10.o(.text)
    __lib_sel_fp_printf                      0x08000ecf   Thumb Code     2  _printf_fp_dec.o(.text)
    _printf_fp_dec_real                      0x08001081   Thumb Code   620  _printf_fp_dec.o(.text)
    _printf_fp_hex_real                      0x080012f5   Thumb Code   756  _printf_fp_hex.o(.text)
    _printf_lcs_common                       0x080015f7   Thumb Code    20  _printf_wchar.o(.text)
    _printf_wchar                            0x0800160b   Thumb Code    16  _printf_wchar.o(.text)
    _printf_wstring                          0x0800161b   Thumb Code     8  _printf_wchar.o(.text)
    _wcrtomb                                 0x08001623   Thumb Code    64  _wcrtomb.o(.text)
    __user_setup_stackheap                   0x08001663   Thumb Code    74  sys_stackheap_outer.o(.text)
    __rt_ctype_table                         0x080016ad   Thumb Code    16  rt_ctype_table.o(.text)
    __rt_locale                              0x080016bd   Thumb Code     8  rt_locale_intlibspace.o(.text)
    _printf_fp_infnan                        0x080016c5   Thumb Code   112  _printf_fp_infnan.o(.text)
    _btod_etento                             0x08001745   Thumb Code   224  bigflt0.o(.text)
    exit                                     0x08001829   Thumb Code    18  exit.o(.text)
    __user_libspace                          0x0800183d   Thumb Code     8  libspace.o(.text)
    __user_perproc_libspace                  0x0800183d   Thumb Code     0  libspace.o(.text)
    __user_perthread_libspace                0x0800183d   Thumb Code     0  libspace.o(.text)
    strcmp                                   0x08001845   Thumb Code   128  strcmpv7m.o(.text)
    _sys_exit                                0x080018c5   Thumb Code     8  sys_exit.o(.text)
    __I$use$semihosting                      0x080018d1   Thumb Code     0  use_no_semi.o(.text)
    __use_no_semihosting_swi                 0x080018d1   Thumb Code     2  use_no_semi.o(.text)
    __semihosting_library_function           0x080018d3   Thumb Code     0  indicate_semi.o(.text)
    _btod_d2e                                0x080018d3   Thumb Code    62  btod.o(CL$$btod_d2e)
    _d2e_denorm_low                          0x08001911   Thumb Code    70  btod.o(CL$$btod_d2e_denorm_low)
    _d2e_norm_op1                            0x08001957   Thumb Code    96  btod.o(CL$$btod_d2e_norm_op1)
    __btod_div_common                        0x080019b7   Thumb Code   696  btod.o(CL$$btod_div_common)
    _e2e                                     0x08001cef   Thumb Code   220  btod.o(CL$$btod_e2e)
    _btod_ediv                               0x08001dcb   Thumb Code    42  btod.o(CL$$btod_ediv)
    _btod_emul                               0x08001df5   Thumb Code    42  btod.o(CL$$btod_emul)
    __btod_mult_common                       0x08001e1f   Thumb Code   580  btod.o(CL$$btod_mult_common)
    BusFault_Handler                         0x08002063   Thumb Code     2  stm32l4xx_it.o(i.BusFault_Handler)
    DebugMon_Handler                         0x08002065   Thumb Code     2  stm32l4xx_it.o(i.DebugMon_Handler)
    Error_Handler                            0x08002067   Thumb Code     4  main.o(i.Error_Handler)
    HAL_GPIO_Init                            0x0800206d   Thumb Code   434  stm32l4xx_hal_gpio.o(i.HAL_GPIO_Init)
    HAL_GPIO_TogglePin                       0x08002243   Thumb Code    16  stm32l4xx_hal_gpio.o(i.HAL_GPIO_TogglePin)
    HAL_GPIO_WritePin                        0x08002253   Thumb Code    10  stm32l4xx_hal_gpio.o(i.HAL_GPIO_WritePin)
    HAL_GetTick                              0x0800225d   Thumb Code     6  stm32l4xx_hal.o(i.HAL_GetTick)
    HAL_IncTick                              0x08002269   Thumb Code    12  stm32l4xx_hal.o(i.HAL_IncTick)
    HAL_Init                                 0x08002279   Thumb Code    30  stm32l4xx_hal.o(i.HAL_Init)
    HAL_InitTick                             0x08002299   Thumb Code   118  stm32l4xx_hal_timebase_tim.o(i.HAL_InitTick)
    HAL_MspInit                              0x08002325   Thumb Code    48  stm32l4xx_hal_msp.o(i.HAL_MspInit)
    HAL_NVIC_EnableIRQ                       0x08002359   Thumb Code    26  stm32l4xx_hal_cortex.o(i.HAL_NVIC_EnableIRQ)
    HAL_NVIC_SetPriority                     0x08002375   Thumb Code    60  stm32l4xx_hal_cortex.o(i.HAL_NVIC_SetPriority)
    HAL_NVIC_SetPriorityGrouping             0x080023b5   Thumb Code    26  stm32l4xx_hal_cortex.o(i.HAL_NVIC_SetPriorityGrouping)
    HAL_PWREx_ControlVoltageScaling          0x080023d9   Thumb Code    90  stm32l4xx_hal_pwr_ex.o(i.HAL_PWREx_ControlVoltageScaling)
    HAL_PWREx_GetVoltageRange                0x08002441   Thumb Code    10  stm32l4xx_hal_pwr_ex.o(i.HAL_PWREx_GetVoltageRange)
    HAL_RCCEx_PeriphCLKConfig                0x08002451   Thumb Code   682  stm32l4xx_hal_rcc_ex.o(i.HAL_RCCEx_PeriphCLKConfig)
    HAL_RCC_ClockConfig                      0x0800270d   Thumb Code   304  stm32l4xx_hal_rcc.o(i.HAL_RCC_ClockConfig)
    HAL_RCC_GetClockConfig                   0x08002851   Thumb Code    54  stm32l4xx_hal_rcc.o(i.HAL_RCC_GetClockConfig)
    HAL_RCC_GetPCLK1Freq                     0x08002891   Thumb Code    24  stm32l4xx_hal_rcc.o(i.HAL_RCC_GetPCLK1Freq)
    HAL_RCC_GetPCLK2Freq                     0x080028b5   Thumb Code    24  stm32l4xx_hal_rcc.o(i.HAL_RCC_GetPCLK2Freq)
    HAL_RCC_GetSysClockFreq                  0x080028d9   Thumb Code   150  stm32l4xx_hal_rcc.o(i.HAL_RCC_GetSysClockFreq)
    HAL_RCC_OscConfig                        0x0800297d   Thumb Code  1366  stm32l4xx_hal_rcc.o(i.HAL_RCC_OscConfig)
    HAL_TIMEx_Break2Callback                 0x08002edd   Thumb Code     2  stm32l4xx_hal_tim_ex.o(i.HAL_TIMEx_Break2Callback)
    HAL_TIMEx_BreakCallback                  0x08002edf   Thumb Code     2  stm32l4xx_hal_tim_ex.o(i.HAL_TIMEx_BreakCallback)
    HAL_TIMEx_CommutCallback                 0x08002ee1   Thumb Code     2  stm32l4xx_hal_tim_ex.o(i.HAL_TIMEx_CommutCallback)
    HAL_TIM_Base_Init                        0x08002ee3   Thumb Code    98  stm32l4xx_hal_tim.o(i.HAL_TIM_Base_Init)
    HAL_TIM_Base_MspInit                     0x08002f45   Thumb Code     2  stm32l4xx_hal_tim.o(i.HAL_TIM_Base_MspInit)
    HAL_TIM_Base_Start_IT                    0x08002f49   Thumb Code    76  stm32l4xx_hal_tim.o(i.HAL_TIM_Base_Start_IT)
    HAL_TIM_IC_CaptureCallback               0x08002fa1   Thumb Code     2  stm32l4xx_hal_tim.o(i.HAL_TIM_IC_CaptureCallback)
    HAL_TIM_IRQHandler                       0x08002fa3   Thumb Code   388  stm32l4xx_hal_tim.o(i.HAL_TIM_IRQHandler)
    HAL_TIM_OC_DelayElapsedCallback          0x08003127   Thumb Code     2  stm32l4xx_hal_tim.o(i.HAL_TIM_OC_DelayElapsedCallback)
    HAL_TIM_PWM_PulseFinishedCallback        0x08003129   Thumb Code     2  stm32l4xx_hal_tim.o(i.HAL_TIM_PWM_PulseFinishedCallback)
    HAL_TIM_PeriodElapsedCallback            0x0800312d   Thumb Code    14  main.o(i.HAL_TIM_PeriodElapsedCallback)
    HAL_TIM_TriggerCallback                  0x08003141   Thumb Code     2  stm32l4xx_hal_tim.o(i.HAL_TIM_TriggerCallback)
    HAL_UART_Init                            0x08003143   Thumb Code   102  stm32l4xx_hal_uart.o(i.HAL_UART_Init)
    HAL_UART_MspInit                         0x080031a9   Thumb Code   112  usart.o(i.HAL_UART_MspInit)
    HAL_UART_Transmit                        0x08003221   Thumb Code   182  stm32l4xx_hal_uart.o(i.HAL_UART_Transmit)
    HardFault_Handler                        0x080032d7   Thumb Code     2  stm32l4xx_it.o(i.HardFault_Handler)
    LED_TASK                                 0x080032d9   Thumb Code    48  freertos.o(i.LED_TASK)
    MX_FREERTOS_Init                         0x08003349   Thumb Code    86  freertos.o(i.MX_FREERTOS_Init)
    MX_GPIO_Init                             0x080033b1   Thumb Code   102  gpio.o(i.MX_GPIO_Init)
    MX_USART2_UART_Init                      0x08003421   Thumb Code    52  usart.o(i.MX_USART2_UART_Init)
    MemManage_Handler                        0x0800345d   Thumb Code     2  stm32l4xx_it.o(i.MemManage_Handler)
    NMI_Handler                              0x0800345f   Thumb Code     2  stm32l4xx_it.o(i.NMI_Handler)
    SysTick_Handler                          0x08003609   Thumb Code    26  cmsis_os2.o(i.SysTick_Handler)
    SystemClock_Config                       0x08003623   Thumb Code   110  main.o(i.SystemClock_Config)
    SystemInit                               0x08003691   Thumb Code    12  system_stm32l4xx.o(i.SystemInit)
    TIM1_UP_TIM16_IRQHandler                 0x080036a1   Thumb Code     6  stm32l4xx_it.o(i.TIM1_UP_TIM16_IRQHandler)
    TIM_Base_SetConfig                       0x080036ad   Thumb Code    94  stm32l4xx_hal_tim.o(i.TIM_Base_SetConfig)
    ThreadElog                               0x08003719   Thumb Code    60  elog_port.o(i.ThreadElog)
    UART_AdvFeatureConfig                    0x0800375d   Thumb Code   200  stm32l4xx_hal_uart.o(i.UART_AdvFeatureConfig)
    UART_CheckIdleState                      0x08003825   Thumb Code    92  stm32l4xx_hal_uart.o(i.UART_CheckIdleState)
    UART_SetConfig                           0x08003881   Thumb Code   478  stm32l4xx_hal_uart.o(i.UART_SetConfig)
    UART_WaitOnFlagUntilTimeout              0x08003a81   Thumb Code   198  stm32l4xx_hal_uart.o(i.UART_WaitOnFlagUntilTimeout)
    UsageFault_Handler                       0x08003b47   Thumb Code     2  stm32l4xx_it.o(i.UsageFault_Handler)
    __ARM_fpclassify                         0x08003b49   Thumb Code    48  fpclassify.o(i.__ARM_fpclassify)
    _is_digit                                0x08003b99   Thumb Code    14  __printf_wp.o(i._is_digit)
    agi_log_init                             0x08003ba7   Thumb Code    62  main.o(i.agi_log_init)
    eTaskGetState                            0x08003c5d   Thumb Code   106  tasks.o(i.eTaskGetState)
    elog_async_enabled                       0x08003cd1   Thumb Code     6  elog_async.o(i.elog_async_enabled)
    elog_async_get_line_log                  0x08003d0d   Thumb Code   136  elog_async.o(i.elog_async_get_line_log)
    elog_async_init                          0x08003d9d   Thumb Code    16  elog_async.o(i.elog_async_init)
    elog_async_output                        0x08003db1   Thumb Code    40  elog_async.o(i.elog_async_output)
    elog_async_output_notice                 0x08003ddd   Thumb Code     8  elog_port.o(i.elog_async_output_notice)
    elog_cpyln                               0x08003de9   Thumb Code   164  elog_utils.o(i.elog_cpyln)
    elog_get_filter_tag_lvl                  0x08003ef9   Thumb Code   142  elog.o(i.elog_get_filter_tag_lvl)
    elog_init                                0x08003ff9   Thumb Code   112  elog.o(i.elog_init)
    elog_output                              0x0800406d   Thumb Code   720  elog.o(i.elog_output)
    elog_output_lock                         0x080043e5   Thumb Code    28  elog.o(i.elog_output_lock)
    elog_output_lock_enabled                 0x08004405   Thumb Code    40  elog.o(i.elog_output_lock_enabled)
    elog_output_unlock                       0x08004431   Thumb Code    28  elog.o(i.elog_output_unlock)
    elog_port_get_p_info                     0x08004451   Thumb Code     4  elog_port.o(i.elog_port_get_p_info)
    elog_port_get_t_info                     0x08004461   Thumb Code     4  elog_port.o(i.elog_port_get_t_info)
    elog_port_get_time                       0x0800446d   Thumb Code     4  elog_port.o(i.elog_port_get_time)
    elog_port_init                           0x0800447d   Thumb Code    18  elog_port.o(i.elog_port_init)
    elog_port_output                         0x08004495   Thumb Code    14  elog_port.o(i.elog_port_output)
    elog_port_output_lock                    0x080044a9   Thumb Code    12  elog_port.o(i.elog_port_output_lock)
    elog_port_output_unlock                  0x080044b9   Thumb Code     8  elog_port.o(i.elog_port_output_unlock)
    elog_set_filter_lvl                      0x080044c5   Thumb Code    64  elog.o(i.elog_set_filter_lvl)
    elog_set_fmt                             0x0800457d   Thumb Code    72  elog.o(i.elog_set_fmt)
    elog_start                               0x0800463d   Thumb Code    48  elog.o(i.elog_start)
    elog_strcpy                              0x080046d1   Thumb Code   148  elog_utils.o(i.elog_strcpy)
    main                                     0x08004891   Thumb Code    34  main.o(i.main)
    osDelay                                  0x080048b3   Thumb Code    26  cmsis_os2.o(i.osDelay)
    osKernelInitialize                       0x080048cd   Thumb Code    32  cmsis_os2.o(i.osKernelInitialize)
    osKernelStart                            0x080048f1   Thumb Code    48  cmsis_os2.o(i.osKernelStart)
    osSemaphoreAcquire                       0x08004929   Thumb Code    88  cmsis_os2.o(i.osSemaphoreAcquire)
    osSemaphoreNew                           0x08004985   Thumb Code   152  cmsis_os2.o(i.osSemaphoreNew)
    osSemaphoreRelease                       0x08004a1d   Thumb Code    82  cmsis_os2.o(i.osSemaphoreRelease)
    osThreadNew                              0x08004a75   Thumb Code   138  cmsis_os2.o(i.osThreadNew)
    osThreadTerminate                        0x08004aff   Thumb Code    52  cmsis_os2.o(i.osThreadTerminate)
    pvPortMalloc                             0x080052cd   Thumb Code   216  heap_4.o(i.pvPortMalloc)
    pvTaskIncrementMutexHeldCount            0x080053a9   Thumb Code    18  tasks.o(i.pvTaskIncrementMutexHeldCount)
    pxPortInitialiseStack                    0x080053c1   Thumb Code    40  port.o(i.pxPortInitialiseStack)
    uxListRemove                             0x080053ed   Thumb Code    38  list.o(i.uxListRemove)
    vApplicationGetIdleTaskMemory            0x08005415   Thumb Code    16  cmsis_os2.o(i.vApplicationGetIdleTaskMemory)
    vApplicationGetTimerTaskMemory           0x08005429   Thumb Code    18  cmsis_os2.o(i.vApplicationGetTimerTaskMemory)
    vListInitialise                          0x08005441   Thumb Code    22  list.o(i.vListInitialise)
    vListInitialiseItem                      0x08005457   Thumb Code     6  list.o(i.vListInitialiseItem)
    vListInsert                              0x0800545d   Thumb Code    48  list.o(i.vListInsert)
    vListInsertEnd                           0x0800548d   Thumb Code    24  list.o(i.vListInsertEnd)
    vPortEnterCritical                       0x080054a5   Thumb Code    54  port.o(i.vPortEnterCritical)
    vPortExitCritical                        0x080054e5   Thumb Code    34  port.o(i.vPortExitCritical)
    vPortFree                                0x0800550d   Thumb Code    94  heap_4.o(i.vPortFree)
    vPortSetupTimerInterrupt                 0x08005571   Thumb Code    32  port.o(i.vPortSetupTimerInterrupt)
    vPortValidateInterruptPriority           0x08005595   Thumb Code    74  port.o(i.vPortValidateInterruptPriority)
    vQueueAddToRegistry                      0x080055e9   Thumb Code    34  queue.o(i.vQueueAddToRegistry)
    vQueueDelete                             0x08005611   Thumb Code    46  queue.o(i.vQueueDelete)
    vQueueUnregisterQueue                    0x08005641   Thumb Code    36  queue.o(i.vQueueUnregisterQueue)
    vQueueWaitForMessageRestricted           0x08005669   Thumb Code    68  queue.o(i.vQueueWaitForMessageRestricted)
    vTaskDelay                               0x080056ad   Thumb Code    66  tasks.o(i.vTaskDelay)
    vTaskDelete                              0x080056f9   Thumb Code   130  tasks.o(i.vTaskDelete)
    vTaskInternalSetTimeOutState             0x08005789   Thumb Code    12  tasks.o(i.vTaskInternalSetTimeOutState)
    vTaskMissedYield                         0x08005799   Thumb Code     8  tasks.o(i.vTaskMissedYield)
    vTaskPlaceOnEventList                    0x080057a5   Thumb Code    44  tasks.o(i.vTaskPlaceOnEventList)
    vTaskPlaceOnEventListRestricted          0x080057d5   Thumb Code    52  tasks.o(i.vTaskPlaceOnEventListRestricted)
    vTaskPriorityDisinheritAfterTimeout      0x0800580d   Thumb Code   134  tasks.o(i.vTaskPriorityDisinheritAfterTimeout)
    vTaskStartScheduler                      0x0800589d   Thumb Code   118  tasks.o(i.vTaskStartScheduler)
    vTaskSuspendAll                          0x08005925   Thumb Code    10  tasks.o(i.vTaskSuspendAll)
    vTaskSwitchContext                       0x08005935   Thumb Code    90  tasks.o(i.vTaskSwitchContext)
    xPortStartScheduler                      0x08005999   Thumb Code   222  port.o(i.xPortStartScheduler)
    xPortSysTickHandler                      0x08005a8d   Thumb Code    38  port.o(i.xPortSysTickHandler)
    xQueueCreateCountingSemaphore            0x08005ab9   Thumb Code    58  queue.o(i.xQueueCreateCountingSemaphore)
    xQueueCreateCountingSemaphoreStatic      0x08005af3   Thumb Code    64  queue.o(i.xQueueCreateCountingSemaphoreStatic)
    xQueueGenericCreate                      0x08005b33   Thumb Code    66  queue.o(i.xQueueGenericCreate)
    xQueueGenericCreateStatic                0x08005b75   Thumb Code   102  queue.o(i.xQueueGenericCreateStatic)
    xQueueGenericReset                       0x08005bdd   Thumb Code   132  queue.o(i.xQueueGenericReset)
    xQueueGenericSend                        0x08005c65   Thumb Code   346  queue.o(i.xQueueGenericSend)
    xQueueGenericSendFromISR                 0x08005dc5   Thumb Code   190  queue.o(i.xQueueGenericSendFromISR)
    xQueueGiveFromISR                        0x08005e83   Thumb Code   156  queue.o(i.xQueueGiveFromISR)
    xQueueReceive                            0x08005f21   Thumb Code   308  queue.o(i.xQueueReceive)
    xQueueReceiveFromISR                     0x08006059   Thumb Code   154  queue.o(i.xQueueReceiveFromISR)
    xQueueSemaphoreTake                      0x080060f5   Thumb Code   372  queue.o(i.xQueueSemaphoreTake)
    xTaskCheckForTimeOut                     0x0800626d   Thumb Code   112  tasks.o(i.xTaskCheckForTimeOut)
    xTaskCreate                              0x080062e1   Thumb Code    90  tasks.o(i.xTaskCreate)
    xTaskCreateStatic                        0x08006341   Thumb Code    86  tasks.o(i.xTaskCreateStatic)
    xTaskGetSchedulerState                   0x08006399   Thumb Code    22  tasks.o(i.xTaskGetSchedulerState)
    xTaskGetTickCount                        0x080063b5   Thumb Code     6  tasks.o(i.xTaskGetTickCount)
    xTaskIncrementTick                       0x080063c1   Thumb Code   192  tasks.o(i.xTaskIncrementTick)
    xTaskPriorityDisinherit                  0x08006489   Thumb Code   118  tasks.o(i.xTaskPriorityDisinherit)
    xTaskPriorityInherit                     0x08006509   Thumb Code   112  tasks.o(i.xTaskPriorityInherit)
    xTaskRemoveFromEventList                 0x08006581   Thumb Code    98  tasks.o(i.xTaskRemoveFromEventList)
    xTaskResumeAll                           0x080065f1   Thumb Code   182  tasks.o(i.xTaskResumeAll)
    xTimerCreateTimerTask                    0x080066b5   Thumb Code    78  timers.o(i.xTimerCreateTimerTask)
    xTimerGenericCommand                     0x08006715   Thumb Code    98  timers.o(i.xTimerGenericCommand)
    _get_lc_numeric                          0x0800677d   Thumb Code    44  lc_numeric_c.o(locale$$code)
    _get_lc_ctype                            0x080067a9   Thumb Code    44  lc_ctype_c.o(locale$$code)
    _fp_init                                 0x080067d5   Thumb Code    10  fpinit.o(x$fpl$fpinit)
    __fplib_config_fpu_vfp                   0x080067dd   Thumb Code     0  fpinit.o(x$fpl$fpinit)
    __fplib_config_pureend_doubles           0x080067dd   Thumb Code     0  fpinit.o(x$fpl$fpinit)
    _printf_fp_dec                           0x080067df   Thumb Code     4  printf1.o(x$fpl$printf1)
    _printf_fp_hex                           0x080067e3   Thumb Code     4  printf2.o(x$fpl$printf2)
    __I$use$fp                               0x080067e6   Number         0  usenofp.o(x$fpl$usenofp)
    led_task_attributes                      0x080067e8   Data          36  freertos.o(.constdata)
    elogTask_attributes                      0x0800680c   Data          36  freertos.o(.constdata)
    AHBPrescTable                            0x0800685c   Data          16  system_stm32l4xx.o(.constdata)
    MSIRangeTable                            0x0800686c   Data          48  system_stm32l4xx.o(.constdata)
    APBPrescTable                            0x0800689c   Data           8  system_stm32l4xx.o(.constdata)
    Region$$Table$$Base                      0x08006b08   Number         0  anon$$obj.o(Region$$Table)
    Region$$Table$$Limit                     0x08006b28   Number         0  anon$$obj.o(Region$$Table)
    __ctype                                  0x08006b51   Data           0  lc_ctype_c.o(locale$$data)
    elog_lockHandle                          0x20000000   Data           4  freertos.o(.data)
    elog_asyncHandle                         0x20000004   Data           4  freertos.o(.data)
    led_taskHandle                           0x20000008   Data           4  freertos.o(.data)
    elogTaskHandle                           0x2000000c   Data           4  freertos.o(.data)
    uwTickFreq                               0x20000010   Data           1  stm32l4xx_hal.o(.data)
    uwTickPrio                               0x20000014   Data           4  stm32l4xx_hal.o(.data)
    uwTick                                   0x20000018   Data           4  stm32l4xx_hal.o(.data)
    SystemCoreClock                          0x2000001c   Data           4  system_stm32l4xx.o(.data)
    pxCurrentTCB                             0x20000020   Data           4  tasks.o(.data)
    elog_assert_hook                         0x200000a0   Data           4  elog.o(.data)
    huart2                                   0x20000180   Data         132  usart.o(.bss)
    htim16                                   0x20000204   Data          76  stm32l4xx_hal_timebase_tim.o(.bss)
    xQueueRegistry                           0x20000250   Data          64  queue.o(.bss)
    __libspace_start                         0x2000257c   Data          96  libspace.o(.bss)
    __temporary_stack_top$libspace           0x200025dc   Data           0  libspace.o(.bss)



==============================================================================

Memory Map of the image

  Image Entry point : 0x0800018d

  Load Region LR_IROM1 (Base: 0x08000000, Size: 0x00006d34, Max: 0x00040000, ABSOLUTE)

    Execution Region ER_IROM1 (Exec base: 0x08000000, Load base: 0x08000000, Size: 0x00006c54, Max: 0x00040000, ABSOLUTE)

    Exec Addr    Load Addr    Size         Type   Attr      Idx    E Section Name        Object

    0x08000000   0x08000000   0x0000018c   Data   RO            3    RESET               startup_stm32l431xx.o
    0x0800018c   0x0800018c   0x00000008   Code   RO         5572  * !!!main             c_w.l(__main.o)
    0x08000194   0x08000194   0x00000034   Code   RO         5855    !!!scatter          c_w.l(__scatter.o)
    0x080001c8   0x080001c8   0x0000001a   Code   RO         5857    !!handler_copy      c_w.l(__scatter_copy.o)
    0x080001e2   0x080001e2   0x00000002   PAD
    0x080001e4   0x080001e4   0x0000001c   Code   RO         5859    !!handler_zi        c_w.l(__scatter_zi.o)
    0x08000200   0x08000200   0x00000000   Code   RO         5549    .ARM.Collect$$_printf_percent$$00000000  c_w.l(_printf_percent.o)
    0x08000200   0x08000200   0x00000006   Code   RO         5604    .ARM.Collect$$_printf_percent$$00000001  c_w.l(_printf_n.o)
    0x08000206   0x08000206   0x00000006   Code   RO         5605    .ARM.Collect$$_printf_percent$$00000002  c_w.l(_printf_p.o)
    0x0800020c   0x0800020c   0x00000006   Code   RO         5609    .ARM.Collect$$_printf_percent$$00000003  c_w.l(_printf_f.o)
    0x08000212   0x08000212   0x00000006   Code   RO         5610    .ARM.Collect$$_printf_percent$$00000004  c_w.l(_printf_e.o)
    0x08000218   0x08000218   0x00000006   Code   RO         5611    .ARM.Collect$$_printf_percent$$00000005  c_w.l(_printf_g.o)
    0x0800021e   0x0800021e   0x00000006   Code   RO         5612    .ARM.Collect$$_printf_percent$$00000006  c_w.l(_printf_a.o)
    0x08000224   0x08000224   0x0000000a   Code   RO         5617    .ARM.Collect$$_printf_percent$$00000007  c_w.l(_printf_ll.o)
    0x0800022e   0x0800022e   0x00000006   Code   RO         5607    .ARM.Collect$$_printf_percent$$00000008  c_w.l(_printf_i.o)
    0x08000234   0x08000234   0x00000006   Code   RO         5548    .ARM.Collect$$_printf_percent$$00000009  c_w.l(_printf_d.o)
    0x0800023a   0x0800023a   0x00000006   Code   RO         5608    .ARM.Collect$$_printf_percent$$0000000A  c_w.l(_printf_u.o)
    0x08000240   0x08000240   0x00000006   Code   RO         5606    .ARM.Collect$$_printf_percent$$0000000B  c_w.l(_printf_o.o)
    0x08000246   0x08000246   0x00000006   Code   RO         5547    .ARM.Collect$$_printf_percent$$0000000C  c_w.l(_printf_x.o)
    0x0800024c   0x0800024c   0x00000006   Code   RO         5614    .ARM.Collect$$_printf_percent$$0000000D  c_w.l(_printf_lli.o)
    0x08000252   0x08000252   0x00000006   Code   RO         5615    .ARM.Collect$$_printf_percent$$0000000E  c_w.l(_printf_lld.o)
    0x08000258   0x08000258   0x00000006   Code   RO         5616    .ARM.Collect$$_printf_percent$$0000000F  c_w.l(_printf_llu.o)
    0x0800025e   0x0800025e   0x00000006   Code   RO         5621    .ARM.Collect$$_printf_percent$$00000010  c_w.l(_printf_llo.o)
    0x08000264   0x08000264   0x00000006   Code   RO         5622    .ARM.Collect$$_printf_percent$$00000011  c_w.l(_printf_llx.o)
    0x0800026a   0x0800026a   0x0000000a   Code   RO         5618    .ARM.Collect$$_printf_percent$$00000012  c_w.l(_printf_l.o)
    0x08000274   0x08000274   0x00000006   Code   RO         5545    .ARM.Collect$$_printf_percent$$00000013  c_w.l(_printf_c.o)
    0x0800027a   0x0800027a   0x00000006   Code   RO         5546    .ARM.Collect$$_printf_percent$$00000014  c_w.l(_printf_s.o)
    0x08000280   0x08000280   0x00000006   Code   RO         5619    .ARM.Collect$$_printf_percent$$00000015  c_w.l(_printf_lc.o)
    0x08000286   0x08000286   0x00000006   Code   RO         5620    .ARM.Collect$$_printf_percent$$00000016  c_w.l(_printf_ls.o)
    0x0800028c   0x0800028c   0x00000004   Code   RO         5613    .ARM.Collect$$_printf_percent$$00000017  c_w.l(_printf_percent_end.o)
    0x08000290   0x08000290   0x00000002   Code   RO         5713    .ARM.Collect$$libinit$$00000000  c_w.l(libinit.o)
    0x08000292   0x08000292   0x00000004   Code   RO         5735    .ARM.Collect$$libinit$$00000001  c_w.l(libinit2.o)
    0x08000296   0x08000296   0x00000000   Code   RO         5738    .ARM.Collect$$libinit$$00000004  c_w.l(libinit2.o)
    0x08000296   0x08000296   0x00000000   Code   RO         5741    .ARM.Collect$$libinit$$0000000A  c_w.l(libinit2.o)
    0x08000296   0x08000296   0x00000000   Code   RO         5743    .ARM.Collect$$libinit$$0000000C  c_w.l(libinit2.o)
    0x08000296   0x08000296   0x00000000   Code   RO         5745    .ARM.Collect$$libinit$$0000000E  c_w.l(libinit2.o)
    0x08000296   0x08000296   0x00000006   Code   RO         5746    .ARM.Collect$$libinit$$0000000F  c_w.l(libinit2.o)
    0x0800029c   0x0800029c   0x00000000   Code   RO         5748    .ARM.Collect$$libinit$$00000011  c_w.l(libinit2.o)
    0x0800029c   0x0800029c   0x0000000c   Code   RO         5749    .ARM.Collect$$libinit$$00000012  c_w.l(libinit2.o)
    0x080002a8   0x080002a8   0x00000000   Code   RO         5750    .ARM.Collect$$libinit$$00000013  c_w.l(libinit2.o)
    0x080002a8   0x080002a8   0x00000000   Code   RO         5752    .ARM.Collect$$libinit$$00000015  c_w.l(libinit2.o)
    0x080002a8   0x080002a8   0x0000000a   Code   RO         5753    .ARM.Collect$$libinit$$00000016  c_w.l(libinit2.o)
    0x080002b2   0x080002b2   0x00000000   Code   RO         5754    .ARM.Collect$$libinit$$00000017  c_w.l(libinit2.o)
    0x080002b2   0x080002b2   0x00000000   Code   RO         5756    .ARM.Collect$$libinit$$00000019  c_w.l(libinit2.o)
    0x080002b2   0x080002b2   0x00000000   Code   RO         5758    .ARM.Collect$$libinit$$0000001B  c_w.l(libinit2.o)
    0x080002b2   0x080002b2   0x00000000   Code   RO         5760    .ARM.Collect$$libinit$$0000001D  c_w.l(libinit2.o)
    0x080002b2   0x080002b2   0x00000000   Code   RO         5762    .ARM.Collect$$libinit$$0000001F  c_w.l(libinit2.o)
    0x080002b2   0x080002b2   0x00000000   Code   RO         5764    .ARM.Collect$$libinit$$00000021  c_w.l(libinit2.o)
    0x080002b2   0x080002b2   0x00000000   Code   RO         5766    .ARM.Collect$$libinit$$00000023  c_w.l(libinit2.o)
    0x080002b2   0x080002b2   0x00000000   Code   RO         5768    .ARM.Collect$$libinit$$00000025  c_w.l(libinit2.o)
    0x080002b2   0x080002b2   0x00000000   Code   RO         5772    .ARM.Collect$$libinit$$0000002C  c_w.l(libinit2.o)
    0x080002b2   0x080002b2   0x00000000   Code   RO         5774    .ARM.Collect$$libinit$$0000002E  c_w.l(libinit2.o)
    0x080002b2   0x080002b2   0x00000000   Code   RO         5776    .ARM.Collect$$libinit$$00000030  c_w.l(libinit2.o)
    0x080002b2   0x080002b2   0x00000000   Code   RO         5778    .ARM.Collect$$libinit$$00000032  c_w.l(libinit2.o)
    0x080002b2   0x080002b2   0x00000002   Code   RO         5779    .ARM.Collect$$libinit$$00000033  c_w.l(libinit2.o)
    0x080002b4   0x080002b4   0x00000002   Code   RO         5810    .ARM.Collect$$libshutdown$$00000000  c_w.l(libshutdown.o)
    0x080002b6   0x080002b6   0x00000000   Code   RO         5836    .ARM.Collect$$libshutdown$$00000002  c_w.l(libshutdown2.o)
    0x080002b6   0x080002b6   0x00000000   Code   RO         5838    .ARM.Collect$$libshutdown$$00000004  c_w.l(libshutdown2.o)
    0x080002b6   0x080002b6   0x00000000   Code   RO         5840    .ARM.Collect$$libshutdown$$00000006  c_w.l(libshutdown2.o)
    0x080002b6   0x080002b6   0x00000000   Code   RO         5843    .ARM.Collect$$libshutdown$$00000009  c_w.l(libshutdown2.o)
    0x080002b6   0x080002b6   0x00000000   Code   RO         5846    .ARM.Collect$$libshutdown$$0000000C  c_w.l(libshutdown2.o)
    0x080002b6   0x080002b6   0x00000000   Code   RO         5848    .ARM.Collect$$libshutdown$$0000000E  c_w.l(libshutdown2.o)
    0x080002b6   0x080002b6   0x00000000   Code   RO         5851    .ARM.Collect$$libshutdown$$00000011  c_w.l(libshutdown2.o)
    0x080002b6   0x080002b6   0x00000002   Code   RO         5852    .ARM.Collect$$libshutdown$$00000012  c_w.l(libshutdown2.o)
    0x080002b8   0x080002b8   0x00000000   Code   RO         5574    .ARM.Collect$$rtentry$$00000000  c_w.l(__rtentry.o)
    0x080002b8   0x080002b8   0x00000000   Code   RO         5634    .ARM.Collect$$rtentry$$00000002  c_w.l(__rtentry2.o)
    0x080002b8   0x080002b8   0x00000006   Code   RO         5646    .ARM.Collect$$rtentry$$00000004  c_w.l(__rtentry4.o)
    0x080002be   0x080002be   0x00000000   Code   RO         5636    .ARM.Collect$$rtentry$$00000009  c_w.l(__rtentry2.o)
    0x080002be   0x080002be   0x00000004   Code   RO         5637    .ARM.Collect$$rtentry$$0000000A  c_w.l(__rtentry2.o)
    0x080002c2   0x080002c2   0x00000000   Code   RO         5639    .ARM.Collect$$rtentry$$0000000C  c_w.l(__rtentry2.o)
    0x080002c2   0x080002c2   0x00000008   Code   RO         5640    .ARM.Collect$$rtentry$$0000000D  c_w.l(__rtentry2.o)
    0x080002ca   0x080002ca   0x00000002   Code   RO         5722    .ARM.Collect$$rtexit$$00000000  c_w.l(rtexit.o)
    0x080002cc   0x080002cc   0x00000000   Code   RO         5783    .ARM.Collect$$rtexit$$00000002  c_w.l(rtexit2.o)
    0x080002cc   0x080002cc   0x00000004   Code   RO         5784    .ARM.Collect$$rtexit$$00000003  c_w.l(rtexit2.o)
    0x080002d0   0x080002d0   0x00000006   Code   RO         5785    .ARM.Collect$$rtexit$$00000004  c_w.l(rtexit2.o)
    0x080002d6   0x080002d6   0x00000002   PAD
    0x080002d8   0x080002d8   0x000000de   Code   RO         5064    .emb_text           port.o
    0x080003b6   0x080003b6   0x00000002   PAD
    0x080003b8   0x080003b8   0x00000040   Code   RO            4    .text               startup_stm32l431xx.o
    0x080003f8   0x080003f8   0x000000ee   Code   RO         5488    .text               c_w.l(lludivv7m.o)
    0x080004e6   0x080004e6   0x00000002   PAD
    0x080004e8   0x080004e8   0x00000034   Code   RO         5490    .text               c_w.l(vsnprintf.o)
    0x0800051c   0x0800051c   0x00000038   Code   RO         5492    .text               c_w.l(__2snprintf.o)
    0x08000554   0x08000554   0x0000004e   Code   RO         5498    .text               c_w.l(_printf_pad.o)
    0x080005a2   0x080005a2   0x00000052   Code   RO         5500    .text               c_w.l(_printf_str.o)
    0x080005f4   0x080005f4   0x00000078   Code   RO         5502    .text               c_w.l(_printf_dec.o)
    0x0800066c   0x0800066c   0x00000094   Code   RO         5522    .text               c_w.l(_printf_hex_int_ll_ptr.o)
    0x08000700   0x08000700   0x0000018e   Code   RO         5542    .text               c_w.l(__printf_flags_ss_wp.o)
    0x0800088e   0x0800088e   0x00000024   Code   RO         5550    .text               c_w.l(strstr.o)
    0x080008b2   0x080008b2   0x0000003e   Code   RO         5552    .text               c_w.l(strlen.o)
    0x080008f0   0x080008f0   0x00000096   Code   RO         5556    .text               c_w.l(strncmp.o)
    0x08000986   0x08000986   0x0000008a   Code   RO         5558    .text               c_w.l(rt_memcpy_v6.o)
    0x08000a10   0x08000a10   0x00000010   Code   RO         5562    .text               c_w.l(aeabi_memset.o)
    0x08000a20   0x08000a20   0x00000044   Code   RO         5564    .text               c_w.l(rt_memclr.o)
    0x08000a64   0x08000a64   0x0000004e   Code   RO         5566    .text               c_w.l(rt_memclr_w.o)
    0x08000ab2   0x08000ab2   0x00000006   Code   RO         5570    .text               c_w.l(heapauxi.o)
    0x08000ab8   0x08000ab8   0x00000024   Code   RO         5579    .text               c_w.l(_printf_truncate.o)
    0x08000adc   0x08000adc   0x000000b2   Code   RO         5581    .text               c_w.l(_printf_intcommon.o)
    0x08000b8e   0x08000b8e   0x00000028   Code   RO         5583    .text               c_w.l(_printf_charcount.o)
    0x08000bb6   0x08000bb6   0x00000002   PAD
    0x08000bb8   0x08000bb8   0x00000030   Code   RO         5585    .text               c_w.l(_printf_char_common.o)
    0x08000be8   0x08000be8   0x0000000a   Code   RO         5587    .text               c_w.l(_sputc.o)
    0x08000bf2   0x08000bf2   0x00000010   Code   RO         5589    .text               c_w.l(_snputc.o)
    0x08000c02   0x08000c02   0x0000002c   Code   RO         5591    .text               c_w.l(_printf_char.o)
    0x08000c2e   0x08000c2e   0x00000002   PAD
    0x08000c30   0x08000c30   0x000000c2   Code   RO         5593    .text               c_w.l(_printf_wctomb.o)
    0x08000cf2   0x08000cf2   0x00000002   PAD
    0x08000cf4   0x08000cf4   0x0000007c   Code   RO         5596    .text               c_w.l(_printf_longlong_dec.o)
    0x08000d70   0x08000d70   0x00000070   Code   RO         5602    .text               c_w.l(_printf_oct_int_ll.o)
    0x08000de0   0x08000de0   0x00000064   Code   RO         5623    .text               c_w.l(rt_memcpy_w.o)
    0x08000e44   0x08000e44   0x0000008a   Code   RO         5650    .text               c_w.l(lludiv10.o)
    0x08000ece   0x08000ece   0x00000424   Code   RO         5652    .text               c_w.l(_printf_fp_dec.o)
    0x080012f2   0x080012f2   0x00000002   PAD
    0x080012f4   0x080012f4   0x00000302   Code   RO         5654    .text               c_w.l(_printf_fp_hex.o)
    0x080015f6   0x080015f6   0x0000002c   Code   RO         5659    .text               c_w.l(_printf_wchar.o)
    0x08001622   0x08001622   0x00000040   Code   RO         5661    .text               c_w.l(_wcrtomb.o)
    0x08001662   0x08001662   0x0000004a   Code   RO         5663    .text               c_w.l(sys_stackheap_outer.o)
    0x080016ac   0x080016ac   0x00000010   Code   RO         5665    .text               c_w.l(rt_ctype_table.o)
    0x080016bc   0x080016bc   0x00000008   Code   RO         5670    .text               c_w.l(rt_locale_intlibspace.o)
    0x080016c4   0x080016c4   0x00000080   Code   RO         5672    .text               c_w.l(_printf_fp_infnan.o)
    0x08001744   0x08001744   0x000000e4   Code   RO         5674    .text               c_w.l(bigflt0.o)
    0x08001828   0x08001828   0x00000012   Code   RO         5702    .text               c_w.l(exit.o)
    0x0800183a   0x0800183a   0x00000002   PAD
    0x0800183c   0x0800183c   0x00000008   Code   RO         5719    .text               c_w.l(libspace.o)
    0x08001844   0x08001844   0x00000080   Code   RO         5733    .text               c_w.l(strcmpv7m.o)
    0x080018c4   0x080018c4   0x0000000c   Code   RO         5780    .text               c_w.l(sys_exit.o)
    0x080018d0   0x080018d0   0x00000002   Code   RO         5799    .text               c_w.l(use_no_semi.o)
    0x080018d2   0x080018d2   0x00000000   Code   RO         5801    .text               c_w.l(indicate_semi.o)
    0x080018d2   0x080018d2   0x0000003e   Code   RO         5677    CL$$btod_d2e        c_w.l(btod.o)
    0x08001910   0x08001910   0x00000046   Code   RO         5679    CL$$btod_d2e_denorm_low  c_w.l(btod.o)
    0x08001956   0x08001956   0x00000060   Code   RO         5678    CL$$btod_d2e_norm_op1  c_w.l(btod.o)
    0x080019b6   0x080019b6   0x00000338   Code   RO         5687    CL$$btod_div_common  c_w.l(btod.o)
    0x08001cee   0x08001cee   0x000000dc   Code   RO         5684    CL$$btod_e2e        c_w.l(btod.o)
    0x08001dca   0x08001dca   0x0000002a   Code   RO         5681    CL$$btod_ediv       c_w.l(btod.o)
    0x08001df4   0x08001df4   0x0000002a   Code   RO         5680    CL$$btod_emul       c_w.l(btod.o)
    0x08001e1e   0x08001e1e   0x00000244   Code   RO         5686    CL$$btod_mult_common  c_w.l(btod.o)
    0x08002062   0x08002062   0x00000002   Code   RO          325    i.BusFault_Handler  stm32l4xx_it.o
    0x08002064   0x08002064   0x00000002   Code   RO          326    i.DebugMon_Handler  stm32l4xx_it.o
    0x08002066   0x08002066   0x00000004   Code   RO           13    i.Error_Handler     main.o
    0x0800206a   0x0800206a   0x00000002   PAD
    0x0800206c   0x0800206c   0x000001d6   Code   RO         1182    i.HAL_GPIO_Init     stm32l4xx_hal_gpio.o
    0x08002242   0x08002242   0x00000010   Code   RO         1185    i.HAL_GPIO_TogglePin  stm32l4xx_hal_gpio.o
    0x08002252   0x08002252   0x0000000a   Code   RO         1186    i.HAL_GPIO_WritePin  stm32l4xx_hal_gpio.o
    0x0800225c   0x0800225c   0x0000000c   Code   RO          463    i.HAL_GetTick       stm32l4xx_hal.o
    0x08002268   0x08002268   0x00000010   Code   RO          469    i.HAL_IncTick       stm32l4xx_hal.o
    0x08002278   0x08002278   0x0000001e   Code   RO          470    i.HAL_Init          stm32l4xx_hal.o
    0x08002296   0x08002296   0x00000002   PAD
    0x08002298   0x08002298   0x0000008c   Code   RO          413    i.HAL_InitTick      stm32l4xx_hal_timebase_tim.o
    0x08002324   0x08002324   0x00000034   Code   RO          389    i.HAL_MspInit       stm32l4xx_hal_msp.o
    0x08002358   0x08002358   0x0000001a   Code   RO         1669    i.HAL_NVIC_EnableIRQ  stm32l4xx_hal_cortex.o
    0x08002372   0x08002372   0x00000002   PAD
    0x08002374   0x08002374   0x00000040   Code   RO         1675    i.HAL_NVIC_SetPriority  stm32l4xx_hal_cortex.o
    0x080023b4   0x080023b4   0x00000024   Code   RO         1676    i.HAL_NVIC_SetPriorityGrouping  stm32l4xx_hal_cortex.o
    0x080023d8   0x080023d8   0x00000068   Code   RO         1473    i.HAL_PWREx_ControlVoltageScaling  stm32l4xx_hal_pwr_ex.o
    0x08002440   0x08002440   0x00000010   Code   RO         1496    i.HAL_PWREx_GetVoltageRange  stm32l4xx_hal_pwr_ex.o
    0x08002450   0x08002450   0x000002ba   Code   RO          815    i.HAL_RCCEx_PeriphCLKConfig  stm32l4xx_hal_rcc_ex.o
    0x0800270a   0x0800270a   0x00000002   PAD
    0x0800270c   0x0800270c   0x00000144   Code   RO          687    i.HAL_RCC_ClockConfig  stm32l4xx_hal_rcc.o
    0x08002850   0x08002850   0x00000040   Code   RO          690    i.HAL_RCC_GetClockConfig  stm32l4xx_hal_rcc.o
    0x08002890   0x08002890   0x00000024   Code   RO          693    i.HAL_RCC_GetPCLK1Freq  stm32l4xx_hal_rcc.o
    0x080028b4   0x080028b4   0x00000024   Code   RO          694    i.HAL_RCC_GetPCLK2Freq  stm32l4xx_hal_rcc.o
    0x080028d8   0x080028d8   0x000000a4   Code   RO          696    i.HAL_RCC_GetSysClockFreq  stm32l4xx_hal_rcc.o
    0x0800297c   0x0800297c   0x00000560   Code   RO          699    i.HAL_RCC_OscConfig  stm32l4xx_hal_rcc.o
    0x08002edc   0x08002edc   0x00000002   Code   RO         2587    i.HAL_TIMEx_Break2Callback  stm32l4xx_hal_tim_ex.o
    0x08002ede   0x08002ede   0x00000002   Code   RO         2588    i.HAL_TIMEx_BreakCallback  stm32l4xx_hal_tim_ex.o
    0x08002ee0   0x08002ee0   0x00000002   Code   RO         2589    i.HAL_TIMEx_CommutCallback  stm32l4xx_hal_tim_ex.o
    0x08002ee2   0x08002ee2   0x00000062   Code   RO         1873    i.HAL_TIM_Base_Init  stm32l4xx_hal_tim.o
    0x08002f44   0x08002f44   0x00000002   Code   RO         1875    i.HAL_TIM_Base_MspInit  stm32l4xx_hal_tim.o
    0x08002f46   0x08002f46   0x00000002   PAD
    0x08002f48   0x08002f48   0x00000058   Code   RO         1878    i.HAL_TIM_Base_Start_IT  stm32l4xx_hal_tim.o
    0x08002fa0   0x08002fa0   0x00000002   Code   RO         1907    i.HAL_TIM_IC_CaptureCallback  stm32l4xx_hal_tim.o
    0x08002fa2   0x08002fa2   0x00000184   Code   RO         1921    i.HAL_TIM_IRQHandler  stm32l4xx_hal_tim.o
    0x08003126   0x08003126   0x00000002   Code   RO         1924    i.HAL_TIM_OC_DelayElapsedCallback  stm32l4xx_hal_tim.o
    0x08003128   0x08003128   0x00000002   Code   RO         1951    i.HAL_TIM_PWM_PulseFinishedCallback  stm32l4xx_hal_tim.o
    0x0800312a   0x0800312a   0x00000002   PAD
    0x0800312c   0x0800312c   0x00000014   Code   RO           14    i.HAL_TIM_PeriodElapsedCallback  main.o
    0x08003140   0x08003140   0x00000002   Code   RO         1964    i.HAL_TIM_TriggerCallback  stm32l4xx_hal_tim.o
    0x08003142   0x08003142   0x00000066   Code   RO         2901    i.HAL_UART_Init     stm32l4xx_hal_uart.o
    0x080031a8   0x080031a8   0x00000078   Code   RO          284    i.HAL_UART_MspInit  usart.o
    0x08003220   0x08003220   0x000000b6   Code   RO         2910    i.HAL_UART_Transmit  stm32l4xx_hal_uart.o
    0x080032d6   0x080032d6   0x00000002   Code   RO          327    i.HardFault_Handler  stm32l4xx_it.o
    0x080032d8   0x080032d8   0x00000070   Code   RO          233    i.LED_TASK          freertos.o
    0x08003348   0x08003348   0x00000068   Code   RO          234    i.MX_FREERTOS_Init  freertos.o
    0x080033b0   0x080033b0   0x00000070   Code   RO          209    i.MX_GPIO_Init      gpio.o
    0x08003420   0x08003420   0x0000003c   Code   RO          285    i.MX_USART2_UART_Init  usart.o
    0x0800345c   0x0800345c   0x00000002   Code   RO          328    i.MemManage_Handler  stm32l4xx_it.o
    0x0800345e   0x0800345e   0x00000002   Code   RO          329    i.NMI_Handler       stm32l4xx_it.o
    0x08003460   0x08003460   0x0000012c   Code   RO          819    i.RCCEx_PLLSAI1_Config  stm32l4xx_hal_rcc_ex.o
    0x0800358c   0x0800358c   0x0000007c   Code   RO          700    i.RCC_SetFlashLatencyFromMSIRange  stm32l4xx_hal_rcc.o
    0x08003608   0x08003608   0x0000001a   Code   RO         4496    i.SysTick_Handler   cmsis_os2.o
    0x08003622   0x08003622   0x0000006e   Code   RO           15    i.SystemClock_Config  main.o
    0x08003690   0x08003690   0x00000010   Code   RO         3349    i.SystemInit        system_stm32l4xx.o
    0x080036a0   0x080036a0   0x0000000c   Code   RO          330    i.TIM1_UP_TIM16_IRQHandler  stm32l4xx_it.o
    0x080036ac   0x080036ac   0x0000006c   Code   RO         1966    i.TIM_Base_SetConfig  stm32l4xx_hal_tim.o
    0x08003718   0x08003718   0x00000044   Code   RO         5144    i.ThreadElog        elog_port.o
    0x0800375c   0x0800375c   0x000000c8   Code   RO         2915    i.UART_AdvFeatureConfig  stm32l4xx_hal_uart.o
    0x08003824   0x08003824   0x0000005c   Code   RO         2916    i.UART_CheckIdleState  stm32l4xx_hal_uart.o
    0x08003880   0x08003880   0x00000200   Code   RO         2931    i.UART_SetConfig    stm32l4xx_hal_uart.o
    0x08003a80   0x08003a80   0x000000c6   Code   RO         2936    i.UART_WaitOnFlagUntilTimeout  stm32l4xx_hal_uart.o
    0x08003b46   0x08003b46   0x00000002   Code   RO          331    i.UsageFault_Handler  stm32l4xx_it.o
    0x08003b48   0x08003b48   0x00000030   Code   RO         5717    i.__ARM_fpclassify  m_wm.l(fpclassify.o)
    0x08003b78   0x08003b78   0x00000020   Code   RO         1682    i.__NVIC_SetPriority  stm32l4xx_hal_cortex.o
    0x08003b98   0x08003b98   0x0000000e   Code   RO         5535    i._is_digit         c_w.l(__printf_wp.o)
    0x08003ba6   0x08003ba6   0x0000003e   Code   RO           16    i.agi_log_init      main.o
    0x08003be4   0x08003be4   0x00000078   Code   RO         5406    i.async_put_log     elog_async.o
    0x08003c5c   0x08003c5c   0x00000074   Code   RO         3955    i.eTaskGetState     tasks.o
    0x08003cd0   0x08003cd0   0x0000000c   Code   RO         5408    i.elog_async_enabled  elog_async.o
    0x08003cdc   0x08003cdc   0x00000030   Code   RO         5409    i.elog_async_get_buf_used  elog_async.o
    0x08003d0c   0x08003d0c   0x00000090   Code   RO         5410    i.elog_async_get_line_log  elog_async.o
    0x08003d9c   0x08003d9c   0x00000014   Code   RO         5411    i.elog_async_init   elog_async.o
    0x08003db0   0x08003db0   0x0000002c   Code   RO         5412    i.elog_async_output  elog_async.o
    0x08003ddc   0x08003ddc   0x0000000c   Code   RO         5145    i.elog_async_output_notice  elog_port.o
    0x08003de8   0x08003de8   0x00000110   Code   RO         5461    i.elog_cpyln        elog_utils.o
    0x08003ef8   0x08003ef8   0x00000100   Code   RO         5244    i.elog_get_filter_tag_lvl  elog.o
    0x08003ff8   0x08003ff8   0x00000074   Code   RO         5248    i.elog_init         elog.o
    0x0800406c   0x0800406c   0x00000378   Code   RO         5249    i.elog_output       elog.o
    0x080043e4   0x080043e4   0x00000020   Code   RO         5250    i.elog_output_lock  elog.o
    0x08004404   0x08004404   0x0000002c   Code   RO         5251    i.elog_output_lock_enabled  elog.o
    0x08004430   0x08004430   0x00000020   Code   RO         5252    i.elog_output_unlock  elog.o
    0x08004450   0x08004450   0x00000010   Code   RO         5147    i.elog_port_get_p_info  elog_port.o
    0x08004460   0x08004460   0x0000000c   Code   RO         5148    i.elog_port_get_t_info  elog_port.o
    0x0800446c   0x0800446c   0x00000010   Code   RO         5149    i.elog_port_get_time  elog_port.o
    0x0800447c   0x0800447c   0x00000018   Code   RO         5150    i.elog_port_init    elog_port.o
    0x08004494   0x08004494   0x00000014   Code   RO         5151    i.elog_port_output  elog_port.o
    0x080044a8   0x080044a8   0x00000010   Code   RO         5152    i.elog_port_output_lock  elog_port.o
    0x080044b8   0x080044b8   0x0000000c   Code   RO         5153    i.elog_port_output_unlock  elog_port.o
    0x080044c4   0x080044c4   0x000000b8   Code   RO         5256    i.elog_set_filter_lvl  elog.o
    0x0800457c   0x0800457c   0x000000c0   Code   RO         5259    i.elog_set_fmt      elog.o
    0x0800463c   0x0800463c   0x00000094   Code   RO         5262    i.elog_start        elog.o
    0x080046d0   0x080046d0   0x000000f8   Code   RO         5463    i.elog_strcpy       elog_utils.o
    0x080047c8   0x080047c8   0x000000c8   Code   RO         5264    i.get_fmt_enabled   elog.o
    0x08004890   0x08004890   0x00000022   Code   RO           17    i.main              main.o
    0x080048b2   0x080048b2   0x0000001a   Code   RO         4498    i.osDelay           cmsis_os2.o
    0x080048cc   0x080048cc   0x00000024   Code   RO         4512    i.osKernelInitialize  cmsis_os2.o
    0x080048f0   0x080048f0   0x00000038   Code   RO         4515    i.osKernelStart     cmsis_os2.o
    0x08004928   0x08004928   0x0000005c   Code   RO         4540    i.osSemaphoreAcquire  cmsis_os2.o
    0x08004984   0x08004984   0x00000098   Code   RO         4543    i.osSemaphoreNew    cmsis_os2.o
    0x08004a1c   0x08004a1c   0x00000058   Code   RO         4544    i.osSemaphoreRelease  cmsis_os2.o
    0x08004a74   0x08004a74   0x0000008a   Code   RO         4557    i.osThreadNew       cmsis_os2.o
    0x08004afe   0x08004afe   0x00000034   Code   RO         4561    i.osThreadTerminate  cmsis_os2.o
    0x08004b32   0x08004b32   0x00000002   PAD
    0x08004b34   0x08004b34   0x0000005c   Code   RO         3957    i.prvAddCurrentTaskToDelayedList  tasks.o
    0x08004b90   0x08004b90   0x000000d0   Code   RO         3958    i.prvAddNewTaskToReadyList  tasks.o
    0x08004c60   0x08004c60   0x00000058   Code   RO         4322    i.prvCheckForValidListAndQueue  timers.o
    0x08004cb8   0x08004cb8   0x00000026   Code   RO         3554    i.prvCopyDataFromQueue  queue.o
    0x08004cde   0x08004cde   0x0000006c   Code   RO         3555    i.prvCopyDataToQueue  queue.o
    0x08004d4a   0x08004d4a   0x00000034   Code   RO         3959    i.prvDeleteTCB      tasks.o
    0x08004d7e   0x08004d7e   0x00000002   PAD
    0x08004d80   0x08004d80   0x00000048   Code   RO         5009    i.prvHeapInit       heap_4.o
    0x08004dc8   0x08004dc8   0x00000060   Code   RO         3960    i.prvIdleTask       tasks.o
    0x08004e28   0x08004e28   0x00000022   Code   RO         3557    i.prvInitialiseNewQueue  queue.o
    0x08004e4a   0x08004e4a   0x00000002   PAD
    0x08004e4c   0x08004e4c   0x000000b6   Code   RO         3961    i.prvInitialiseNewTask  tasks.o
    0x08004f02   0x08004f02   0x00000002   PAD
    0x08004f04   0x08004f04   0x0000004c   Code   RO         5010    i.prvInsertBlockIntoFreeList  heap_4.o
    0x08004f50   0x08004f50   0x00000038   Code   RO         4324    i.prvInsertTimerInActiveList  timers.o
    0x08004f88   0x08004f88   0x0000001c   Code   RO         3558    i.prvIsQueueEmpty   queue.o
    0x08004fa4   0x08004fa4   0x000000fc   Code   RO         4325    i.prvProcessReceivedCommands  timers.o
    0x080050a0   0x080050a0   0x000000c0   Code   RO         4326    i.prvProcessTimerOrBlockTask  timers.o
    0x08005160   0x08005160   0x00000020   Code   RO         3963    i.prvResetNextTaskUnblockTime  tasks.o
    0x08005180   0x08005180   0x00000028   Code   RO         4327    i.prvSampleTimeNow  timers.o
    0x080051a8   0x080051a8   0x0000006c   Code   RO         4328    i.prvSwitchTimerLists  timers.o
    0x08005214   0x08005214   0x00000028   Code   RO         5065    i.prvTaskExitError  port.o
    0x0800523c   0x0800523c   0x00000024   Code   RO         4329    i.prvTimerTask      timers.o
    0x08005260   0x08005260   0x0000006a   Code   RO         3559    i.prvUnlockQueue    queue.o
    0x080052ca   0x080052ca   0x00000002   PAD
    0x080052cc   0x080052cc   0x000000dc   Code   RO         5011    i.pvPortMalloc      heap_4.o
    0x080053a8   0x080053a8   0x00000018   Code   RO         3966    i.pvTaskIncrementMutexHeldCount  tasks.o
    0x080053c0   0x080053c0   0x0000002c   Code   RO         5066    i.pxPortInitialiseStack  port.o
    0x080053ec   0x080053ec   0x00000026   Code   RO         3514    i.uxListRemove      list.o
    0x08005412   0x08005412   0x00000002   PAD
    0x08005414   0x08005414   0x00000014   Code   RO         4569    i.vApplicationGetIdleTaskMemory  cmsis_os2.o
    0x08005428   0x08005428   0x00000018   Code   RO         4570    i.vApplicationGetTimerTaskMemory  cmsis_os2.o
    0x08005440   0x08005440   0x00000016   Code   RO         3515    i.vListInitialise   list.o
    0x08005456   0x08005456   0x00000006   Code   RO         3516    i.vListInitialiseItem  list.o
    0x0800545c   0x0800545c   0x00000030   Code   RO         3517    i.vListInsert       list.o
    0x0800548c   0x0800548c   0x00000018   Code   RO         3518    i.vListInsertEnd    list.o
    0x080054a4   0x080054a4   0x00000040   Code   RO         5068    i.vPortEnterCritical  port.o
    0x080054e4   0x080054e4   0x00000028   Code   RO         5069    i.vPortExitCritical  port.o
    0x0800550c   0x0800550c   0x00000064   Code   RO         5012    i.vPortFree         heap_4.o
    0x08005570   0x08005570   0x00000024   Code   RO         5070    i.vPortSetupTimerInterrupt  port.o
    0x08005594   0x08005594   0x00000054   Code   RO         5071    i.vPortValidateInterruptPriority  port.o
    0x080055e8   0x080055e8   0x00000028   Code   RO         3565    i.vQueueAddToRegistry  queue.o
    0x08005610   0x08005610   0x0000002e   Code   RO         3566    i.vQueueDelete      queue.o
    0x0800563e   0x0800563e   0x00000002   PAD
    0x08005640   0x08005640   0x00000028   Code   RO         3568    i.vQueueUnregisterQueue  queue.o
    0x08005668   0x08005668   0x00000044   Code   RO         3569    i.vQueueWaitForMessageRestricted  queue.o
    0x080056ac   0x080056ac   0x0000004c   Code   RO         3976    i.vTaskDelay        tasks.o
    0x080056f8   0x080056f8   0x00000090   Code   RO         3978    i.vTaskDelete       tasks.o
    0x08005788   0x08005788   0x00000010   Code   RO         3981    i.vTaskInternalSetTimeOutState  tasks.o
    0x08005798   0x08005798   0x0000000c   Code   RO         3982    i.vTaskMissedYield  tasks.o
    0x080057a4   0x080057a4   0x00000030   Code   RO         3984    i.vTaskPlaceOnEventList  tasks.o
    0x080057d4   0x080057d4   0x00000038   Code   RO         3985    i.vTaskPlaceOnEventListRestricted  tasks.o
    0x0800580c   0x0800580c   0x00000090   Code   RO         3987    i.vTaskPriorityDisinheritAfterTimeout  tasks.o
    0x0800589c   0x0800589c   0x00000088   Code   RO         3993    i.vTaskStartScheduler  tasks.o
    0x08005924   0x08005924   0x00000010   Code   RO         3995    i.vTaskSuspendAll   tasks.o
    0x08005934   0x08005934   0x00000064   Code   RO         3996    i.vTaskSwitchContext  tasks.o
    0x08005998   0x08005998   0x000000f4   Code   RO         5072    i.xPortStartScheduler  port.o
    0x08005a8c   0x08005a8c   0x0000002c   Code   RO         5073    i.xPortSysTickHandler  port.o
    0x08005ab8   0x08005ab8   0x0000003a   Code   RO         3570    i.xQueueCreateCountingSemaphore  queue.o
    0x08005af2   0x08005af2   0x00000040   Code   RO         3571    i.xQueueCreateCountingSemaphoreStatic  queue.o
    0x08005b32   0x08005b32   0x00000042   Code   RO         3574    i.xQueueGenericCreate  queue.o
    0x08005b74   0x08005b74   0x00000066   Code   RO         3575    i.xQueueGenericCreateStatic  queue.o
    0x08005bda   0x08005bda   0x00000002   PAD
    0x08005bdc   0x08005bdc   0x00000088   Code   RO         3576    i.xQueueGenericReset  queue.o
    0x08005c64   0x08005c64   0x00000160   Code   RO         3577    i.xQueueGenericSend  queue.o
    0x08005dc4   0x08005dc4   0x000000be   Code   RO         3578    i.xQueueGenericSendFromISR  queue.o
    0x08005e82   0x08005e82   0x0000009c   Code   RO         3581    i.xQueueGiveFromISR  queue.o
    0x08005f1e   0x08005f1e   0x00000002   PAD
    0x08005f20   0x08005f20   0x00000138   Code   RO         3587    i.xQueueReceive     queue.o
    0x08006058   0x08006058   0x0000009a   Code   RO         3588    i.xQueueReceiveFromISR  queue.o
    0x080060f2   0x080060f2   0x00000002   PAD
    0x080060f4   0x080060f4   0x00000178   Code   RO         3589    i.xQueueSemaphoreTake  queue.o
    0x0800626c   0x0800626c   0x00000074   Code   RO         3998    i.xTaskCheckForTimeOut  tasks.o
    0x080062e0   0x080062e0   0x00000060   Code   RO         3999    i.xTaskCreate       tasks.o
    0x08006340   0x08006340   0x00000056   Code   RO         4000    i.xTaskCreateStatic  tasks.o
    0x08006396   0x08006396   0x00000002   PAD
    0x08006398   0x08006398   0x0000001c   Code   RO         4004    i.xTaskGetSchedulerState  tasks.o
    0x080063b4   0x080063b4   0x0000000c   Code   RO         4005    i.xTaskGetTickCount  tasks.o
    0x080063c0   0x080063c0   0x000000c8   Code   RO         4007    i.xTaskIncrementTick  tasks.o
    0x08006488   0x08006488   0x00000080   Code   RO         4010    i.xTaskPriorityDisinherit  tasks.o
    0x08006508   0x08006508   0x00000078   Code   RO         4011    i.xTaskPriorityInherit  tasks.o
    0x08006580   0x08006580   0x00000070   Code   RO         4012    i.xTaskRemoveFromEventList  tasks.o
    0x080065f0   0x080065f0   0x000000c4   Code   RO         4013    i.xTaskResumeAll    tasks.o
    0x080066b4   0x080066b4   0x00000060   Code   RO         4338    i.xTimerCreateTimerTask  timers.o
    0x08006714   0x08006714   0x00000068   Code   RO         4339    i.xTimerGenericCommand  timers.o
    0x0800677c   0x0800677c   0x0000002c   Code   RO         5700    locale$$code        c_w.l(lc_numeric_c.o)
    0x080067a8   0x080067a8   0x0000002c   Code   RO         5727    locale$$code        c_w.l(lc_ctype_c.o)
    0x080067d4   0x080067d4   0x0000000a   Code   RO         5795    x$fpl$fpinit        fz_wm.l(fpinit.o)
    0x080067de   0x080067de   0x00000004   Code   RO         5625    x$fpl$printf1       fz_wm.l(printf1.o)
    0x080067e2   0x080067e2   0x00000004   Code   RO         5627    x$fpl$printf2       fz_wm.l(printf2.o)
    0x080067e6   0x080067e6   0x00000000   Code   RO         5716    x$fpl$usenofp       fz_wm.l(usenofp.o)
    0x080067e6   0x080067e6   0x00000002   PAD
    0x080067e8   0x080067e8   0x00000071   Data   RO          237    .constdata          freertos.o
    0x08006859   0x08006859   0x00000003   PAD
    0x0800685c   0x0800685c   0x00000040   Data   RO         3350    .constdata          system_stm32l4xx.o
    0x0800689c   0x0800689c   0x00000008   Data   RO         3351    .constdata          system_stm32l4xx.o
    0x080068a4   0x080068a4   0x000000e2   Data   RO         5266    .constdata          elog.o
    0x08006986   0x08006986   0x00000023   Data   RO         5464    .constdata          elog_utils.o
    0x080069a9   0x080069a9   0x00000028   Data   RO         5523    .constdata          c_w.l(_printf_hex_int_ll_ptr.o)
    0x080069d1   0x080069d1   0x00000011   Data   RO         5543    .constdata          c_w.l(__printf_flags_ss_wp.o)
    0x080069e2   0x080069e2   0x00000002   PAD
    0x080069e4   0x080069e4   0x00000008   Data   RO         5594    .constdata          c_w.l(_printf_wctomb.o)
    0x080069ec   0x080069ec   0x00000026   Data   RO         5655    .constdata          c_w.l(_printf_fp_hex.o)
    0x08006a12   0x08006a12   0x00000002   PAD
    0x08006a14   0x08006a14   0x00000094   Data   RO         5675    .constdata          c_w.l(bigflt0.o)
    0x08006aa8   0x08006aa8   0x00000015   Data   RO          238    .conststring        freertos.o
    0x08006abd   0x08006abd   0x00000003   PAD
    0x08006ac0   0x08006ac0   0x00000047   Data   RO         5267    .conststring        elog.o
    0x08006b07   0x08006b07   0x00000001   PAD
    0x08006b08   0x08006b08   0x00000020   Data   RO         5853    Region$$Table       anon$$obj.o
    0x08006b28   0x08006b28   0x0000001c   Data   RO         5699    locale$$data        c_w.l(lc_numeric_c.o)
    0x08006b44   0x08006b44   0x00000110   Data   RO         5726    locale$$data        c_w.l(lc_ctype_c.o)


    Execution Region RW_IRAM2 (Exec base: 0x10000000, Load base: 0x08006d34, Size: 0x00000000, Max: 0x00004000, ABSOLUTE)

    **** No section assigned to this execution region ****


    Execution Region RW_IRAM1 (Exec base: 0x20000000, Load base: 0x08006c54, Size: 0x00002be0, Max: 0x0000c000, ABSOLUTE)

    Exec Addr    Load Addr    Size         Type   Attr      Idx    E Section Name        Object

    0x20000000   0x08006c54   0x00000010   Data   RW          239    .data               freertos.o
    0x20000010   0x08006c64   0x0000000c   Data   RW          487    .data               stm32l4xx_hal.o
    0x2000001c   0x08006c70   0x00000004   Data   RW         3352    .data               system_stm32l4xx.o
    0x20000020   0x08006c74   0x0000003c   Data   RW         4016    .data               tasks.o
    0x2000005c   0x08006cb0   0x00000014   Data   RW         4347    .data               timers.o
    0x20000070   0x08006cc4   0x00000004   Data   RW         4572    .data               cmsis_os2.o
    0x20000074   0x08006cc8   0x00000020   Data   RW         5018    .data               heap_4.o
    0x20000094   0x08006ce8   0x0000000c   Data   RW         5074    .data               port.o
    0x200000a0   0x08006cf4   0x00000034   Data   RW         5268    .data               elog.o
    0x200000d4   0x08006d28   0x0000000c   Data   RW         5414    .data               elog_async.o
    0x200000e0        -       0x00000050   Zero   RW          235    .bss                freertos.o
    0x20000130        -       0x00000050   Zero   RW          236    .bss                freertos.o
    0x20000180        -       0x00000084   Zero   RW          286    .bss                usart.o
    0x20000204        -       0x0000004c   Zero   RW          416    .bss                stm32l4xx_hal_timebase_tim.o
    0x20000250        -       0x00000040   Zero   RW         3591    .bss                queue.o
    0x20000290        -       0x000004c4   Zero   RW         4015    .bss                tasks.o
    0x20000754        -       0x00000118   Zero   RW         4346    .bss                timers.o
    0x2000086c        -       0x000006b8   Zero   RW         4571    .bss                cmsis_os2.o
    0x20000f24        -       0x00000bb8   Zero   RW         5017    .bss                heap_4.o
    0x20001adc        -       0x000001fc   Zero   RW         5154    .bss                elog_port.o
    0x20001cd8        -       0x000002a4   Zero   RW         5265    .bss                elog.o
    0x20001f7c        -       0x00000600   Zero   RW         5413    .bss                elog_async.o
    0x2000257c        -       0x00000060   Zero   RW         5720    .bss                c_w.l(libspace.o)
    0x200025dc   0x08006d34   0x00000004   PAD
    0x200025e0        -       0x00000200   Zero   RW            2    HEAP                startup_stm32l431xx.o
    0x200027e0        -       0x00000400   Zero   RW            1    STACK               startup_stm32l431xx.o


==============================================================================

Image component sizes


      Code (inc. data)   RO Data    RW Data    ZI Data      Debug   Object Name

       710         32          0          4       1720      68886   cmsis_os2.o
      2092        760        297         52        676      16477   elog.o
       388         38          0         12       1536       4897   elog_async.o
       196         64          0          0        508       8690   elog_port.o
       520        208         35          0          0       2869   elog_utils.o
         0          0          0          0          0      19392   event_groups.o
       216         82        134         16        160       2241   freertos.o
       112         10          0          0          0        871   gpio.o
       468         22          0         32       3000       4815   heap_4.o
       138          0          0          0          0       3494   list.o
       230          6          0          0          0     705346   main.o
       818         82          0         12          0      11413   port.o
      2474         28          0          0         64      26256   queue.o
        64         26        396          0       1536        836   startup_stm32l431xx.o
        58         10          0         12          0      11254   stm32l4xx_hal.o
       158         14          0          0          0      33006   stm32l4xx_hal_cortex.o
       496         30          0          0          0       2877   stm32l4xx_hal_gpio.o
        52          4          0          0          0        818   stm32l4xx_hal_msp.o
       120         20          0          0          0       1350   stm32l4xx_hal_pwr_ex.o
      2124        108          0          0          0       7581   stm32l4xx_hal_rcc.o
       998         32          0          0          0       2908   stm32l4xx_hal_rcc_ex.o
       692         26          0          0          0       7316   stm32l4xx_hal_tim.o
         6          0          0          0          0       2164   stm32l4xx_hal_tim_ex.o
       140         22          0          0         76       1380   stm32l4xx_hal_timebase_tim.o
      1286         54          0          0          0       6477   stm32l4xx_hal_uart.o
        24          6          0          0          0       3144   stm32l4xx_it.o
         0          0          0          0          0        384   stream_buffer.o
        16          4         72          4          0       1137   system_stm32l4xx.o
      2644        216          0         60       1220      31215   tasks.o
       972         80          0         20        280      31967   timers.o
       180         16          0          0        132       1682   usart.o

    ----------------------------------------------------------------------
     18428       2000        973        224      10908    1023143   Object Totals
         0          0         32          0          0          0   (incl. Generated)
        36          0          7          0          0          0   (incl. Padding)

    ----------------------------------------------------------------------

      Code (inc. data)   RO Data    RW Data    ZI Data      Debug   Library Member Name

        56          6          0          0          0         88   __2snprintf.o
         8          0          0          0          0         68   __main.o
       398          4         17          0          0         92   __printf_flags_ss_wp.o
        14          0          0          0          0         68   __printf_wp.o
         0          0          0          0          0          0   __rtentry.o
        12          0          0          0          0          0   __rtentry2.o
         6          0          0          0          0          0   __rtentry4.o
        52          8          0          0          0          0   __scatter.o
        26          0          0          0          0          0   __scatter_copy.o
        28          0          0          0          0          0   __scatter_zi.o
         6          0          0          0          0          0   _printf_a.o
         6          0          0          0          0          0   _printf_c.o
        44          0          0          0          0        108   _printf_char.o
        48          6          0          0          0         96   _printf_char_common.o
        40          0          0          0          0         68   _printf_charcount.o
         6          0          0          0          0          0   _printf_d.o
       120         16          0          0          0         92   _printf_dec.o
         6          0          0          0          0          0   _printf_e.o
         6          0          0          0          0          0   _printf_f.o
      1060          0          0          0          0        216   _printf_fp_dec.o
       770          8         38          0          0        100   _printf_fp_hex.o
       128         16          0          0          0         84   _printf_fp_infnan.o
         6          0          0          0          0          0   _printf_g.o
       148          4         40          0          0        160   _printf_hex_int_ll_ptr.o
         6          0          0          0          0          0   _printf_i.o
       178          0          0          0          0         88   _printf_intcommon.o
        10          0          0          0          0          0   _printf_l.o
         6          0          0          0          0          0   _printf_lc.o
        10          0          0          0          0          0   _printf_ll.o
         6          0          0          0          0          0   _printf_lld.o
         6          0          0          0          0          0   _printf_lli.o
         6          0          0          0          0          0   _printf_llo.o
         6          0          0          0          0          0   _printf_llu.o
         6          0          0          0          0          0   _printf_llx.o
       124         16          0          0          0         92   _printf_longlong_dec.o
         6          0          0          0          0          0   _printf_ls.o
         6          0          0          0          0          0   _printf_n.o
         6          0          0          0          0          0   _printf_o.o
       112         10          0          0          0        124   _printf_oct_int_ll.o
         6          0          0          0          0          0   _printf_p.o
        78          0          0          0          0        108   _printf_pad.o
         0          0          0          0          0          0   _printf_percent.o
         4          0          0          0          0          0   _printf_percent_end.o
         6          0          0          0          0          0   _printf_s.o
        82          0          0          0          0         80   _printf_str.o
        36          0          0          0          0         84   _printf_truncate.o
         6          0          0          0          0          0   _printf_u.o
        44          0          0          0          0        108   _printf_wchar.o
       194          6          8          0          0         92   _printf_wctomb.o
         6          0          0          0          0          0   _printf_x.o
        16          0          0          0          0         68   _snputc.o
        10          0          0          0          0         68   _sputc.o
        64          0          0          0          0         92   _wcrtomb.o
        16          0          0          0          0         68   aeabi_memset.o
       228          4        148          0          0         96   bigflt0.o
      1936        128          0          0          0        672   btod.o
        18          0          0          0          0         80   exit.o
         6          0          0          0          0        152   heapauxi.o
         0          0          0          0          0          0   indicate_semi.o
        44         10        272          0          0         76   lc_ctype_c.o
        44         10         28          0          0         76   lc_numeric_c.o
         2          0          0          0          0          0   libinit.o
        34          0          0          0          0          0   libinit2.o
         2          0          0          0          0          0   libshutdown.o
         2          0          0          0          0          0   libshutdown2.o
         8          4          0          0         96         68   libspace.o
       138          0          0          0          0         80   lludiv10.o
       238          0          0          0          0        100   lludivv7m.o
        16          4          0          0          0         76   rt_ctype_table.o
         8          4          0          0          0         68   rt_locale_intlibspace.o
        68          0          0          0          0         68   rt_memclr.o
        78          0          0          0          0         80   rt_memclr_w.o
       138          0          0          0          0         68   rt_memcpy_v6.o
       100          0          0          0          0         80   rt_memcpy_w.o
         2          0          0          0          0          0   rtexit.o
        10          0          0          0          0          0   rtexit2.o
       128          0          0          0          0         68   strcmpv7m.o
        62          0          0          0          0         76   strlen.o
       150          0          0          0          0         80   strncmp.o
        36          0          0          0          0         80   strstr.o
        12          4          0          0          0         68   sys_exit.o
        74          0          0          0          0         80   sys_stackheap_outer.o
         2          0          0          0          0         68   use_no_semi.o
        52          4          0          0          0         80   vsnprintf.o
        10          0          0          0          0        116   fpinit.o
         4          0          0          0          0        116   printf1.o
         4          0          0          0          0        116   printf2.o
         0          0          0          0          0          0   usenofp.o
        48          0          0          0          0        124   fpclassify.o

    ----------------------------------------------------------------------
      7776        272        555          0        100       5224   Library Totals
        18          0          4          0          4          0   (incl. Padding)

    ----------------------------------------------------------------------

      Code (inc. data)   RO Data    RW Data    ZI Data      Debug   Library Name

      7692        272        551          0         96       4752   c_w.l
        18          0          0          0          0        348   fz_wm.l
        48          0          0          0          0        124   m_wm.l

    ----------------------------------------------------------------------
      7776        272        555          0        100       5224   Library Totals

    ----------------------------------------------------------------------

==============================================================================


      Code (inc. data)   RO Data    RW Data    ZI Data      Debug   

     26204       2272       1528        224      11008    1008915   Grand Totals
     26204       2272       1528        224      11008    1008915   ELF Image Totals
     26204       2272       1528        224          0          0   ROM Totals

==============================================================================

    Total RO  Size (Code + RO Data)                27732 (  27.08kB)
    Total RW  Size (RW Data + ZI Data)             11232 (  10.97kB)
    Total ROM Size (Code + RO Data + RW Data)      27956 (  27.30kB)

==============================================================================

