Archive member included to satisfy reference by file (symbol)

d:/programdata/stm32cube/gcc-arm-none-eabi-10.3-2021.10/bin/../lib/gcc/arm-none-eabi/10.3.1/thumb/v7e-m+fp/hard\libgcc.a(_aeabi_uldivmod.o)
                              CMakeFiles/STM32L4_encoder.elf.dir/Drivers/STM32L4xx_HAL_Driver/Src/stm32l4xx_hal_uart.c.obj (__aeabi_uldivmod)
d:/programdata/stm32cube/gcc-arm-none-eabi-10.3-2021.10/bin/../lib/gcc/arm-none-eabi/10.3.1/thumb/v7e-m+fp/hard\libgcc.a(_udivmoddi4.o)
                              d:/programdata/stm32cube/gcc-arm-none-eabi-10.3-2021.10/bin/../lib/gcc/arm-none-eabi/10.3.1/thumb/v7e-m+fp/hard\libgcc.a(_aeabi_uldivmod.o) (__udivmoddi4)
d:/programdata/stm32cube/gcc-arm-none-eabi-10.3-2021.10/bin/../lib/gcc/arm-none-eabi/10.3.1/thumb/v7e-m+fp/hard\libgcc.a(_dvmd_tls.o)
                              d:/programdata/stm32cube/gcc-arm-none-eabi-10.3-2021.10/bin/../lib/gcc/arm-none-eabi/10.3.1/thumb/v7e-m+fp/hard\libgcc.a(_aeabi_uldivmod.o) (__aeabi_ldiv0)
d:/programdata/stm32cube/gcc-arm-none-eabi-10.3-2021.10/bin/../lib/gcc/arm-none-eabi/10.3.1/../../../../arm-none-eabi/lib/thumb/v7e-m+fp/hard\libg.a(lib_a-errno.o)
                              CMakeFiles/STM32L4_encoder.elf.dir/Core/Src/syscalls.c.obj (__errno)
d:/programdata/stm32cube/gcc-arm-none-eabi-10.3-2021.10/bin/../lib/gcc/arm-none-eabi/10.3.1/../../../../arm-none-eabi/lib/thumb/v7e-m+fp/hard\libg.a(lib_a-exit.o)
                              d:/programdata/stm32cube/gcc-arm-none-eabi-10.3-2021.10/bin/../lib/gcc/arm-none-eabi/10.3.1/../../../../arm-none-eabi/lib/thumb/v7e-m+fp/hard/crt0.o (exit)
d:/programdata/stm32cube/gcc-arm-none-eabi-10.3-2021.10/bin/../lib/gcc/arm-none-eabi/10.3.1/../../../../arm-none-eabi/lib/thumb/v7e-m+fp/hard\libg.a(lib_a-impure.o)
                              d:/programdata/stm32cube/gcc-arm-none-eabi-10.3-2021.10/bin/../lib/gcc/arm-none-eabi/10.3.1/../../../../arm-none-eabi/lib/thumb/v7e-m+fp/hard\libg.a(lib_a-exit.o) (_global_impure_ptr)
d:/programdata/stm32cube/gcc-arm-none-eabi-10.3-2021.10/bin/../lib/gcc/arm-none-eabi/10.3.1/../../../../arm-none-eabi/lib/thumb/v7e-m+fp/hard\libg.a(lib_a-init.o)
                              d:/programdata/stm32cube/gcc-arm-none-eabi-10.3-2021.10/bin/../lib/gcc/arm-none-eabi/10.3.1/../../../../arm-none-eabi/lib/thumb/v7e-m+fp/hard/crt0.o (__libc_init_array)
d:/programdata/stm32cube/gcc-arm-none-eabi-10.3-2021.10/bin/../lib/gcc/arm-none-eabi/10.3.1/../../../../arm-none-eabi/lib/thumb/v7e-m+fp/hard\libg.a(lib_a-memchr.o)
                              CMakeFiles/STM32L4_encoder.elf.dir/Easylogger/src/elog.c.obj (memchr)
d:/programdata/stm32cube/gcc-arm-none-eabi-10.3-2021.10/bin/../lib/gcc/arm-none-eabi/10.3.1/../../../../arm-none-eabi/lib/thumb/v7e-m+fp/hard\libg.a(lib_a-memcpy.o)
                              CMakeFiles/STM32L4_encoder.elf.dir/Easylogger/src/elog_async.c.obj (memcpy)
d:/programdata/stm32cube/gcc-arm-none-eabi-10.3-2021.10/bin/../lib/gcc/arm-none-eabi/10.3.1/../../../../arm-none-eabi/lib/thumb/v7e-m+fp/hard\libg.a(lib_a-memset.o)
                              d:/programdata/stm32cube/gcc-arm-none-eabi-10.3-2021.10/bin/../lib/gcc/arm-none-eabi/10.3.1/../../../../arm-none-eabi/lib/thumb/v7e-m+fp/hard/crt0.o (memset)
d:/programdata/stm32cube/gcc-arm-none-eabi-10.3-2021.10/bin/../lib/gcc/arm-none-eabi/10.3.1/../../../../arm-none-eabi/lib/thumb/v7e-m+fp/hard\libg.a(lib_a-snprintf.o)
                              CMakeFiles/STM32L4_encoder.elf.dir/Easylogger/src/elog.c.obj (snprintf)
d:/programdata/stm32cube/gcc-arm-none-eabi-10.3-2021.10/bin/../lib/gcc/arm-none-eabi/10.3.1/../../../../arm-none-eabi/lib/thumb/v7e-m+fp/hard\libg.a(lib_a-strlen.o)
                              CMakeFiles/STM32L4_encoder.elf.dir/Easylogger/src/elog.c.obj (strlen)
d:/programdata/stm32cube/gcc-arm-none-eabi-10.3-2021.10/bin/../lib/gcc/arm-none-eabi/10.3.1/../../../../arm-none-eabi/lib/thumb/v7e-m+fp/hard\libg.a(lib_a-strncmp.o)
                              CMakeFiles/STM32L4_encoder.elf.dir/Easylogger/src/elog.c.obj (strncmp)
d:/programdata/stm32cube/gcc-arm-none-eabi-10.3-2021.10/bin/../lib/gcc/arm-none-eabi/10.3.1/../../../../arm-none-eabi/lib/thumb/v7e-m+fp/hard\libg.a(lib_a-strncpy.o)
                              CMakeFiles/STM32L4_encoder.elf.dir/Easylogger/src/elog.c.obj (strncpy)
d:/programdata/stm32cube/gcc-arm-none-eabi-10.3-2021.10/bin/../lib/gcc/arm-none-eabi/10.3.1/../../../../arm-none-eabi/lib/thumb/v7e-m+fp/hard\libg.a(lib_a-strstr.o)
                              CMakeFiles/STM32L4_encoder.elf.dir/Easylogger/src/elog.c.obj (strstr)
d:/programdata/stm32cube/gcc-arm-none-eabi-10.3-2021.10/bin/../lib/gcc/arm-none-eabi/10.3.1/../../../../arm-none-eabi/lib/thumb/v7e-m+fp/hard\libg.a(lib_a-svfprintf.o)
                              d:/programdata/stm32cube/gcc-arm-none-eabi-10.3-2021.10/bin/../lib/gcc/arm-none-eabi/10.3.1/../../../../arm-none-eabi/lib/thumb/v7e-m+fp/hard\libg.a(lib_a-snprintf.o) (_svfprintf_r)
[...]
Memory Configuration

Name             Origin             Length             Attributes
RAM              0x20000000         0x00010000         xrw
RAM2             0x10000000         0x00004000         xrw
FLASH            0x08000000         0x00040000         xr
*default*        0x00000000         0xffffffff

Linker script and memory map

LOAD d:/programdata/stm32cube/gcc-arm-none-eabi-10.3-2021.10/bin/../lib/gcc/arm-none-eabi/10.3.1/thumb/v7e-m+fp/hard/crti.o
LOAD d:/programdata/stm32cube/gcc-arm-none-eabi-10.3-2021.10/bin/../lib/gcc/arm-none-eabi/10.3.1/thumb/v7e-m+fp/hard/crtbegin.o
LOAD d:/programdata/stm32cube/gcc-arm-none-eabi-10.3-2021.10/bin/../lib/gcc/arm-none-eabi/10.3.1/../../../../arm-none-eabi/lib/thumb/v7e-m+fp/hard/crt0.o
LOAD CMakeFiles/STM32L4_encoder.elf.dir/Core/Src/freertos.c.obj
LOAD CMakeFiles/STM32L4_encoder.elf.dir/Core/Src/gpio.c.obj
LOAD CMakeFiles/STM32L4_encoder.elf.dir/Core/Src/main.c.obj
LOAD CMakeFiles/STM32L4_encoder.elf.dir/Core/Src/stm32l4xx_hal_msp.c.obj
LOAD CMakeFiles/STM32L4_encoder.elf.dir/Core/Src/stm32l4xx_hal_timebase_tim.c.obj
LOAD CMakeFiles/STM32L4_encoder.elf.dir/Core/Src/stm32l4xx_it.c.obj
LOAD CMakeFiles/STM32L4_encoder.elf.dir/Core/Src/syscalls.c.obj
LOAD CMakeFiles/STM32L4_encoder.elf.dir/Core/Src/sysmem.c.obj
LOAD CMakeFiles/STM32L4_encoder.elf.dir/Core/Src/system_stm32l4xx.c.obj
LOAD CMakeFiles/STM32L4_encoder.elf.dir/Core/Src/usart.c.obj
LOAD CMakeFiles/STM32L4_encoder.elf.dir/Core/Startup/startup_stm32l431rctx.s.obj
LOAD CMakeFiles/STM32L4_encoder.elf.dir/Drivers/STM32L4xx_HAL_Driver/Src/stm32l4xx_hal.c.obj
LOAD CMakeFiles/STM32L4_encoder.elf.dir/Drivers/STM32L4xx_HAL_Driver/Src/stm32l4xx_hal_cortex.c.obj
LOAD CMakeFiles/STM32L4_encoder.elf.dir/Drivers/STM32L4xx_HAL_Driver/Src/stm32l4xx_hal_dma.c.obj
LOAD CMakeFiles/STM32L4_encoder.elf.dir/Drivers/STM32L4xx_HAL_Driver/Src/stm32l4xx_hal_dma_ex.c.obj
LOAD CMakeFiles/STM32L4_encoder.elf.dir/Drivers/STM32L4xx_HAL_Driver/Src/stm32l4xx_hal_exti.c.obj
LOAD CMakeFiles/STM32L4_encoder.elf.dir/Drivers/STM32L4xx_HAL_Driver/Src/stm32l4xx_hal_flash.c.obj
LOAD CMakeFiles/STM32L4_encoder.elf.dir/Drivers/STM32L4xx_HAL_Driver/Src/stm32l4xx_hal_flash_ex.c.obj
LOAD CMakeFiles/STM32L4_encoder.elf.dir/Drivers/STM32L4xx_HAL_Driver/Src/stm32l4xx_hal_flash_ramfunc.c.obj
LOAD CMakeFiles/STM32L4_encoder.elf.dir/Drivers/STM32L4xx_HAL_Driver/Src/stm32l4xx_hal_gpio.c.obj
LOAD CMakeFiles/STM32L4_encoder.elf.dir/Drivers/STM32L4xx_HAL_Driver/Src/stm32l4xx_hal_i2c.c.obj
LOAD CMakeFiles/STM32L4_encoder.elf.dir/Drivers/STM32L4xx_HAL_Driver/Src/stm32l4xx_hal_i2c_ex.c.obj
LOAD CMakeFiles/STM32L4_encoder.elf.dir/Drivers/STM32L4xx_HAL_Driver/Src/stm32l4xx_hal_pwr.c.obj
LOAD CMakeFiles/STM32L4_encoder.elf.dir/Drivers/STM32L4xx_HAL_Driver/Src/stm32l4xx_hal_pwr_ex.c.obj
LOAD CMakeFiles/STM32L4_encoder.elf.dir/Drivers/STM32L4xx_HAL_Driver/Src/stm32l4xx_hal_rcc.c.obj
LOAD CMakeFiles/STM32L4_encoder.elf.dir/Drivers/STM32L4xx_HAL_Driver/Src/stm32l4xx_hal_rcc_ex.c.obj
LOAD CMakeFiles/STM32L4_encoder.elf.dir/Drivers/STM32L4xx_HAL_Driver/Src/stm32l4xx_hal_tim.c.obj
LOAD CMakeFiles/STM32L4_encoder.elf.dir/Drivers/STM32L4xx_HAL_Driver/Src/stm32l4xx_hal_tim_ex.c.obj
LOAD CMakeFiles/STM32L4_encoder.elf.dir/Drivers/STM32L4xx_HAL_Driver/Src/stm32l4xx_hal_uart.c.obj
LOAD CMakeFiles/STM32L4_encoder.elf.dir/Drivers/STM32L4xx_HAL_Driver/Src/stm32l4xx_hal_uart_ex.c.obj
LOAD CMakeFiles/STM32L4_encoder.elf.dir/Easylogger/port/elog_port.c.obj
LOAD CMakeFiles/STM32L4_encoder.elf.dir/Easylogger/src/elog.c.obj
LOAD CMakeFiles/STM32L4_encoder.elf.dir/Easylogger/src/elog_async.c.obj
LOAD CMakeFiles/STM32L4_encoder.elf.dir/Easylogger/src/elog_buf.c.obj
LOAD CMakeFiles/STM32L4_encoder.elf.dir/Easylogger/src/elog_utils.c.obj
LOAD CMakeFiles/STM32L4_encoder.elf.dir/Middlewares/Third_Party/FreeRTOS/Source/CMSIS_RTOS_V2/cmsis_os2.c.obj
LOAD CMakeFiles/STM32L4_encoder.elf.dir/Middlewares/Third_Party/FreeRTOS/Source/croutine.c.obj
LOAD CMakeFiles/STM32L4_encoder.elf.dir/Middlewares/Third_Party/FreeRTOS/Source/event_groups.c.obj
LOAD CMakeFiles/STM32L4_encoder.elf.dir/Middlewares/Third_Party/FreeRTOS/Source/list.c.obj
LOAD CMakeFiles/STM32L4_encoder.elf.dir/Middlewares/Third_Party/FreeRTOS/Source/portable/GCC/ARM_CM4F/port.c.obj
LOAD CMakeFiles/STM32L4_encoder.elf.dir/Middlewares/Third_Party/FreeRTOS/Source/portable/MemMang/heap_4.c.obj
LOAD CMakeFiles/STM32L4_encoder.elf.dir/Middlewares/Third_Party/FreeRTOS/Source/queue.c.obj
LOAD CMakeFiles/STM32L4_encoder.elf.dir/Middlewares/Third_Party/FreeRTOS/Source/stream_buffer.c.obj
LOAD CMakeFiles/STM32L4_encoder.elf.dir/Middlewares/Third_Party/FreeRTOS/Source/tasks.c.obj
LOAD CMakeFiles/STM32L4_encoder.elf.dir/Middlewares/Third_Party/FreeRTOS/Source/timers.c.obj
LOAD CMakeFiles/STM32L4_encoder.elf.dir/Task/my_task.c.obj
START GROUP
LOAD d:/programdata/stm32cube/gcc-arm-none-eabi-10.3-2021.10/bin/../lib/gcc/arm-none-eabi/10.3.1/thumb/v7e-m+fp/hard\libgcc.a
LOAD d:/programdata/stm32cube/gcc-arm-none-eabi-10.3-2021.10/bin/../lib/gcc/arm-none-eabi/10.3.1/../../../../arm-none-eabi/lib/thumb/v7e-m+fp/hard\libg.a
LOAD d:/programdata/stm32cube/gcc-arm-none-eabi-10.3-2021.10/bin/../lib/gcc/arm-none-eabi/10.3.1/../../../../arm-none-eabi/lib/thumb/v7e-m+fp/hard\libc.a
END GROUP
LOAD d:/programdata/stm32cube/gcc-arm-none-eabi-10.3-2021.10/bin/../lib/gcc/arm-none-eabi/10.3.1/thumb/v7e-m+fp/hard/crtend.o
LOAD d:/programdata/stm32cube/gcc-arm-none-eabi-10.3-2021.10/bin/../lib/gcc/arm-none-eabi/10.3.1/thumb/v7e-m+fp/hard/crtn.o
                0x20010000                _estack = (ORIGIN (RAM) + LENGTH (RAM))
                0x00000200                _Min_Heap_Size = 0x200
                0x00000400                _Min_Stack_Size = 0x400

.isr_vector     0x08000000      0x18c
                0x08000000                . = ALIGN (0x4)
 *(.isr_vector)
 .isr_vector    0x08000000      0x18c CMakeFiles/STM32L4_encoder.elf.dir/Core/Startup/startup_stm32l431rctx.s.obj
                0x08000000                g_pfnVectors
                0x0800018c                . = ALIGN (0x4)

.text           0x080001c0     0xc644
                0x080001c0                . = ALIGN (0x4)
 *(.text)
 .text          0x080001c0       0x40 d:/programdata/stm32cube/gcc-arm-none-eabi-10.3-2021.10/bin/../lib/gcc/arm-none-eabi/10.3.1/thumb/v7e-m+fp/hard/crtbegin.o
 .text          0x08000200       0x30 d:/programdata/stm32cube/gcc-arm-none-eabi-10.3-2021.10/bin/../lib/gcc/arm-none-eabi/10.3.1/thumb/v7e-m+fp/hard\libgcc.a(_aeabi_uldivmod.o)
                0x08000200                __aeabi_uldivmod
 .text          0x08000230      0x2d0 d:/programdata/stm32cube/gcc-arm-none-eabi-10.3-2021.10/bin/../lib/gcc/arm-none-eabi/10.3.1/thumb/v7e-m+fp/hard\libgcc.a(_udivmoddi4.o)
                0x08000230                __udivmoddi4
 .text          0x08000500        0x4 d:/programdata/stm32cube/gcc-arm-none-eabi-10.3-2021.10/bin/../lib/gcc/arm-none-eabi/10.3.1/thumb/v7e-m+fp/hard\libgcc.a(_dvmd_tls.o)
                0x08000500                __aeabi_idiv0
                0x08000500                __aeabi_ldiv0
 *fill*         0x08000504        0xc 
 .text          0x08000510       0xa0 d:/programdata/stm32cube/gcc-arm-none-eabi-10.3-2021.10/bin/../lib/gcc/arm-none-eabi/10.3.1/../../../../arm-none-eabi/lib/thumb/v7e-m+fp/hard\libg.a(lib_a-memchr.o)
                0x08000510                memchr
 .text          0x080005b0      0x134 d:/programdata/stm32cube/gcc-arm-none-eabi-10.3-2021.10/bin/../lib/gcc/arm-none-eabi/10.3.1/../../../../arm-none-eabi/lib/thumb/v7e-m+fp/hard\libg.a(lib_a-memcpy.o)
                0x080005b0                memcpy
 *fill*         0x080006e4       0x1c 
 .text          0x08000700       0xdc d:/programdata/stm32cube/gcc-arm-none-eabi-10.3-2021.10/bin/../lib/gcc/arm-none-eabi/10.3.1/../../../../arm-none-eabi/lib/thumb/v7e-m+fp/hard\libg.a(lib_a-strlen.o)
                0x08000700                strlen
 .text          0x080007dc      0x378 d:/programdata/stm32cube/gcc-arm-none-eabi-10.3-2021.10/bin/../lib/gcc/arm-none-eabi/10.3.1/thumb/v7e-m+fp/hard\libgcc.a(_arm_addsubdf3.o)
                0x080007dc                __aeabi_drsub
                0x080007e4                __aeabi_dsub
                0x080007e4                __subdf3
                0x080007e8                __aeabi_dadd
                0x080007e8                __adddf3
                0x08000a60                __floatunsidf
                0x08000a60                __aeabi_ui2d
                0x08000a80                __floatsidf
                0x08000a80                __aeabi_i2d
                0x08000aa4                __aeabi_f2d
                0x08000aa4                __extendsfdf2
                0x08000ae8                __floatundidf
                0x08000ae8                __aeabi_ul2d
                0x08000af8                __floatdidf
                0x08000af8                __aeabi_l2d
 .text          0x08000b54      0x424 d:/programdata/stm32cube/gcc-arm-none-eabi-10.3-2021.10/bin/../lib/gcc/arm-none-eabi/10.3.1/thumb/v7e-m+fp/hard\libgcc.a(_arm_muldivdf3.o)
                0x08000b54                __aeabi_dmul
                0x08000b54                __muldf3
                0x08000da8                __divdf3
                0x08000da8                __aeabi_ddiv
 .text          0x08000f78      0x110 d:/programdata/stm32cube/gcc-arm-none-eabi-10.3-2021.10/bin/../lib/gcc/arm-none-eabi/10.3.1/thumb/v7e-m+fp/hard\libgcc.a(_arm_cmpdf2.o)
                0x08000f78                __gtdf2
                0x08000f78                __gedf2
                0x08000f80                __ltdf2
                0x08000f80                __ledf2
                0x08000f88                __nedf2
                0x08000f88                __eqdf2
                0x08000f88                __cmpdf2
                0x08001004                __aeabi_cdrcmple
                0x08001014                __aeabi_cdcmpeq
                0x08001014                __aeabi_cdcmple
                0x08001024                __aeabi_dcmpeq
                0x08001038                __aeabi_dcmplt
                0x0800104c                __aeabi_dcmple
                0x08001060                __aeabi_dcmpge
                0x08001074                __aeabi_dcmpgt
 .text          0x08001088       0x2c d:/programdata/stm32cube/gcc-arm-none-eabi-10.3-2021.10/bin/../lib/gcc/arm-none-eabi/10.3.1/thumb/v7e-m+fp/hard\libgcc.a(_arm_unorddf2.o)
                0x08001088                __unorddf2
                0x08001088                __aeabi_dcmpun
 .text          0x080010b4       0x50 d:/programdata/stm32cube/gcc-arm-none-eabi-10.3-2021.10/bin/../lib/gcc/arm-none-eabi/10.3.1/thumb/v7e-m+fp/hard\libgcc.a(_arm_fixdfsi.o)
                0x080010b4                __aeabi_d2iz
                0x080010b4                __fixdfsi
 *(.text*)
 .text.LED_TASK
                0x08001104       0x30 CMakeFiles/STM32L4_encoder.elf.dir/Core/Src/freertos.c.obj
                0x08001104                LED_TASK
 .text.MX_FREERTOS_Init
                0x08001134       0x80 CMakeFiles/STM32L4_encoder.elf.dir/Core/Src/freertos.c.obj
                0x08001134                MX_FREERTOS_Init
 .text.MX_GPIO_Init
                0x080011b4       0x78 CMakeFiles/STM32L4_encoder.elf.dir/Core/Src/gpio.c.obj
                0x080011b4                MX_GPIO_Init
 .text.agi_log_init
                0x0800122c       0x3c CMakeFiles/STM32L4_encoder.elf.dir/Core/Src/main.c.obj
                0x0800122c                agi_log_init
 .text.HAL_TIM_PeriodElapsedCallback
                0x08001268       0x18 CMakeFiles/STM32L4_encoder.elf.dir/Core/Src/main.c.obj
                0x08001268                HAL_TIM_PeriodElapsedCallback
 .text.Error_Handler
                0x08001280        0x4 CMakeFiles/STM32L4_encoder.elf.dir/Core/Src/main.c.obj
                0x08001280                Error_Handler
 .text.SystemClock_Config
                0x08001284       0x78 CMakeFiles/STM32L4_encoder.elf.dir/Core/Src/main.c.obj
                0x08001284                SystemClock_Config
 .text.main     0x080012fc       0x24 CMakeFiles/STM32L4_encoder.elf.dir/Core/Src/main.c.obj
                0x080012fc                main
 .text.HAL_MspInit
                0x08001320       0x40 CMakeFiles/STM32L4_encoder.elf.dir/Core/Src/stm32l4xx_hal_msp.c.obj
                0x08001320                HAL_MspInit
 .text.HAL_InitTick
                0x08001360       0x94 CMakeFiles/STM32L4_encoder.elf.dir/Core/Src/stm32l4xx_hal_timebase_tim.c.obj
                0x08001360                HAL_InitTick
 .text.NMI_Handler
                0x080013f4        0x2 CMakeFiles/STM32L4_encoder.elf.dir/Core/Src/stm32l4xx_it.c.obj
                0x080013f4                NMI_Handler
 .text.HardFault_Handler
                0x080013f6        0x2 CMakeFiles/STM32L4_encoder.elf.dir/Core/Src/stm32l4xx_it.c.obj
                0x080013f6                HardFault_Handler
 .text.MemManage_Handler
                0x080013f8        0x2 CMakeFiles/STM32L4_encoder.elf.dir/Core/Src/stm32l4xx_it.c.obj
                0x080013f8                MemManage_Handler
 .text.BusFault_Handler
                0x080013fa        0x2 CMakeFiles/STM32L4_encoder.elf.dir/Core/Src/stm32l4xx_it.c.obj
                0x080013fa                BusFault_Handler
 .text.UsageFault_Handler
                0x080013fc        0x2 CMakeFiles/STM32L4_encoder.elf.dir/Core/Src/stm32l4xx_it.c.obj
                0x080013fc                UsageFault_Handler
 .text.DebugMon_Handler
                0x080013fe        0x2 CMakeFiles/STM32L4_encoder.elf.dir/Core/Src/stm32l4xx_it.c.obj
                0x080013fe                DebugMon_Handler
 .text.TIM1_UP_TIM16_IRQHandler
                0x08001400       0x10 CMakeFiles/STM32L4_encoder.elf.dir/Core/Src/stm32l4xx_it.c.obj
                0x08001400                TIM1_UP_TIM16_IRQHandler
 .text._getpid  0x08001410        0x4 CMakeFiles/STM32L4_encoder.elf.dir/Core/Src/syscalls.c.obj
                0x08001410                _getpid
 .text._kill    0x08001414       0x10 CMakeFiles/STM32L4_encoder.elf.dir/Core/Src/syscalls.c.obj
                0x08001414                _kill
 .text._exit    0x08001424        0xc CMakeFiles/STM32L4_encoder.elf.dir/Core/Src/syscalls.c.obj
                0x08001424                _exit
 .text._read    0x08001430       0x20 CMakeFiles/STM32L4_encoder.elf.dir/Core/Src/syscalls.c.obj
                0x08001430                _read
 .text._write   0x08001450       0x1c CMakeFiles/STM32L4_encoder.elf.dir/Core/Src/syscalls.c.obj
                0x08001450                _write
 .text._close   0x0800146c        0x6 CMakeFiles/STM32L4_encoder.elf.dir/Core/Src/syscalls.c.obj
                0x0800146c                _close
 .text._fstat   0x08001472        0xa CMakeFiles/STM32L4_encoder.elf.dir/Core/Src/syscalls.c.obj
                0x08001472                _fstat
 .text._isatty  0x0800147c        0x4 CMakeFiles/STM32L4_encoder.elf.dir/Core/Src/syscalls.c.obj
                0x0800147c                _isatty
 .text._lseek   0x08001480        0x4 CMakeFiles/STM32L4_encoder.elf.dir/Core/Src/syscalls.c.obj
                0x08001480                _lseek
 .text._sbrk    0x08001484       0x48 CMakeFiles/STM32L4_encoder.elf.dir/Core/Src/sysmem.c.obj
                0x08001484                _sbrk
 .text.SystemInit
                0x080014cc       0x14 CMakeFiles/STM32L4_encoder.elf.dir/Core/Src/system_stm32l4xx.c.obj
                0x080014cc                SystemInit
 .text.MX_USART2_UART_Init
                0x080014e0       0x38 CMakeFiles/STM32L4_encoder.elf.dir/Core/Src/usart.c.obj
                0x080014e0                MX_USART2_UART_Init
 .text.HAL_UART_MspInit
                0x08001518       0x88 CMakeFiles/STM32L4_encoder.elf.dir/Core/Src/usart.c.obj
                0x08001518                HAL_UART_MspInit
 .text.Reset_Handler
                0x080015a0       0x50 CMakeFiles/STM32L4_encoder.elf.dir/Core/Startup/startup_stm32l431rctx.s.obj
                0x080015a0                Reset_Handler
 .text.Default_Handler
                0x080015f0        0x2 CMakeFiles/STM32L4_encoder.elf.dir/Core/Startup/startup_stm32l431rctx.s.obj
                0x080015f0                RTC_Alarm_IRQHandler
                0x080015f0                EXTI2_IRQHandler
                0x080015f0                TIM1_CC_IRQHandler
                0x080015f0                TSC_IRQHandler
                0x080015f0                TAMP_STAMP_IRQHandler
                0x080015f0                EXTI3_IRQHandler
                0x080015f0                LPTIM2_IRQHandler
                0x080015f0                I2C3_ER_IRQHandler
                0x080015f0                EXTI0_IRQHandler
                0x080015f0                I2C2_EV_IRQHandler
                0x080015f0                CAN1_RX0_IRQHandler
                0x080015f0                FPU_IRQHandler
                0x080015f0                SPI1_IRQHandler
                0x080015f0                TIM6_DAC_IRQHandler
                0x080015f0                DMA2_Channel2_IRQHandler
                0x080015f0                DMA1_Channel4_IRQHandler
                0x080015f0                ADC1_IRQHandler
                0x080015f0                USART3_IRQHandler
                0x080015f0                DMA1_Channel7_IRQHandler
                0x080015f0                CAN1_RX1_IRQHandler
                0x080015f0                DMA2_Channel1_IRQHandler
                0x080015f0                QUADSPI_IRQHandler
                0x080015f0                I2C1_EV_IRQHandler
                0x080015f0                DMA1_Channel6_IRQHandler
                0x080015f0                DMA2_Channel4_IRQHandler
                0x080015f0                RCC_IRQHandler
                0x080015f0                TIM1_TRG_COM_IRQHandler
                0x080015f0                DMA1_Channel1_IRQHandler
                0x080015f0                Default_Handler
                0x080015f0                DMA2_Channel7_IRQHandler
                0x080015f0                EXTI15_10_IRQHandler
                0x080015f0                TIM7_IRQHandler
                0x080015f0                SDMMC1_IRQHandler
                0x080015f0                I2C3_EV_IRQHandler
                0x080015f0                EXTI9_5_IRQHandler
                0x080015f0                RTC_WKUP_IRQHandler
                0x080015f0                PVD_PVM_IRQHandler
                0x080015f0                SPI2_IRQHandler
                0x080015f0                CAN1_TX_IRQHandler
                0x080015f0                DMA2_Channel5_IRQHandler
                0x080015f0                CRS_IRQHandler
                0x080015f0                DMA1_Channel5_IRQHandler
                0x080015f0                EXTI4_IRQHandler
                0x080015f0                RNG_IRQHandler
                0x080015f0                DMA1_Channel3_IRQHandler
                0x080015f0                COMP_IRQHandler
                0x080015f0                WWDG_IRQHandler
                0x080015f0                LPUART1_IRQHandler
                0x080015f0                DMA2_Channel6_IRQHandler
                0x080015f0                TIM2_IRQHandler
                0x080015f0                EXTI1_IRQHandler
                0x080015f0                USART2_IRQHandler
                0x080015f0                I2C2_ER_IRQHandler
                0x080015f0                DMA1_Channel2_IRQHandler
                0x080015f0                CAN1_SCE_IRQHandler
                0x080015f0                FLASH_IRQHandler
                0x080015f0                USART1_IRQHandler
                0x080015f0                SPI3_IRQHandler
                0x080015f0                I2C1_ER_IRQHandler
                0x080015f0                SWPMI1_IRQHandler
                0x080015f0                LPTIM1_IRQHandler
                0x080015f0                SAI1_IRQHandler
                0x080015f0                DMA2_Channel3_IRQHandler
                0x080015f0                TIM1_BRK_TIM15_IRQHandler
 .text.HAL_Init
                0x080015f2       0x1e CMakeFiles/STM32L4_encoder.elf.dir/Drivers/STM32L4xx_HAL_Driver/Src/stm32l4xx_hal.c.obj
                0x080015f2                HAL_Init
 .text.HAL_IncTick
                0x08001610       0x18 CMakeFiles/STM32L4_encoder.elf.dir/Drivers/STM32L4xx_HAL_Driver/Src/stm32l4xx_hal.c.obj
                0x08001610                HAL_IncTick
 .text.HAL_GetTick
                0x08001628        0xc CMakeFiles/STM32L4_encoder.elf.dir/Drivers/STM32L4xx_HAL_Driver/Src/stm32l4xx_hal.c.obj
                0x08001628                HAL_GetTick
 .text.HAL_NVIC_SetPriorityGrouping
                0x08001634       0x24 CMakeFiles/STM32L4_encoder.elf.dir/Drivers/STM32L4xx_HAL_Driver/Src/stm32l4xx_hal_cortex.c.obj
                0x08001634                HAL_NVIC_SetPriorityGrouping
 .text.HAL_NVIC_SetPriority
                0x08001658       0x70 CMakeFiles/STM32L4_encoder.elf.dir/Drivers/STM32L4xx_HAL_Driver/Src/stm32l4xx_hal_cortex.c.obj
                0x08001658                HAL_NVIC_SetPriority
 .text.HAL_NVIC_EnableIRQ
                0x080016c8       0x1c CMakeFiles/STM32L4_encoder.elf.dir/Drivers/STM32L4xx_HAL_Driver/Src/stm32l4xx_hal_cortex.c.obj
                0x080016c8                HAL_NVIC_EnableIRQ
 .text.HAL_GPIO_Init
                0x080016e4      0x1c8 CMakeFiles/STM32L4_encoder.elf.dir/Drivers/STM32L4xx_HAL_Driver/Src/stm32l4xx_hal_gpio.c.obj
                0x080016e4                HAL_GPIO_Init
 .text.HAL_GPIO_WritePin
                0x080018ac        0xa CMakeFiles/STM32L4_encoder.elf.dir/Drivers/STM32L4xx_HAL_Driver/Src/stm32l4xx_hal_gpio.c.obj
                0x080018ac                HAL_GPIO_WritePin
 *fill*         0x080018b6        0x2 
 .text.HAL_PWREx_GetVoltageRange
                0x080018b8       0x10 CMakeFiles/STM32L4_encoder.elf.dir/Drivers/STM32L4xx_HAL_Driver/Src/stm32l4xx_hal_pwr_ex.c.obj
                0x080018b8                HAL_PWREx_GetVoltageRange
 .text.HAL_PWREx_ControlVoltageScaling
                0x080018c8       0x90 CMakeFiles/STM32L4_encoder.elf.dir/Drivers/STM32L4xx_HAL_Driver/Src/stm32l4xx_hal_pwr_ex.c.obj
                0x080018c8                HAL_PWREx_ControlVoltageScaling
 .text.RCC_SetFlashLatencyFromMSIRange
                0x08001958       0x90 CMakeFiles/STM32L4_encoder.elf.dir/Drivers/STM32L4xx_HAL_Driver/Src/stm32l4xx_hal_rcc.c.obj
 .text.HAL_RCC_GetSysClockFreq
                0x080019e8       0xb4 CMakeFiles/STM32L4_encoder.elf.dir/Drivers/STM32L4xx_HAL_Driver/Src/stm32l4xx_hal_rcc.c.obj
                0x080019e8                HAL_RCC_GetSysClockFreq
 .text.HAL_RCC_OscConfig
                0x08001a9c      0x66c CMakeFiles/STM32L4_encoder.elf.dir/Drivers/STM32L4xx_HAL_Driver/Src/stm32l4xx_hal_rcc.c.obj
                0x08001a9c                HAL_RCC_OscConfig
 .text.HAL_RCC_ClockConfig
                0x08002108      0x188 CMakeFiles/STM32L4_encoder.elf.dir/Drivers/STM32L4xx_HAL_Driver/Src/stm32l4xx_hal_rcc.c.obj
                0x08002108                HAL_RCC_ClockConfig
 .text.HAL_RCC_GetHCLKFreq
                0x08002290        0xc CMakeFiles/STM32L4_encoder.elf.dir/Drivers/STM32L4xx_HAL_Driver/Src/stm32l4xx_hal_rcc.c.obj
                0x08002290                HAL_RCC_GetHCLKFreq
 .text.HAL_RCC_GetPCLK1Freq
                0x0800229c       0x24 CMakeFiles/STM32L4_encoder.elf.dir/Drivers/STM32L4xx_HAL_Driver/Src/stm32l4xx_hal_rcc.c.obj
                0x0800229c                HAL_RCC_GetPCLK1Freq
 .text.HAL_RCC_GetPCLK2Freq
                0x080022c0       0x24 CMakeFiles/STM32L4_encoder.elf.dir/Drivers/STM32L4xx_HAL_Driver/Src/stm32l4xx_hal_rcc.c.obj
                0x080022c0                HAL_RCC_GetPCLK2Freq
 .text.HAL_RCC_GetClockConfig
                0x080022e4       0x3c CMakeFiles/STM32L4_encoder.elf.dir/Drivers/STM32L4xx_HAL_Driver/Src/stm32l4xx_hal_rcc.c.obj
                0x080022e4                HAL_RCC_GetClockConfig
 .text.RCCEx_PLLSAI1_Config
                0x08002320      0x16c CMakeFiles/STM32L4_encoder.elf.dir/Drivers/STM32L4xx_HAL_Driver/Src/stm32l4xx_hal_rcc_ex.c.obj
 .text.HAL_RCCEx_PeriphCLKConfig
                0x0800248c      0x31c CMakeFiles/STM32L4_encoder.elf.dir/Drivers/STM32L4xx_HAL_Driver/Src/stm32l4xx_hal_rcc_ex.c.obj
                0x0800248c                HAL_RCCEx_PeriphCLKConfig
 .text.HAL_TIM_Base_MspInit
                0x080027a8        0x2 CMakeFiles/STM32L4_encoder.elf.dir/Drivers/STM32L4xx_HAL_Driver/Src/stm32l4xx_hal_tim.c.obj
                0x080027a8                HAL_TIM_Base_MspInit
 *fill*         0x080027aa        0x2 
 .text.HAL_TIM_Base_Start_IT
                0x080027ac       0x6c CMakeFiles/STM32L4_encoder.elf.dir/Drivers/STM32L4xx_HAL_Driver/Src/stm32l4xx_hal_tim.c.obj
                0x080027ac                HAL_TIM_Base_Start_IT
 .text.HAL_TIM_OC_DelayElapsedCallback
                0x08002818        0x2 CMakeFiles/STM32L4_encoder.elf.dir/Drivers/STM32L4xx_HAL_Driver/Src/stm32l4xx_hal_tim.c.obj
                0x08002818                HAL_TIM_OC_DelayElapsedCallback
 .text.HAL_TIM_IC_CaptureCallback
                0x0800281a        0x2 CMakeFiles/STM32L4_encoder.elf.dir/Drivers/STM32L4xx_HAL_Driver/Src/stm32l4xx_hal_tim.c.obj
                0x0800281a                HAL_TIM_IC_CaptureCallback
 .text.HAL_TIM_PWM_PulseFinishedCallback
                0x0800281c        0x2 CMakeFiles/STM32L4_encoder.elf.dir/Drivers/STM32L4xx_HAL_Driver/Src/stm32l4xx_hal_tim.c.obj
                0x0800281c                HAL_TIM_PWM_PulseFinishedCallback
 .text.HAL_TIM_TriggerCallback
                0x0800281e        0x2 CMakeFiles/STM32L4_encoder.elf.dir/Drivers/STM32L4xx_HAL_Driver/Src/stm32l4xx_hal_tim.c.obj
                0x0800281e                HAL_TIM_TriggerCallback
 .text.HAL_TIM_IRQHandler
                0x08002820      0x19a CMakeFiles/STM32L4_encoder.elf.dir/Drivers/STM32L4xx_HAL_Driver/Src/stm32l4xx_hal_tim.c.obj
                0x08002820                HAL_TIM_IRQHandler
 *fill*         0x080029ba        0x2 
 .text.TIM_Base_SetConfig
                0x080029bc       0x70 CMakeFiles/STM32L4_encoder.elf.dir/Drivers/STM32L4xx_HAL_Driver/Src/stm32l4xx_hal_tim.c.obj
                0x080029bc                TIM_Base_SetConfig
 .text.HAL_TIM_Base_Init
                0x08002a2c       0x60 CMakeFiles/STM32L4_encoder.elf.dir/Drivers/STM32L4xx_HAL_Driver/Src/stm32l4xx_hal_tim.c.obj
                0x08002a2c                HAL_TIM_Base_Init
 .text.HAL_TIMEx_CommutCallback
                0x08002a8c        0x2 CMakeFiles/STM32L4_encoder.elf.dir/Drivers/STM32L4xx_HAL_Driver/Src/stm32l4xx_hal_tim_ex.c.obj
                0x08002a8c                HAL_TIMEx_CommutCallback
 .text.HAL_TIMEx_BreakCallback
                0x08002a8e        0x2 CMakeFiles/STM32L4_encoder.elf.dir/Drivers/STM32L4xx_HAL_Driver/Src/stm32l4xx_hal_tim_ex.c.obj
                0x08002a8e                HAL_TIMEx_BreakCallback
 .text.HAL_TIMEx_Break2Callback
                0x08002a90        0x2 CMakeFiles/STM32L4_encoder.elf.dir/Drivers/STM32L4xx_HAL_Driver/Src/stm32l4xx_hal_tim_ex.c.obj
                0x08002a90                HAL_TIMEx_Break2Callback
 *fill*         0x08002a92        0x2 
 .text.UART_SetConfig
                0x08002a94      0x2a0 CMakeFiles/STM32L4_encoder.elf.dir/Drivers/STM32L4xx_HAL_Driver/Src/stm32l4xx_hal_uart.c.obj
                0x08002a94                UART_SetConfig
 .text.UART_AdvFeatureConfig
                0x08002d34       0xca CMakeFiles/STM32L4_encoder.elf.dir/Drivers/STM32L4xx_HAL_Driver/Src/stm32l4xx_hal_uart.c.obj
                0x08002d34                UART_AdvFeatureConfig
 .text.UART_WaitOnFlagUntilTimeout
                0x08002dfe       0xd4 CMakeFiles/STM32L4_encoder.elf.dir/Drivers/STM32L4xx_HAL_Driver/Src/stm32l4xx_hal_uart.c.obj
                0x08002dfe                UART_WaitOnFlagUntilTimeout
 .text.HAL_UART_Transmit
                0x08002ed2       0xd8 CMakeFiles/STM32L4_encoder.elf.dir/Drivers/STM32L4xx_HAL_Driver/Src/stm32l4xx_hal_uart.c.obj
                0x08002ed2                HAL_UART_Transmit
 .text.UART_CheckIdleState
                0x08002faa       0x70 CMakeFiles/STM32L4_encoder.elf.dir/Drivers/STM32L4xx_HAL_Driver/Src/stm32l4xx_hal_uart.c.obj
                0x08002faa                UART_CheckIdleState
 .text.HAL_UART_Init
                0x0800301a       0x62 CMakeFiles/STM32L4_encoder.elf.dir/Drivers/STM32L4xx_HAL_Driver/Src/stm32l4xx_hal_uart.c.obj
                0x0800301a                HAL_UART_Init
 .text.elog_port_init
                0x0800307c       0x14 CMakeFiles/STM32L4_encoder.elf.dir/Easylogger/port/elog_port.c.obj
                0x0800307c                elog_port_init
 .text.elog_port_output
                0x08003090       0x18 CMakeFiles/STM32L4_encoder.elf.dir/Easylogger/port/elog_port.c.obj
                0x08003090                elog_port_output
 .text.elog_port_output_lock
                0x080030a8       0x14 CMakeFiles/STM32L4_encoder.elf.dir/Easylogger/port/elog_port.c.obj
                0x080030a8                elog_port_output_lock
 .text.elog_port_output_unlock
                0x080030bc       0x10 CMakeFiles/STM32L4_encoder.elf.dir/Easylogger/port/elog_port.c.obj
                0x080030bc                elog_port_output_unlock
 .text.elog_port_get_time
                0x080030cc        0x8 CMakeFiles/STM32L4_encoder.elf.dir/Easylogger/port/elog_port.c.obj
                0x080030cc                elog_port_get_time
 .text.elog_port_get_p_info
                0x080030d4        0x8 CMakeFiles/STM32L4_encoder.elf.dir/Easylogger/port/elog_port.c.obj
                0x080030d4                elog_port_get_p_info
 .text.elog_port_get_t_info
                0x080030dc        0x8 CMakeFiles/STM32L4_encoder.elf.dir/Easylogger/port/elog_port.c.obj
                0x080030dc                elog_port_get_t_info
 .text.elog_async_output_notice
                0x080030e4       0x10 CMakeFiles/STM32L4_encoder.elf.dir/Easylogger/port/elog_port.c.obj
                0x080030e4                elog_async_output_notice
 .text.ThreadElog
                0x080030f4       0x40 CMakeFiles/STM32L4_encoder.elf.dir/Easylogger/port/elog_port.c.obj
                0x080030f4                ThreadElog
 .text.elog_set_filter_tag_lvl_default
                0x08003134       0x48 CMakeFiles/STM32L4_encoder.elf.dir/Easylogger/src/elog.c.obj
 .text.elog_set_output_enabled
                0x0800317c        0xc CMakeFiles/STM32L4_encoder.elf.dir/Easylogger/src/elog.c.obj
                0x0800317c                elog_set_output_enabled
 .text.elog_set_text_color_enabled
                0x08003188        0xc CMakeFiles/STM32L4_encoder.elf.dir/Easylogger/src/elog.c.obj
                0x08003188                elog_set_text_color_enabled
 .text.elog_output_lock
                0x08003194       0x28 CMakeFiles/STM32L4_encoder.elf.dir/Easylogger/src/elog.c.obj
                0x08003194                elog_output_lock
 .text.elog_output_unlock
                0x080031bc       0x28 CMakeFiles/STM32L4_encoder.elf.dir/Easylogger/src/elog.c.obj
                0x080031bc                elog_output_unlock
 .text.elog_output
                0x080031e4      0x39c CMakeFiles/STM32L4_encoder.elf.dir/Easylogger/src/elog.c.obj
                0x080031e4                elog_output
 .text.elog_start
                0x08003580       0x50 CMakeFiles/STM32L4_encoder.elf.dir/Easylogger/src/elog.c.obj
                0x08003580                elog_start
 .text.elog_set_fmt
                0x080035d0       0x68 CMakeFiles/STM32L4_encoder.elf.dir/Easylogger/src/elog.c.obj
                0x080035d0                elog_set_fmt
 .text.elog_set_filter_lvl
                0x08003638       0x60 CMakeFiles/STM32L4_encoder.elf.dir/Easylogger/src/elog.c.obj
                0x08003638                elog_set_filter_lvl
 .text.elog_get_filter_tag_lvl
                0x08003698       0xbc CMakeFiles/STM32L4_encoder.elf.dir/Easylogger/src/elog.c.obj
                0x08003698                elog_get_filter_tag_lvl
 .text.get_fmt_enabled
                0x08003754       0x70 CMakeFiles/STM32L4_encoder.elf.dir/Easylogger/src/elog.c.obj
 .text.elog_output_lock_enabled
                0x080037c4       0x34 CMakeFiles/STM32L4_encoder.elf.dir/Easylogger/src/elog.c.obj
                0x080037c4                elog_output_lock_enabled
 .text.elog_init
                0x080037f8       0x54 CMakeFiles/STM32L4_encoder.elf.dir/Easylogger/src/elog.c.obj
                0x080037f8                elog_init
 .text.elog_async_get_buf_used
                0x0800384c       0x40 CMakeFiles/STM32L4_encoder.elf.dir/Easylogger/src/elog_async.c.obj
 .text.async_get_buf_space
                0x0800388c        0xc CMakeFiles/STM32L4_encoder.elf.dir/Easylogger/src/elog_async.c.obj
 .text.async_put_log
                0x08003898       0x7c CMakeFiles/STM32L4_encoder.elf.dir/Easylogger/src/elog_async.c.obj
 .text.elog_async_get_line_log
                0x08003914       0xb4 CMakeFiles/STM32L4_encoder.elf.dir/Easylogger/src/elog_async.c.obj
                0x08003914                elog_async_get_line_log
 .text.elog_async_output
                0x080039c8       0x24 CMakeFiles/STM32L4_encoder.elf.dir/Easylogger/src/elog_async.c.obj
                0x080039c8                elog_async_output
 .text.elog_async_enabled
                0x080039ec        0xc CMakeFiles/STM32L4_encoder.elf.dir/Easylogger/src/elog_async.c.obj
                0x080039ec                elog_async_enabled
 .text.elog_async_init
                0x080039f8       0x14 CMakeFiles/STM32L4_encoder.elf.dir/Easylogger/src/elog_async.c.obj
                0x080039f8                elog_async_init
 .text.elog_strcpy
                0x08003a0c       0xac CMakeFiles/STM32L4_encoder.elf.dir/Easylogger/src/elog_utils.c.obj
                0x08003a0c                elog_strcpy
 .text.elog_cpyln
                0x08003ab8       0xc4 CMakeFiles/STM32L4_encoder.elf.dir/Easylogger/src/elog_utils.c.obj
                0x08003ab8                elog_cpyln
 .text.SysTick_Handler
                0x08003b7c       0x18 CMakeFiles/STM32L4_encoder.elf.dir/Middlewares/Third_Party/FreeRTOS/Source/CMSIS_RTOS_V2/cmsis_os2.c.obj
                0x08003b7c                SysTick_Handler
 .text.osKernelInitialize
                0x08003b94       0x24 CMakeFiles/STM32L4_encoder.elf.dir/Middlewares/Third_Party/FreeRTOS/Source/CMSIS_RTOS_V2/cmsis_os2.c.obj
                0x08003b94                osKernelInitialize
 .text.osKernelStart
                0x08003bb8       0x38 CMakeFiles/STM32L4_encoder.elf.dir/Middlewares/Third_Party/FreeRTOS/Source/CMSIS_RTOS_V2/cmsis_os2.c.obj
                0x08003bb8                osKernelStart
 .text.osThreadNew
                0x08003bf0       0xbc CMakeFiles/STM32L4_encoder.elf.dir/Middlewares/Third_Party/FreeRTOS/Source/CMSIS_RTOS_V2/cmsis_os2.c.obj
                0x08003bf0                osThreadNew
 .text.osThreadTerminate
                0x08003cac       0x30 CMakeFiles/STM32L4_encoder.elf.dir/Middlewares/Third_Party/FreeRTOS/Source/CMSIS_RTOS_V2/cmsis_os2.c.obj
                0x08003cac                osThreadTerminate
 .text.osDelay  0x08003cdc       0x1c CMakeFiles/STM32L4_encoder.elf.dir/Middlewares/Third_Party/FreeRTOS/Source/CMSIS_RTOS_V2/cmsis_os2.c.obj
                0x08003cdc                osDelay
 .text.osSemaphoreNew
                0x08003cf8       0xb4 CMakeFiles/STM32L4_encoder.elf.dir/Middlewares/Third_Party/FreeRTOS/Source/CMSIS_RTOS_V2/cmsis_os2.c.obj
                0x08003cf8                osSemaphoreNew
 .text.osSemaphoreAcquire
                0x08003dac       0x68 CMakeFiles/STM32L4_encoder.elf.dir/Middlewares/Third_Party/FreeRTOS/Source/CMSIS_RTOS_V2/cmsis_os2.c.obj
                0x08003dac                osSemaphoreAcquire
 .text.osSemaphoreRelease
                0x08003e14       0x5e CMakeFiles/STM32L4_encoder.elf.dir/Middlewares/Third_Party/FreeRTOS/Source/CMSIS_RTOS_V2/cmsis_os2.c.obj
                0x08003e14                osSemaphoreRelease
 *fill*         0x08003e72        0x2 
 .text.vApplicationGetIdleTaskMemory
                0x08003e74       0x18 CMakeFiles/STM32L4_encoder.elf.dir/Middlewares/Third_Party/FreeRTOS/Source/CMSIS_RTOS_V2/cmsis_os2.c.obj
                0x08003e74                vApplicationGetIdleTaskMemory
 .text.vApplicationGetTimerTaskMemory
                0x08003e8c       0x18 CMakeFiles/STM32L4_encoder.elf.dir/Middlewares/Third_Party/FreeRTOS/Source/CMSIS_RTOS_V2/cmsis_os2.c.obj
                0x08003e8c                vApplicationGetTimerTaskMemory
 .text.vListInitialise
                0x08003ea4       0x16 CMakeFiles/STM32L4_encoder.elf.dir/Middlewares/Third_Party/FreeRTOS/Source/list.c.obj
                0x08003ea4                vListInitialise
 .text.vListInitialiseItem
                0x08003eba        0x6 CMakeFiles/STM32L4_encoder.elf.dir/Middlewares/Third_Party/FreeRTOS/Source/list.c.obj
                0x08003eba                vListInitialiseItem
 .text.vListInsertEnd
                0x08003ec0       0x16 CMakeFiles/STM32L4_encoder.elf.dir/Middlewares/Third_Party/FreeRTOS/Source/list.c.obj
                0x08003ec0                vListInsertEnd
 .text.vListInsert
                0x08003ed6       0x32 CMakeFiles/STM32L4_encoder.elf.dir/Middlewares/Third_Party/FreeRTOS/Source/list.c.obj
                0x08003ed6                vListInsert
 .text.uxListRemove
                0x08003f08       0x26 CMakeFiles/STM32L4_encoder.elf.dir/Middlewares/Third_Party/FreeRTOS/Source/list.c.obj
                0x08003f08                uxListRemove
 *fill*         0x08003f2e        0x2 
 .text.prvTaskExitError
                0x08003f30       0x40 CMakeFiles/STM32L4_encoder.elf.dir/Middlewares/Third_Party/FreeRTOS/Source/portable/GCC/ARM_CM4F/port.c.obj
 .text.prvPortStartFirstTask
                0x08003f70       0x28 CMakeFiles/STM32L4_encoder.elf.dir/Middlewares/Third_Party/FreeRTOS/Source/portable/GCC/ARM_CM4F/port.c.obj
 .text.vPortEnableVFP
                0x08003f98       0x14 CMakeFiles/STM32L4_encoder.elf.dir/Middlewares/Third_Party/FreeRTOS/Source/portable/GCC/ARM_CM4F/port.c.obj
 .text.pxPortInitialiseStack
                0x08003fac       0x2c CMakeFiles/STM32L4_encoder.elf.dir/Middlewares/Third_Party/FreeRTOS/Source/portable/GCC/ARM_CM4F/port.c.obj
                0x08003fac                pxPortInitialiseStack
 *fill*         0x08003fd8        0x8 
 .text.SVC_Handler
                0x08003fe0       0x24 CMakeFiles/STM32L4_encoder.elf.dir/Middlewares/Third_Party/FreeRTOS/Source/portable/GCC/ARM_CM4F/port.c.obj
                0x08003fe0                SVC_Handler
 .text.vPortEnterCritical
                0x08004004       0x44 CMakeFiles/STM32L4_encoder.elf.dir/Middlewares/Third_Party/FreeRTOS/Source/portable/GCC/ARM_CM4F/port.c.obj
                0x08004004                vPortEnterCritical
 .text.vPortExitCritical
                0x08004048       0x2c CMakeFiles/STM32L4_encoder.elf.dir/Middlewares/Third_Party/FreeRTOS/Source/portable/GCC/ARM_CM4F/port.c.obj
                0x08004048                vPortExitCritical
 *fill*         0x08004074        0xc 
 .text.PendSV_Handler
                0x08004080       0x64 CMakeFiles/STM32L4_encoder.elf.dir/Middlewares/Third_Party/FreeRTOS/Source/portable/GCC/ARM_CM4F/port.c.obj
                0x08004080                PendSV_Handler
 .text.xPortSysTickHandler
                0x080040e4       0x2c CMakeFiles/STM32L4_encoder.elf.dir/Middlewares/Third_Party/FreeRTOS/Source/portable/GCC/ARM_CM4F/port.c.obj
                0x080040e4                xPortSysTickHandler
 .text.vPortSetupTimerInterrupt
                0x08004110       0x28 CMakeFiles/STM32L4_encoder.elf.dir/Middlewares/Third_Party/FreeRTOS/Source/portable/GCC/ARM_CM4F/port.c.obj
                0x08004110                vPortSetupTimerInterrupt
 .text.xPortStartScheduler
                0x08004138      0x118 CMakeFiles/STM32L4_encoder.elf.dir/Middlewares/Third_Party/FreeRTOS/Source/portable/GCC/ARM_CM4F/port.c.obj
                0x08004138                xPortStartScheduler
 .text.vPortValidateInterruptPriority
                0x08004250       0x5c CMakeFiles/STM32L4_encoder.elf.dir/Middlewares/Third_Party/FreeRTOS/Source/portable/GCC/ARM_CM4F/port.c.obj
                0x08004250                vPortValidateInterruptPriority
 .text.prvHeapInit
                0x080042ac       0x68 CMakeFiles/STM32L4_encoder.elf.dir/Middlewares/Third_Party/FreeRTOS/Source/portable/MemMang/heap_4.c.obj
 .text.prvInsertBlockIntoFreeList
                0x08004314       0x64 CMakeFiles/STM32L4_encoder.elf.dir/Middlewares/Third_Party/FreeRTOS/Source/portable/MemMang/heap_4.c.obj
 .text.pvPortMalloc
                0x08004378       0xfc CMakeFiles/STM32L4_encoder.elf.dir/Middlewares/Third_Party/FreeRTOS/Source/portable/MemMang/heap_4.c.obj
                0x08004378                pvPortMalloc
 .text.vPortFree
                0x08004474       0x7c CMakeFiles/STM32L4_encoder.elf.dir/Middlewares/Third_Party/FreeRTOS/Source/portable/MemMang/heap_4.c.obj
                0x08004474                vPortFree
 .text.prvGetDisinheritPriorityAfterTimeout
                0x080044f0       0x10 CMakeFiles/STM32L4_encoder.elf.dir/Middlewares/Third_Party/FreeRTOS/Source/queue.c.obj
 .text.prvIsQueueFull
                0x08004500       0x1e CMakeFiles/STM32L4_encoder.elf.dir/Middlewares/Third_Party/FreeRTOS/Source/queue.c.obj
 .text.prvIsQueueEmpty
                0x0800451e       0x1a CMakeFiles/STM32L4_encoder.elf.dir/Middlewares/Third_Party/FreeRTOS/Source/queue.c.obj
 .text.prvCopyDataToQueue
                0x08004538       0x76 CMakeFiles/STM32L4_encoder.elf.dir/Middlewares/Third_Party/FreeRTOS/Source/queue.c.obj
 .text.prvCopyDataFromQueue
                0x080045ae       0x24 CMakeFiles/STM32L4_encoder.elf.dir/Middlewares/Third_Party/FreeRTOS/Source/queue.c.obj
 .text.prvUnlockQueue
                0x080045d2       0x6e CMakeFiles/STM32L4_encoder.elf.dir/Middlewares/Third_Party/FreeRTOS/Source/queue.c.obj
 .text.xQueueGenericReset
                0x08004640       0x84 CMakeFiles/STM32L4_encoder.elf.dir/Middlewares/Third_Party/FreeRTOS/Source/queue.c.obj
                0x08004640                xQueueGenericReset
 .text.prvInitialiseNewQueue
                0x080046c4       0x22 CMakeFiles/STM32L4_encoder.elf.dir/Middlewares/Third_Party/FreeRTOS/Source/queue.c.obj
 .text.xQueueGenericCreateStatic
                0x080046e6       0x94 CMakeFiles/STM32L4_encoder.elf.dir/Middlewares/Third_Party/FreeRTOS/Source/queue.c.obj
                0x080046e6                xQueueGenericCreateStatic
 .text.xQueueGenericCreate
                0x0800477a       0x48 CMakeFiles/STM32L4_encoder.elf.dir/Middlewares/Third_Party/FreeRTOS/Source/queue.c.obj
                0x0800477a                xQueueGenericCreate
 .text.xQueueCreateCountingSemaphoreStatic
                0x080047c2       0x46 CMakeFiles/STM32L4_encoder.elf.dir/Middlewares/Third_Party/FreeRTOS/Source/queue.c.obj
                0x080047c2                xQueueCreateCountingSemaphoreStatic
 .text.xQueueCreateCountingSemaphore
                0x08004808       0x3c CMakeFiles/STM32L4_encoder.elf.dir/Middlewares/Third_Party/FreeRTOS/Source/queue.c.obj
                0x08004808                xQueueCreateCountingSemaphore
 .text.xQueueGenericSend
                0x08004844      0x188 CMakeFiles/STM32L4_encoder.elf.dir/Middlewares/Third_Party/FreeRTOS/Source/queue.c.obj
                0x08004844                xQueueGenericSend
 .text.xQueueGenericSendFromISR
                0x080049cc       0xce CMakeFiles/STM32L4_encoder.elf.dir/Middlewares/Third_Party/FreeRTOS/Source/queue.c.obj
                0x080049cc                xQueueGenericSendFromISR
 .text.xQueueGiveFromISR
                0x08004a9a       0xb2 CMakeFiles/STM32L4_encoder.elf.dir/Middlewares/Third_Party/FreeRTOS/Source/queue.c.obj
                0x08004a9a                xQueueGiveFromISR
 .text.xQueueReceive
                0x08004b4c      0x15e CMakeFiles/STM32L4_encoder.elf.dir/Middlewares/Third_Party/FreeRTOS/Source/queue.c.obj
                0x08004b4c                xQueueReceive
 .text.xQueueSemaphoreTake
                0x08004caa      0x1a6 CMakeFiles/STM32L4_encoder.elf.dir/Middlewares/Third_Party/FreeRTOS/Source/queue.c.obj
                0x08004caa                xQueueSemaphoreTake
 .text.xQueueReceiveFromISR
                0x08004e50       0xa8 CMakeFiles/STM32L4_encoder.elf.dir/Middlewares/Third_Party/FreeRTOS/Source/queue.c.obj
                0x08004e50                xQueueReceiveFromISR
 .text.vQueueAddToRegistry
                0x08004ef8       0x28 CMakeFiles/STM32L4_encoder.elf.dir/Middlewares/Third_Party/FreeRTOS/Source/queue.c.obj
                0x08004ef8                vQueueAddToRegistry
 .text.vQueueUnregisterQueue
                0x08004f20       0x2c CMakeFiles/STM32L4_encoder.elf.dir/Middlewares/Third_Party/FreeRTOS/Source/queue.c.obj
                0x08004f20                vQueueUnregisterQueue
 .text.vQueueDelete
                0x08004f4c       0x2c CMakeFiles/STM32L4_encoder.elf.dir/Middlewares/Third_Party/FreeRTOS/Source/queue.c.obj
                0x08004f4c                vQueueDelete
 .text.vQueueWaitForMessageRestricted
                0x08004f78       0x52 CMakeFiles/STM32L4_encoder.elf.dir/Middlewares/Third_Party/FreeRTOS/Source/queue.c.obj
                0x08004f78                vQueueWaitForMessageRestricted
 *fill*         0x08004fca        0x2 
 .text.prvResetNextTaskUnblockTime
                0x08004fcc       0x2c CMakeFiles/STM32L4_encoder.elf.dir/Middlewares/Third_Party/FreeRTOS/Source/tasks.c.obj
 .text.prvInitialiseNewTask
                0x08004ff8       0xa6 CMakeFiles/STM32L4_encoder.elf.dir/Middlewares/Third_Party/FreeRTOS/Source/tasks.c.obj
 *fill*         0x0800509e        0x2 
 .text.prvInitialiseTaskLists
                0x080050a0       0x68 CMakeFiles/STM32L4_encoder.elf.dir/Middlewares/Third_Party/FreeRTOS/Source/tasks.c.obj
 .text.prvAddNewTaskToReadyList
                0x08005108       0xac CMakeFiles/STM32L4_encoder.elf.dir/Middlewares/Third_Party/FreeRTOS/Source/tasks.c.obj
 .text.prvDeleteTCB
                0x080051b4       0x38 CMakeFiles/STM32L4_encoder.elf.dir/Middlewares/Third_Party/FreeRTOS/Source/tasks.c.obj
 .text.prvCheckTasksWaitingTermination
                0x080051ec       0x4c CMakeFiles/STM32L4_encoder.elf.dir/Middlewares/Third_Party/FreeRTOS/Source/tasks.c.obj
 .text.prvIdleTask
                0x08005238       0x28 CMakeFiles/STM32L4_encoder.elf.dir/Middlewares/Third_Party/FreeRTOS/Source/tasks.c.obj
 .text.prvAddCurrentTaskToDelayedList
                0x08005260       0x7c CMakeFiles/STM32L4_encoder.elf.dir/Middlewares/Third_Party/FreeRTOS/Source/tasks.c.obj
 .text.xTaskCreateStatic
                0x080052dc       0x76 CMakeFiles/STM32L4_encoder.elf.dir/Middlewares/Third_Party/FreeRTOS/Source/tasks.c.obj
                0x080052dc                xTaskCreateStatic
 .text.xTaskCreate
                0x08005352       0x68 CMakeFiles/STM32L4_encoder.elf.dir/Middlewares/Third_Party/FreeRTOS/Source/tasks.c.obj
                0x08005352                xTaskCreate
 *fill*         0x080053ba        0x2 
 .text.vTaskDelete
                0x080053bc       0xb8 CMakeFiles/STM32L4_encoder.elf.dir/Middlewares/Third_Party/FreeRTOS/Source/tasks.c.obj
                0x080053bc                vTaskDelete
 .text.eTaskGetState
                0x08005474       0x90 CMakeFiles/STM32L4_encoder.elf.dir/Middlewares/Third_Party/FreeRTOS/Source/tasks.c.obj
                0x08005474                eTaskGetState
 .text.vTaskStartScheduler
                0x08005504       0x9c CMakeFiles/STM32L4_encoder.elf.dir/Middlewares/Third_Party/FreeRTOS/Source/tasks.c.obj
                0x08005504                vTaskStartScheduler
 .text.vTaskSuspendAll
                0x080055a0       0x10 CMakeFiles/STM32L4_encoder.elf.dir/Middlewares/Third_Party/FreeRTOS/Source/tasks.c.obj
                0x080055a0                vTaskSuspendAll
 .text.xTaskGetTickCount
                0x080055b0        0xc CMakeFiles/STM32L4_encoder.elf.dir/Middlewares/Third_Party/FreeRTOS/Source/tasks.c.obj
                0x080055b0                xTaskGetTickCount
 .text.xTaskIncrementTick
                0x080055bc      0x118 CMakeFiles/STM32L4_encoder.elf.dir/Middlewares/Third_Party/FreeRTOS/Source/tasks.c.obj
                0x080055bc                xTaskIncrementTick
 .text.xTaskResumeAll
                0x080056d4       0xf8 CMakeFiles/STM32L4_encoder.elf.dir/Middlewares/Third_Party/FreeRTOS/Source/tasks.c.obj
                0x080056d4                xTaskResumeAll
 .text.vTaskDelay
                0x080057cc       0x4c CMakeFiles/STM32L4_encoder.elf.dir/Middlewares/Third_Party/FreeRTOS/Source/tasks.c.obj
                0x080057cc                vTaskDelay
 .text.vTaskSwitchContext
                0x08005818       0x94 CMakeFiles/STM32L4_encoder.elf.dir/Middlewares/Third_Party/FreeRTOS/Source/tasks.c.obj
                0x08005818                vTaskSwitchContext
 .text.vTaskPlaceOnEventList
                0x080058ac       0x30 CMakeFiles/STM32L4_encoder.elf.dir/Middlewares/Third_Party/FreeRTOS/Source/tasks.c.obj
                0x080058ac                vTaskPlaceOnEventList
 .text.vTaskPlaceOnEventListRestricted
                0x080058dc       0x38 CMakeFiles/STM32L4_encoder.elf.dir/Middlewares/Third_Party/FreeRTOS/Source/tasks.c.obj
                0x080058dc                vTaskPlaceOnEventListRestricted
 .text.xTaskRemoveFromEventList
                0x08005914       0x8c CMakeFiles/STM32L4_encoder.elf.dir/Middlewares/Third_Party/FreeRTOS/Source/tasks.c.obj
                0x08005914                xTaskRemoveFromEventList
 .text.vTaskInternalSetTimeOutState
                0x080059a0       0x18 CMakeFiles/STM32L4_encoder.elf.dir/Middlewares/Third_Party/FreeRTOS/Source/tasks.c.obj
                0x080059a0                vTaskInternalSetTimeOutState
 .text.xTaskCheckForTimeOut
                0x080059b8       0x84 CMakeFiles/STM32L4_encoder.elf.dir/Middlewares/Third_Party/FreeRTOS/Source/tasks.c.obj
                0x080059b8                xTaskCheckForTimeOut
 .text.vTaskMissedYield
                0x08005a3c        0xc CMakeFiles/STM32L4_encoder.elf.dir/Middlewares/Third_Party/FreeRTOS/Source/tasks.c.obj
                0x08005a3c                vTaskMissedYield
 .text.xTaskGetSchedulerState
                0x08005a48       0x20 CMakeFiles/STM32L4_encoder.elf.dir/Middlewares/Third_Party/FreeRTOS/Source/tasks.c.obj
                0x08005a48                xTaskGetSchedulerState
 .text.xTaskPriorityInherit
                0x08005a68       0x98 CMakeFiles/STM32L4_encoder.elf.dir/Middlewares/Third_Party/FreeRTOS/Source/tasks.c.obj
                0x08005a68                xTaskPriorityInherit
 .text.xTaskPriorityDisinherit
                0x08005b00       0x90 CMakeFiles/STM32L4_encoder.elf.dir/Middlewares/Third_Party/FreeRTOS/Source/tasks.c.obj
                0x08005b00                xTaskPriorityDisinherit
 .text.vTaskPriorityDisinheritAfterTimeout
                0x08005b90       0xa0 CMakeFiles/STM32L4_encoder.elf.dir/Middlewares/Third_Party/FreeRTOS/Source/tasks.c.obj
                0x08005b90                vTaskPriorityDisinheritAfterTimeout
 .text.pvTaskIncrementMutexHeldCount
                0x08005c30       0x1c CMakeFiles/STM32L4_encoder.elf.dir/Middlewares/Third_Party/FreeRTOS/Source/tasks.c.obj
                0x08005c30                pvTaskIncrementMutexHeldCount
 .text.prvGetNextExpireTime
                0x08005c4c       0x20 CMakeFiles/STM32L4_encoder.elf.dir/Middlewares/Third_Party/FreeRTOS/Source/timers.c.obj
 .text.prvInsertTimerInActiveList
                0x08005c6c       0x48 CMakeFiles/STM32L4_encoder.elf.dir/Middlewares/Third_Party/FreeRTOS/Source/timers.c.obj
 .text.prvCheckForValidListAndQueue
                0x08005cb4       0x70 CMakeFiles/STM32L4_encoder.elf.dir/Middlewares/Third_Party/FreeRTOS/Source/timers.c.obj
 .text.xTimerCreateTimerTask
                0x08005d24       0x64 CMakeFiles/STM32L4_encoder.elf.dir/Middlewares/Third_Party/FreeRTOS/Source/timers.c.obj
                0x08005d24                xTimerCreateTimerTask
 .text.xTimerGenericCommand
                0x08005d88       0x6c CMakeFiles/STM32L4_encoder.elf.dir/Middlewares/Third_Party/FreeRTOS/Source/timers.c.obj
                0x08005d88                xTimerGenericCommand
 .text.prvSwitchTimerLists
                0x08005df4       0x7c CMakeFiles/STM32L4_encoder.elf.dir/Middlewares/Third_Party/FreeRTOS/Source/timers.c.obj
 .text.prvSampleTimeNow
                0x08005e70       0x2c CMakeFiles/STM32L4_encoder.elf.dir/Middlewares/Third_Party/FreeRTOS/Source/timers.c.obj
 .text.prvProcessExpiredTimer
                0x08005e9c       0x6c CMakeFiles/STM32L4_encoder.elf.dir/Middlewares/Third_Party/FreeRTOS/Source/timers.c.obj
 .text.prvProcessTimerOrBlockTask
                0x08005f08       0x74 CMakeFiles/STM32L4_encoder.elf.dir/Middlewares/Third_Party/FreeRTOS/Source/timers.c.obj
 .text.prvProcessReceivedCommands
                0x08005f7c      0x10c CMakeFiles/STM32L4_encoder.elf.dir/Middlewares/Third_Party/FreeRTOS/Source/timers.c.obj
 .text.prvTimerTask
                0x08006088       0x16 CMakeFiles/STM32L4_encoder.elf.dir/Middlewares/Third_Party/FreeRTOS/Source/timers.c.obj
 *fill*         0x0800609e        0x2 
 .text.my_task  0x080060a0       0x3c CMakeFiles/STM32L4_encoder.elf.dir/Task/my_task.c.obj
                0x080060a0                my_task
 .text.__errno  0x080060dc        0xc d:/programdata/stm32cube/gcc-arm-none-eabi-10.3-2021.10/bin/../lib/gcc/arm-none-eabi/10.3.1/../../../../arm-none-eabi/lib/thumb/v7e-m+fp/hard\libg.a(lib_a-errno.o)
                0x080060dc                __errno
 .text.__libc_init_array
                0x080060e8       0x48 d:/programdata/stm32cube/gcc-arm-none-eabi-10.3-2021.10/bin/../lib/gcc/arm-none-eabi/10.3.1/../../../../arm-none-eabi/lib/thumb/v7e-m+fp/hard\libg.a(lib_a-init.o)
                0x080060e8                __libc_init_array
 .text.memset   0x08006130       0xa4 d:/programdata/stm32cube/gcc-arm-none-eabi-10.3-2021.10/bin/../lib/gcc/arm-none-eabi/10.3.1/../../../../arm-none-eabi/lib/thumb/v7e-m+fp/hard\libg.a(lib_a-memset.o)
                0x08006130                memset
 .text.snprintf
                0x080061d4       0x88 d:/programdata/stm32cube/gcc-arm-none-eabi-10.3-2021.10/bin/../lib/gcc/arm-none-eabi/10.3.1/../../../../arm-none-eabi/lib/thumb/v7e-m+fp/hard\libg.a(lib_a-snprintf.o)
                0x080061d4                snprintf
 .text.strncmp  0x0800625c       0x80 d:/programdata/stm32cube/gcc-arm-none-eabi-10.3-2021.10/bin/../lib/gcc/arm-none-eabi/10.3.1/../../../../arm-none-eabi/lib/thumb/v7e-m+fp/hard\libg.a(lib_a-strncmp.o)
                0x0800625c                strncmp
 .text.strncpy  0x080062dc       0x64 d:/programdata/stm32cube/gcc-arm-none-eabi-10.3-2021.10/bin/../lib/gcc/arm-none-eabi/10.3.1/../../../../arm-none-eabi/lib/thumb/v7e-m+fp/hard\libg.a(lib_a-strncpy.o)
                0x080062dc                strncpy
 .text.two_way_long_needle
                0x08006340      0x2b4 d:/programdata/stm32cube/gcc-arm-none-eabi-10.3-2021.10/bin/../lib/gcc/arm-none-eabi/10.3.1/../../../../arm-none-eabi/lib/thumb/v7e-m+fp/hard\libg.a(lib_a-strstr.o)
 .text.strstr   0x080065f4      0x168 d:/programdata/stm32cube/gcc-arm-none-eabi-10.3-2021.10/bin/../lib/gcc/arm-none-eabi/10.3.1/../../../../arm-none-eabi/lib/thumb/v7e-m+fp/hard\libg.a(lib_a-strstr.o)
                0x080065f4                strstr
 *fill*         0x0800675c        0x4 
 .text._svfprintf_r
                0x08006760     0x1acc d:/programdata/stm32cube/gcc-arm-none-eabi-10.3-2021.10/bin/../lib/gcc/arm-none-eabi/10.3.1/../../../../arm-none-eabi/lib/thumb/v7e-m+fp/hard\libg.a(lib_a-svfprintf.o)
                0x08006760                _svfprintf_r
 .text.vsnprintf
                0x0800822c       0x70 d:/programdata/stm32cube/gcc-arm-none-eabi-10.3-2021.10/bin/../lib/gcc/arm-none-eabi/10.3.1/../../../../arm-none-eabi/lib/thumb/v7e-m+fp/hard\libg.a(lib_a-vsnprintf.o)
                0x0800822c                vsnprintf
 .text.startup.register_fini
                0x0800829c       0x14 d:/programdata/stm32cube/gcc-arm-none-eabi-10.3-2021.10/bin/../lib/gcc/arm-none-eabi/10.3.1/../../../../arm-none-eabi/lib/thumb/v7e-m+fp/hard\libg.a(lib_a-__call_atexit.o)
 .text.atexit   0x080082b0        0xc d:/programdata/stm32cube/gcc-arm-none-eabi-10.3-2021.10/bin/../lib/gcc/arm-none-eabi/10.3.1/../../../../arm-none-eabi/lib/thumb/v7e-m+fp/hard\libg.a(lib_a-atexit.o)
                0x080082b0                atexit
 .text.quorem   0x080082bc      0x128 d:/programdata/stm32cube/gcc-arm-none-eabi-10.3-2021.10/bin/../lib/gcc/arm-none-eabi/10.3.1/../../../../arm-none-eabi/lib/thumb/v7e-m+fp/hard\libg.a(lib_a-dtoa.o)
 *fill*         0x080083e4        0x4 
 .text._dtoa_r  0x080083e8      0xf3c d:/programdata/stm32cube/gcc-arm-none-eabi-10.3-2021.10/bin/../lib/gcc/arm-none-eabi/10.3.1/../../../../arm-none-eabi/lib/thumb/v7e-m+fp/hard\libg.a(lib_a-dtoa.o)
                0x080083e8                _dtoa_r
 .text.__libc_fini_array
                0x08009324       0x2c d:/programdata/stm32cube/gcc-arm-none-eabi-10.3-2021.10/bin/../lib/gcc/arm-none-eabi/10.3.1/../../../../arm-none-eabi/lib/thumb/v7e-m+fp/hard\libg.a(lib_a-fini.o)
                0x08009324                __libc_fini_array
 .text._malloc_trim_r
                0x08009350       0xa0 d:/programdata/stm32cube/gcc-arm-none-eabi-10.3-2021.10/bin/../lib/gcc/arm-none-eabi/10.3.1/../../../../arm-none-eabi/lib/thumb/v7e-m+fp/hard\libg.a(lib_a-freer.o)
                0x08009350                _malloc_trim_r
 .text._free_r  0x080093f0      0x20c d:/programdata/stm32cube/gcc-arm-none-eabi-10.3-2021.10/bin/../lib/gcc/arm-none-eabi/10.3.1/../../../../arm-none-eabi/lib/thumb/v7e-m+fp/hard\libg.a(lib_a-freer.o)
                0x080093f0                _free_r
 .text._localeconv_r
                0x080095fc        0x8 d:/programdata/stm32cube/gcc-arm-none-eabi-10.3-2021.10/bin/../lib/gcc/arm-none-eabi/10.3.1/../../../../arm-none-eabi/lib/thumb/v7e-m+fp/hard\libg.a(lib_a-localeconv.o)
                0x080095fc                _localeconv_r
 .text.__retarget_lock_init_recursive
                0x08009604        0x4 d:/programdata/stm32cube/gcc-arm-none-eabi-10.3-2021.10/bin/../lib/gcc/arm-none-eabi/10.3.1/../../../../arm-none-eabi/lib/thumb/v7e-m+fp/hard\libg.a(lib_a-lock.o)
                0x08009604                __retarget_lock_init_recursive
 .text.__retarget_lock_close_recursive
                0x08009608        0x4 d:/programdata/stm32cube/gcc-arm-none-eabi-10.3-2021.10/bin/../lib/gcc/arm-none-eabi/10.3.1/../../../../arm-none-eabi/lib/thumb/v7e-m+fp/hard\libg.a(lib_a-lock.o)
                0x08009608                __retarget_lock_close_recursive
 .text.__retarget_lock_acquire_recursive
                0x0800960c        0x4 d:/programdata/stm32cube/gcc-arm-none-eabi-10.3-2021.10/bin/../lib/gcc/arm-none-eabi/10.3.1/../../../../arm-none-eabi/lib/thumb/v7e-m+fp/hard\libg.a(lib_a-lock.o)
                0x0800960c                __retarget_lock_acquire_recursive
 .text.__retarget_lock_release_recursive
                0x08009610        0x4 d:/programdata/stm32cube/gcc-arm-none-eabi-10.3-2021.10/bin/../lib/gcc/arm-none-eabi/10.3.1/../../../../arm-none-eabi/lib/thumb/v7e-m+fp/hard\libg.a(lib_a-lock.o)
                0x08009610                __retarget_lock_release_recursive
 .text._malloc_r
                0x08009614      0x560 d:/programdata/stm32cube/gcc-arm-none-eabi-10.3-2021.10/bin/../lib/gcc/arm-none-eabi/10.3.1/../../../../arm-none-eabi/lib/thumb/v7e-m+fp/hard\libg.a(lib_a-mallocr.o)
                0x08009614                _malloc_r
 .text.memcmp   0x08009b74       0x64 d:/programdata/stm32cube/gcc-arm-none-eabi-10.3-2021.10/bin/../lib/gcc/arm-none-eabi/10.3.1/../../../../arm-none-eabi/lib/thumb/v7e-m+fp/hard\libg.a(lib_a-memcmp.o)
                0x08009b74                memcmp
 .text.__malloc_lock
                0x08009bd8        0xc d:/programdata/stm32cube/gcc-arm-none-eabi-10.3-2021.10/bin/../lib/gcc/arm-none-eabi/10.3.1/../../../../arm-none-eabi/lib/thumb/v7e-m+fp/hard\libg.a(lib_a-mlock.o)
                0x08009bd8                __malloc_lock
 .text.__malloc_unlock
                0x08009be4        0xc d:/programdata/stm32cube/gcc-arm-none-eabi-10.3-2021.10/bin/../lib/gcc/arm-none-eabi/10.3.1/../../../../arm-none-eabi/lib/thumb/v7e-m+fp/hard\libg.a(lib_a-mlock.o)
                0x08009be4                __malloc_unlock
 .text._Balloc  0x08009bf0       0x4c d:/programdata/stm32cube/gcc-arm-none-eabi-10.3-2021.10/bin/../lib/gcc/arm-none-eabi/10.3.1/../../../../arm-none-eabi/lib/thumb/v7e-m+fp/hard\libg.a(lib_a-mprec.o)
                0x08009bf0                _Balloc
 .text._Bfree   0x08009c3c       0x14 d:/programdata/stm32cube/gcc-arm-none-eabi-10.3-2021.10/bin/../lib/gcc/arm-none-eabi/10.3.1/../../../../arm-none-eabi/lib/thumb/v7e-m+fp/hard\libg.a(lib_a-mprec.o)
                0x08009c3c                _Bfree
 .text.__multadd
                0x08009c50       0xa8 d:/programdata/stm32cube/gcc-arm-none-eabi-10.3-2021.10/bin/../lib/gcc/arm-none-eabi/10.3.1/../../../../arm-none-eabi/lib/thumb/v7e-m+fp/hard\libg.a(lib_a-mprec.o)
                0x08009c50                __multadd
 .text.__hi0bits
                0x08009cf8       0x40 d:/programdata/stm32cube/gcc-arm-none-eabi-10.3-2021.10/bin/../lib/gcc/arm-none-eabi/10.3.1/../../../../arm-none-eabi/lib/thumb/v7e-m+fp/hard\libg.a(lib_a-mprec.o)
                0x08009cf8                __hi0bits
 .text.__lo0bits
                0x08009d38       0x60 d:/programdata/stm32cube/gcc-arm-none-eabi-10.3-2021.10/bin/../lib/gcc/arm-none-eabi/10.3.1/../../../../arm-none-eabi/lib/thumb/v7e-m+fp/hard\libg.a(lib_a-mprec.o)
                0x08009d38                __lo0bits
 .text.__i2b    0x08009d98       0x5c d:/programdata/stm32cube/gcc-arm-none-eabi-10.3-2021.10/bin/../lib/gcc/arm-none-eabi/10.3.1/../../../../arm-none-eabi/lib/thumb/v7e-m+fp/hard\libg.a(lib_a-mprec.o)
                0x08009d98                __i2b
 .text.__multiply
                0x08009df4      0x15c d:/programdata/stm32cube/gcc-arm-none-eabi-10.3-2021.10/bin/../lib/gcc/arm-none-eabi/10.3.1/../../../../arm-none-eabi/lib/thumb/v7e-m+fp/hard\libg.a(lib_a-mprec.o)
                0x08009df4                __multiply
 .text.__pow5mult
                0x08009f50       0xc0 d:/programdata/stm32cube/gcc-arm-none-eabi-10.3-2021.10/bin/../lib/gcc/arm-none-eabi/10.3.1/../../../../arm-none-eabi/lib/thumb/v7e-m+fp/hard\libg.a(lib_a-mprec.o)
                0x08009f50                __pow5mult
 .text.__lshift
                0x0800a010       0xf0 d:/programdata/stm32cube/gcc-arm-none-eabi-10.3-2021.10/bin/../lib/gcc/arm-none-eabi/10.3.1/../../../../arm-none-eabi/lib/thumb/v7e-m+fp/hard\libg.a(lib_a-mprec.o)
                0x0800a010                __lshift
 .text.__mcmp   0x0800a100       0x44 d:/programdata/stm32cube/gcc-arm-none-eabi-10.3-2021.10/bin/../lib/gcc/arm-none-eabi/10.3.1/../../../../arm-none-eabi/lib/thumb/v7e-m+fp/hard\libg.a(lib_a-mprec.o)
                0x0800a100                __mcmp
 .text.__mdiff  0x0800a144      0x14c d:/programdata/stm32cube/gcc-arm-none-eabi-10.3-2021.10/bin/../lib/gcc/arm-none-eabi/10.3.1/../../../../arm-none-eabi/lib/thumb/v7e-m+fp/hard\libg.a(lib_a-mprec.o)
                0x0800a144                __mdiff
 .text.__d2b    0x0800a290       0xd0 d:/programdata/stm32cube/gcc-arm-none-eabi-10.3-2021.10/bin/../lib/gcc/arm-none-eabi/10.3.1/../../../../arm-none-eabi/lib/thumb/v7e-m+fp/hard\libg.a(lib_a-mprec.o)
                0x0800a290                __d2b
 .text.frexp    0x0800a360       0x6c d:/programdata/stm32cube/gcc-arm-none-eabi-10.3-2021.10/bin/../lib/gcc/arm-none-eabi/10.3.1/../../../../arm-none-eabi/lib/thumb/v7e-m+fp/hard\libg.a(lib_a-s_frexp.o)
                0x0800a360                frexp
 .text._sbrk_r  0x0800a3cc       0x24 d:/programdata/stm32cube/gcc-arm-none-eabi-10.3-2021.10/bin/../lib/gcc/arm-none-eabi/10.3.1/../../../../arm-none-eabi/lib/thumb/v7e-m+fp/hard\libg.a(lib_a-sbrkr.o)
                0x0800a3cc                _sbrk_r
 .text.strchr   0x0800a3f0       0xcc d:/programdata/stm32cube/gcc-arm-none-eabi-10.3-2021.10/bin/../lib/gcc/arm-none-eabi/10.3.1/../../../../arm-none-eabi/lib/thumb/v7e-m+fp/hard\libg.a(lib_a-strchr.o)
                0x0800a3f0                strchr
 .text.strnlen  0x0800a4bc       0x24 d:/programdata/stm32cube/gcc-arm-none-eabi-10.3-2021.10/bin/../lib/gcc/arm-none-eabi/10.3.1/../../../../arm-none-eabi/lib/thumb/v7e-m+fp/hard\libg.a(lib_a-strnlen.o)
                0x0800a4bc                strnlen
 .text.__ssprint_r
                0x0800a4e0       0xf8 d:/programdata/stm32cube/gcc-arm-none-eabi-10.3-2021.10/bin/../lib/gcc/arm-none-eabi/10.3.1/../../../../arm-none-eabi/lib/thumb/v7e-m+fp/hard\libg.a(lib_a-svfiprintf.o)
                0x0800a4e0                __ssprint_r
 .text.__register_exitproc
                0x0800a5d8       0x8c d:/programdata/stm32cube/gcc-arm-none-eabi-10.3-2021.10/bin/../lib/gcc/arm-none-eabi/10.3.1/../../../../arm-none-eabi/lib/thumb/v7e-m+fp/hard\libg.a(lib_a-__atexit.o)
                0x0800a5d8                __register_exitproc
 .text.__assert_func
                0x0800a664       0x40 d:/programdata/stm32cube/gcc-arm-none-eabi-10.3-2021.10/bin/../lib/gcc/arm-none-eabi/10.3.1/../../../../arm-none-eabi/lib/thumb/v7e-m+fp/hard\libg.a(lib_a-assert.o)
                0x0800a664                __assert_func
 .text._calloc_r
                0x0800a6a4       0x78 d:/programdata/stm32cube/gcc-arm-none-eabi-10.3-2021.10/bin/../lib/gcc/arm-none-eabi/10.3.1/../../../../arm-none-eabi/lib/thumb/v7e-m+fp/hard\libg.a(lib_a-callocr.o)
                0x0800a6a4                _calloc_r
 .text.fiprintf
                0x0800a71c       0x28 d:/programdata/stm32cube/gcc-arm-none-eabi-10.3-2021.10/bin/../lib/gcc/arm-none-eabi/10.3.1/../../../../arm-none-eabi/lib/thumb/v7e-m+fp/hard\libg.a(lib_a-fiprintf.o)
                0x0800a71c                fiprintf
 .text.__locale_mb_cur_max
                0x0800a744        0xc d:/programdata/stm32cube/gcc-arm-none-eabi-10.3-2021.10/bin/../lib/gcc/arm-none-eabi/10.3.1/../../../../arm-none-eabi/lib/thumb/v7e-m+fp/hard\libg.a(lib_a-locale.o)
                0x0800a744                __locale_mb_cur_max
 .text.__ascii_mbtowc
                0x0800a750       0x2c d:/programdata/stm32cube/gcc-arm-none-eabi-10.3-2021.10/bin/../lib/gcc/arm-none-eabi/10.3.1/../../../../arm-none-eabi/lib/thumb/v7e-m+fp/hard\libg.a(lib_a-mbtowc_r.o)
                0x0800a750                __ascii_mbtowc
 .text.memmove  0x0800a77c       0xf8 d:/programdata/stm32cube/gcc-arm-none-eabi-10.3-2021.10/bin/../lib/gcc/arm-none-eabi/10.3.1/../../../../arm-none-eabi/lib/thumb/v7e-m+fp/hard\libg.a(lib_a-memmove.o)
                0x0800a77c                memmove
 .text._realloc_r
                0x0800a874      0x3d8 d:/programdata/stm32cube/gcc-arm-none-eabi-10.3-2021.10/bin/../lib/gcc/arm-none-eabi/10.3.1/../../../../arm-none-eabi/lib/thumb/v7e-m+fp/hard\libg.a(lib_a-reallocr.o)
                0x0800a874                _realloc_r
 .text.__sprint_r.part.0
                0x0800ac4c       0x78 d:/programdata/stm32cube/gcc-arm-none-eabi-10.3-2021.10/bin/../lib/gcc/arm-none-eabi/10.3.1/../../../../arm-none-eabi/lib/thumb/v7e-m+fp/hard\libg.a(lib_a-vfiprintf.o)
 .text._vfiprintf_r
                0x0800acc4      0xdfc d:/programdata/stm32cube/gcc-arm-none-eabi-10.3-2021.10/bin/../lib/gcc/arm-none-eabi/10.3.1/../../../../arm-none-eabi/lib/thumb/v7e-m+fp/hard\libg.a(lib_a-vfiprintf.o)
                0x0800acc4                _vfiprintf_r
 .text.__sbprintf
                0x0800bac0       0x80 d:/programdata/stm32cube/gcc-arm-none-eabi-10.3-2021.10/bin/../lib/gcc/arm-none-eabi/10.3.1/../../../../arm-none-eabi/lib/thumb/v7e-m+fp/hard\libg.a(lib_a-vfiprintf.o)
 .text.__ascii_wctomb
                0x0800bb40       0x1c d:/programdata/stm32cube/gcc-arm-none-eabi-10.3-2021.10/bin/../lib/gcc/arm-none-eabi/10.3.1/../../../../arm-none-eabi/lib/thumb/v7e-m+fp/hard\libg.a(lib_a-wctomb_r.o)
                0x0800bb40                __ascii_wctomb
 .text.__swsetup_r
                0x0800bb5c       0xd4 d:/programdata/stm32cube/gcc-arm-none-eabi-10.3-2021.10/bin/../lib/gcc/arm-none-eabi/10.3.1/../../../../arm-none-eabi/lib/thumb/v7e-m+fp/hard\libg.a(lib_a-wsetup.o)
                0x0800bb5c                __swsetup_r
 .text.abort    0x0800bc30       0x10 d:/programdata/stm32cube/gcc-arm-none-eabi-10.3-2021.10/bin/../lib/gcc/arm-none-eabi/10.3.1/../../../../arm-none-eabi/lib/thumb/v7e-m+fp/hard\libg.a(lib_a-abort.o)
                0x0800bc30                abort
 .text.__sflush_r
                0x0800bc40      0x130 d:/programdata/stm32cube/gcc-arm-none-eabi-10.3-2021.10/bin/../lib/gcc/arm-none-eabi/10.3.1/../../../../arm-none-eabi/lib/thumb/v7e-m+fp/hard\libg.a(lib_a-fflush.o)
                0x0800bc40                __sflush_r
 .text._fflush_r
                0x0800bd70       0x5c d:/programdata/stm32cube/gcc-arm-none-eabi-10.3-2021.10/bin/../lib/gcc/arm-none-eabi/10.3.1/../../../../arm-none-eabi/lib/thumb/v7e-m+fp/hard\libg.a(lib_a-fflush.o)
                0x0800bd70                _fflush_r
 .text._cleanup_r
                0x0800bdcc        0xc d:/programdata/stm32cube/gcc-arm-none-eabi-10.3-2021.10/bin/../lib/gcc/arm-none-eabi/10.3.1/../../../../arm-none-eabi/lib/thumb/v7e-m+fp/hard\libg.a(lib_a-findfp.o)
                0x0800bdcc                _cleanup_r
 .text.__sinit  0x0800bdd8      0x10c d:/programdata/stm32cube/gcc-arm-none-eabi-10.3-2021.10/bin/../lib/gcc/arm-none-eabi/10.3.1/../../../../arm-none-eabi/lib/thumb/v7e-m+fp/hard\libg.a(lib_a-findfp.o)
                0x0800bdd8                __sinit
 .text.__sfp_lock_acquire
                0x0800bee4        0xc d:/programdata/stm32cube/gcc-arm-none-eabi-10.3-2021.10/bin/../lib/gcc/arm-none-eabi/10.3.1/../../../../arm-none-eabi/lib/thumb/v7e-m+fp/hard\libg.a(lib_a-findfp.o)
                0x0800bee4                __sfp_lock_acquire
 .text.__sfp_lock_release
                0x0800bef0        0xc d:/programdata/stm32cube/gcc-arm-none-eabi-10.3-2021.10/bin/../lib/gcc/arm-none-eabi/10.3.1/../../../../arm-none-eabi/lib/thumb/v7e-m+fp/hard\libg.a(lib_a-findfp.o)
                0x0800bef0                __sfp_lock_release
 .text.__fputwc
                0x0800befc       0xa8 d:/programdata/stm32cube/gcc-arm-none-eabi-10.3-2021.10/bin/../lib/gcc/arm-none-eabi/10.3.1/../../../../arm-none-eabi/lib/thumb/v7e-m+fp/hard\libg.a(lib_a-fputwc.o)
                0x0800befc                __fputwc
 .text._fputwc_r
                0x0800bfa4       0x68 d:/programdata/stm32cube/gcc-arm-none-eabi-10.3-2021.10/bin/../lib/gcc/arm-none-eabi/10.3.1/../../../../arm-none-eabi/lib/thumb/v7e-m+fp/hard\libg.a(lib_a-fputwc.o)
                0x0800bfa4                _fputwc_r
 .text.__sfvwrite_r
                0x0800c00c      0x2f0 d:/programdata/stm32cube/gcc-arm-none-eabi-10.3-2021.10/bin/../lib/gcc/arm-none-eabi/10.3.1/../../../../arm-none-eabi/lib/thumb/v7e-m+fp/hard\libg.a(lib_a-fvwrite.o)
                0x0800c00c                __sfvwrite_r
 .text._fwalk_reent
                0x0800c2fc       0x48 d:/programdata/stm32cube/gcc-arm-none-eabi-10.3-2021.10/bin/../lib/gcc/arm-none-eabi/10.3.1/../../../../arm-none-eabi/lib/thumb/v7e-m+fp/hard\libg.a(lib_a-fwalk.o)
                0x0800c2fc                _fwalk_reent
 .text.__smakebuf_r
                0x0800c344       0xe0 d:/programdata/stm32cube/gcc-arm-none-eabi-10.3-2021.10/bin/../lib/gcc/arm-none-eabi/10.3.1/../../../../arm-none-eabi/lib/thumb/v7e-m+fp/hard\libg.a(lib_a-makebuf.o)
                0x0800c344                __smakebuf_r
 .text.raise    0x0800c424       0x5c d:/programdata/stm32cube/gcc-arm-none-eabi-10.3-2021.10/bin/../lib/gcc/arm-none-eabi/10.3.1/../../../../arm-none-eabi/lib/thumb/v7e-m+fp/hard\libg.a(lib_a-signal.o)
                0x0800c424                raise
 .text._kill_r  0x0800c480       0x2c d:/programdata/stm32cube/gcc-arm-none-eabi-10.3-2021.10/bin/../lib/gcc/arm-none-eabi/10.3.1/../../../../arm-none-eabi/lib/thumb/v7e-m+fp/hard\libg.a(lib_a-signalr.o)
                0x0800c480                _kill_r
 .text._getpid_r
                0x0800c4ac        0x4 d:/programdata/stm32cube/gcc-arm-none-eabi-10.3-2021.10/bin/../lib/gcc/arm-none-eabi/10.3.1/../../../../arm-none-eabi/lib/thumb/v7e-m+fp/hard\libg.a(lib_a-signalr.o)
                0x0800c4ac                _getpid_r
 .text.__sread  0x0800c4b0       0x24 d:/programdata/stm32cube/gcc-arm-none-eabi-10.3-2021.10/bin/../lib/gcc/arm-none-eabi/10.3.1/../../../../arm-none-eabi/lib/thumb/v7e-m+fp/hard\libg.a(lib_a-stdio.o)
                0x0800c4b0                __sread
 .text.__swrite
                0x0800c4d4       0x40 d:/programdata/stm32cube/gcc-arm-none-eabi-10.3-2021.10/bin/../lib/gcc/arm-none-eabi/10.3.1/../../../../arm-none-eabi/lib/thumb/v7e-m+fp/hard\libg.a(lib_a-stdio.o)
                0x0800c4d4                __swrite
 .text.__sseek  0x0800c514       0x20 d:/programdata/stm32cube/gcc-arm-none-eabi-10.3-2021.10/bin/../lib/gcc/arm-none-eabi/10.3.1/../../../../arm-none-eabi/lib/thumb/v7e-m+fp/hard\libg.a(lib_a-stdio.o)
                0x0800c514                __sseek
 .text.__sclose
                0x0800c534        0x8 d:/programdata/stm32cube/gcc-arm-none-eabi-10.3-2021.10/bin/../lib/gcc/arm-none-eabi/10.3.1/../../../../arm-none-eabi/lib/thumb/v7e-m+fp/hard\libg.a(lib_a-stdio.o)
                0x0800c534                __sclose
 .text.__swbuf_r
                0x0800c53c       0xb0 d:/programdata/stm32cube/gcc-arm-none-eabi-10.3-2021.10/bin/../lib/gcc/arm-none-eabi/10.3.1/../../../../arm-none-eabi/lib/thumb/v7e-m+fp/hard\libg.a(lib_a-wbuf.o)
                0x0800c53c                __swbuf_r
 .text._wcrtomb_r
                0x0800c5ec       0x3c d:/programdata/stm32cube/gcc-arm-none-eabi-10.3-2021.10/bin/../lib/gcc/arm-none-eabi/10.3.1/../../../../arm-none-eabi/lib/thumb/v7e-m+fp/hard\libg.a(lib_a-wcrtomb.o)
                0x0800c5ec                _wcrtomb_r
 .text._write_r
                0x0800c628       0x2c d:/programdata/stm32cube/gcc-arm-none-eabi-10.3-2021.10/bin/../lib/gcc/arm-none-eabi/10.3.1/../../../../arm-none-eabi/lib/thumb/v7e-m+fp/hard\libg.a(lib_a-writer.o)
                0x0800c628                _write_r
 .text._close_r
                0x0800c654       0x24 d:/programdata/stm32cube/gcc-arm-none-eabi-10.3-2021.10/bin/../lib/gcc/arm-none-eabi/10.3.1/../../../../arm-none-eabi/lib/thumb/v7e-m+fp/hard\libg.a(lib_a-closer.o)
                0x0800c654                _close_r
 .text._fclose_r
                0x0800c678       0xcc d:/programdata/stm32cube/gcc-arm-none-eabi-10.3-2021.10/bin/../lib/gcc/arm-none-eabi/10.3.1/../../../../arm-none-eabi/lib/thumb/v7e-m+fp/hard\libg.a(lib_a-fclose.o)
                0x0800c678                _fclose_r
 .text._fstat_r
                0x0800c744       0x2c d:/programdata/stm32cube/gcc-arm-none-eabi-10.3-2021.10/bin/../lib/gcc/arm-none-eabi/10.3.1/../../../../arm-none-eabi/lib/thumb/v7e-m+fp/hard\libg.a(lib_a-fstatr.o)
                0x0800c744                _fstat_r
 .text._isatty_r
                0x0800c770       0x24 d:/programdata/stm32cube/gcc-arm-none-eabi-10.3-2021.10/bin/../lib/gcc/arm-none-eabi/10.3.1/../../../../arm-none-eabi/lib/thumb/v7e-m+fp/hard\libg.a(lib_a-isattyr.o)
                0x0800c770                _isatty_r
 .text._lseek_r
                0x0800c794       0x2c d:/programdata/stm32cube/gcc-arm-none-eabi-10.3-2021.10/bin/../lib/gcc/arm-none-eabi/10.3.1/../../../../arm-none-eabi/lib/thumb/v7e-m+fp/hard\libg.a(lib_a-lseekr.o)
                0x0800c794                _lseek_r
 .text._read_r  0x0800c7c0       0x2c d:/programdata/stm32cube/gcc-arm-none-eabi-10.3-2021.10/bin/../lib/gcc/arm-none-eabi/10.3.1/../../../../arm-none-eabi/lib/thumb/v7e-m+fp/hard\libg.a(lib_a-readr.o)
                0x0800c7c0                _read_r
 *(.glue_7)
 .glue_7        0x0800c7ec        0x0 linker stubs
 *(.glue_7t)
 .glue_7t       0x0800c7ec        0x0 linker stubs
 *(.eh_frame)
 .eh_frame      0x0800c7ec        0x0 d:/programdata/stm32cube/gcc-arm-none-eabi-10.3-2021.10/bin/../lib/gcc/arm-none-eabi/10.3.1/thumb/v7e-m+fp/hard/crtbegin.o
 *(.init)
 .init          0x0800c7ec        0x4 d:/programdata/stm32cube/gcc-arm-none-eabi-10.3-2021.10/bin/../lib/gcc/arm-none-eabi/10.3.1/thumb/v7e-m+fp/hard/crti.o
                0x0800c7ec                _init
 .init          0x0800c7f0        0x8 d:/programdata/stm32cube/gcc-arm-none-eabi-10.3-2021.10/bin/../lib/gcc/arm-none-eabi/10.3.1/thumb/v7e-m+fp/hard/crtn.o
 *(.fini)
 .fini          0x0800c7f8        0x4 d:/programdata/stm32cube/gcc-arm-none-eabi-10.3-2021.10/bin/../lib/gcc/arm-none-eabi/10.3.1/thumb/v7e-m+fp/hard/crti.o
                0x0800c7f8                _fini
 .fini          0x0800c7fc        0x8 d:/programdata/stm32cube/gcc-arm-none-eabi-10.3-2021.10/bin/../lib/gcc/arm-none-eabi/10.3.1/thumb/v7e-m+fp/hard/crtn.o
                0x0800c804                . = ALIGN (0x4)
                0x0800c804                _etext = .

.vfp11_veneer   0x0800c804        0x0
 .vfp11_veneer  0x0800c804        0x0 linker stubs

.v4_bx          0x0800c804        0x0
 .v4_bx         0x0800c804        0x0 linker stubs

.iplt           0x0800c804        0x0
 .iplt          0x0800c804        0x0 d:/programdata/stm32cube/gcc-arm-none-eabi-10.3-2021.10/bin/../lib/gcc/arm-none-eabi/10.3.1/thumb/v7e-m+fp/hard/crtbegin.o

.rodata         0x0800c808      0x7e4
                0x0800c808                . = ALIGN (0x4)
 *(.rodata)
 .rodata        0x0800c808       0x20 CMakeFiles/STM32L4_encoder.elf.dir/Core/Src/freertos.c.obj
 *(.rodata*)
 .rodata.LED_TASK.str1.4
                0x0800c828       0x59 CMakeFiles/STM32L4_encoder.elf.dir/Core/Src/freertos.c.obj
 *fill*         0x0800c881        0x3 
 .rodata.str1.4
                0x0800c884       0x15 CMakeFiles/STM32L4_encoder.elf.dir/Core/Src/freertos.c.obj
 *fill*         0x0800c899        0x3 
 .rodata.__FUNCTION__.2
                0x0800c89c        0x9 CMakeFiles/STM32L4_encoder.elf.dir/Core/Src/freertos.c.obj
 *fill*         0x0800c8a5        0x3 
 .rodata.elogTask_attributes
                0x0800c8a8       0x24 CMakeFiles/STM32L4_encoder.elf.dir/Core/Src/freertos.c.obj
                0x0800c8a8                elogTask_attributes
 .rodata.led_task_attributes
                0x0800c8cc       0x24 CMakeFiles/STM32L4_encoder.elf.dir/Core/Src/freertos.c.obj
                0x0800c8cc                led_task_attributes
 .rodata.AHBPrescTable
                0x0800c8f0       0x10 CMakeFiles/STM32L4_encoder.elf.dir/Core/Src/system_stm32l4xx.c.obj
                0x0800c8f0                AHBPrescTable
 .rodata.APBPrescTable
                0x0800c900        0x8 CMakeFiles/STM32L4_encoder.elf.dir/Core/Src/system_stm32l4xx.c.obj
                0x0800c900                APBPrescTable
 .rodata.MSIRangeTable
                0x0800c908       0x30 CMakeFiles/STM32L4_encoder.elf.dir/Core/Src/system_stm32l4xx.c.obj
                0x0800c908                MSIRangeTable
 .rodata.elog_port_get_time.str1.4
                0x0800c938        0x9 CMakeFiles/STM32L4_encoder.elf.dir/Easylogger/port/elog_port.c.obj
 *fill*         0x0800c941        0x3 
 .rodata.elog_port_get_p_info.str1.4
                0x0800c944        0x9 CMakeFiles/STM32L4_encoder.elf.dir/Easylogger/port/elog_port.c.obj
 *fill*         0x0800c94d        0x3 
 .rodata.elog_port_get_t_info.str1.4
                0x0800c950        0x7 CMakeFiles/STM32L4_encoder.elf.dir/Easylogger/port/elog_port.c.obj
 *fill*         0x0800c957        0x1 
 .rodata.elog_output.str1.4
                0x0800c958       0xaf CMakeFiles/STM32L4_encoder.elf.dir/Easylogger/src/elog.c.obj
 *fill*         0x0800ca07        0x1 
 .rodata.elog_start.str1.4
                0x0800ca08       0x2e CMakeFiles/STM32L4_encoder.elf.dir/Easylogger/src/elog.c.obj
 *fill*         0x0800ca36        0x2 
 .rodata.elog_set_filter_tag_lvl.str1.4
                0x0800ca38       0x13 CMakeFiles/STM32L4_encoder.elf.dir/Easylogger/src/elog.c.obj
 *fill*         0x0800ca4b        0x1 
 .rodata.str1.4
                0x0800ca4c       0x47 CMakeFiles/STM32L4_encoder.elf.dir/Easylogger/src/elog.c.obj
 *fill*         0x0800ca93        0x1 
 .rodata.__FUNCTION__.10
                0x0800ca94        0xb CMakeFiles/STM32L4_encoder.elf.dir/Easylogger/src/elog.c.obj
 *fill*         0x0800ca9f        0x1 
 .rodata.__FUNCTION__.2
                0x0800caa0       0x10 CMakeFiles/STM32L4_encoder.elf.dir/Easylogger/src/elog.c.obj
 .rodata.__FUNCTION__.3
                0x0800cab0        0xc CMakeFiles/STM32L4_encoder.elf.dir/Easylogger/src/elog.c.obj
 .rodata.__FUNCTION__.4
                0x0800cabc       0x18 CMakeFiles/STM32L4_encoder.elf.dir/Easylogger/src/elog.c.obj
 .rodata.__FUNCTION__.6
                0x0800cad4       0x14 CMakeFiles/STM32L4_encoder.elf.dir/Easylogger/src/elog.c.obj
 .rodata.__FUNCTION__.8
                0x0800cae8        0xd CMakeFiles/STM32L4_encoder.elf.dir/Easylogger/src/elog.c.obj
 *fill*         0x0800caf5        0x3 
 .rodata.color_output_info
                0x0800caf8       0x18 CMakeFiles/STM32L4_encoder.elf.dir/Easylogger/src/elog.c.obj
 .rodata.level_output_info
                0x0800cb10       0x18 CMakeFiles/STM32L4_encoder.elf.dir/Easylogger/src/elog.c.obj
 .rodata.elog_strcpy.str1.4
                0x0800cb28       0x48 CMakeFiles/STM32L4_encoder.elf.dir/Easylogger/src/elog_utils.c.obj
                                 0x74 (size before relaxing)
 .rodata.elog_cpyln.str1.4
                0x0800cb70        0xc CMakeFiles/STM32L4_encoder.elf.dir/Easylogger/src/elog_utils.c.obj
                                  0xf (size before relaxing)
 .rodata.__FUNCTION__.1
                0x0800cb7c        0xb CMakeFiles/STM32L4_encoder.elf.dir/Easylogger/src/elog_utils.c.obj
 *fill*         0x0800cb87        0x1 
 .rodata.__FUNCTION__.2
                0x0800cb88        0xc CMakeFiles/STM32L4_encoder.elf.dir/Easylogger/src/elog_utils.c.obj
 .rodata.vTaskStartScheduler.str1.4
                0x0800cb94        0x5 CMakeFiles/STM32L4_encoder.elf.dir/Middlewares/Third_Party/FreeRTOS/Source/tasks.c.obj
 *fill*         0x0800cb99        0x3 
 .rodata.prvCheckForValidListAndQueue.str1.4
                0x0800cb9c        0x5 CMakeFiles/STM32L4_encoder.elf.dir/Middlewares/Third_Party/FreeRTOS/Source/timers.c.obj
 *fill*         0x0800cba1        0x3 
 .rodata.xTimerCreateTimerTask.str1.4
                0x0800cba4        0x8 CMakeFiles/STM32L4_encoder.elf.dir/Middlewares/Third_Party/FreeRTOS/Source/timers.c.obj
 .rodata.my_task.str1.4
                0x0800cbac       0x3e CMakeFiles/STM32L4_encoder.elf.dir/Task/my_task.c.obj
                                 0x46 (size before relaxing)
 *fill*         0x0800cbea        0x2 
 .rodata.__FUNCTION__.0
                0x0800cbec        0x8 CMakeFiles/STM32L4_encoder.elf.dir/Task/my_task.c.obj
 .rodata._global_impure_ptr
                0x0800cbf4        0x4 d:/programdata/stm32cube/gcc-arm-none-eabi-10.3-2021.10/bin/../lib/gcc/arm-none-eabi/10.3.1/../../../../arm-none-eabi/lib/thumb/v7e-m+fp/hard\libg.a(lib_a-impure.o)
                0x0800cbf4                _global_impure_ptr
 .rodata._svfprintf_r.str1.4
                0x0800cbf8       0x42 d:/programdata/stm32cube/gcc-arm-none-eabi-10.3-2021.10/bin/../lib/gcc/arm-none-eabi/10.3.1/../../../../arm-none-eabi/lib/thumb/v7e-m+fp/hard\libg.a(lib_a-svfprintf.o)
 *fill*         0x0800cc3a        0x2 
 .rodata.blanks.1
                0x0800cc3c       0x10 d:/programdata/stm32cube/gcc-arm-none-eabi-10.3-2021.10/bin/../lib/gcc/arm-none-eabi/10.3.1/../../../../arm-none-eabi/lib/thumb/v7e-m+fp/hard\libg.a(lib_a-svfprintf.o)
 .rodata.zeroes.0
                0x0800cc4c       0x10 d:/programdata/stm32cube/gcc-arm-none-eabi-10.3-2021.10/bin/../lib/gcc/arm-none-eabi/10.3.1/../../../../arm-none-eabi/lib/thumb/v7e-m+fp/hard\libg.a(lib_a-svfprintf.o)
 .rodata._dtoa_r.str1.4
                0x0800cc5c       0xa2 d:/programdata/stm32cube/gcc-arm-none-eabi-10.3-2021.10/bin/../lib/gcc/arm-none-eabi/10.3.1/../../../../arm-none-eabi/lib/thumb/v7e-m+fp/hard\libg.a(lib_a-dtoa.o)
                                 0xa6 (size before relaxing)
 *fill*         0x0800ccfe        0x2 
 .rodata.__multadd.str1.4
                0x0800cd00       0x7f d:/programdata/stm32cube/gcc-arm-none-eabi-10.3-2021.10/bin/../lib/gcc/arm-none-eabi/10.3.1/../../../../arm-none-eabi/lib/thumb/v7e-m+fp/hard\libg.a(lib_a-mprec.o)
                                 0x93 (size before relaxing)
 *fill*         0x0800cd7f        0x1 
 .rodata.__mprec_bigtens
                0x0800cd80       0x28 d:/programdata/stm32cube/gcc-arm-none-eabi-10.3-2021.10/bin/../lib/gcc/arm-none-eabi/10.3.1/../../../../arm-none-eabi/lib/thumb/v7e-m+fp/hard\libg.a(lib_a-mprec.o)
                0x0800cd80                __mprec_bigtens
 .rodata.__mprec_tens
                0x0800cda8       0xc8 d:/programdata/stm32cube/gcc-arm-none-eabi-10.3-2021.10/bin/../lib/gcc/arm-none-eabi/10.3.1/../../../../arm-none-eabi/lib/thumb/v7e-m+fp/hard\libg.a(lib_a-mprec.o)
                0x0800cda8                __mprec_tens
 .rodata.p05.0  0x0800ce70        0xc d:/programdata/stm32cube/gcc-arm-none-eabi-10.3-2021.10/bin/../lib/gcc/arm-none-eabi/10.3.1/../../../../arm-none-eabi/lib/thumb/v7e-m+fp/hard\libg.a(lib_a-mprec.o)
 .rodata.__assert_func.str1.4
                0x0800ce7c       0x3f d:/programdata/stm32cube/gcc-arm-none-eabi-10.3-2021.10/bin/../lib/gcc/arm-none-eabi/10.3.1/../../../../arm-none-eabi/lib/thumb/v7e-m+fp/hard\libg.a(lib_a-assert.o)
                                 0x43 (size before relaxing)
 *fill*         0x0800cebb        0x1 
 .rodata._setlocale_r.str1.4
                0x0800cebc        0xa d:/programdata/stm32cube/gcc-arm-none-eabi-10.3-2021.10/bin/../lib/gcc/arm-none-eabi/10.3.1/../../../../arm-none-eabi/lib/thumb/v7e-m+fp/hard\libg.a(lib_a-locale.o)
                                  0xd (size before relaxing)
 .rodata.str1.4
                0x0800cec6        0xa d:/programdata/stm32cube/gcc-arm-none-eabi-10.3-2021.10/bin/../lib/gcc/arm-none-eabi/10.3.1/../../../../arm-none-eabi/lib/thumb/v7e-m+fp/hard\libg.a(lib_a-locale.o)
                                  0x2 (size before relaxing)
 .rodata._vfiprintf_r.str1.4
                0x0800cec6       0x2f d:/programdata/stm32cube/gcc-arm-none-eabi-10.3-2021.10/bin/../lib/gcc/arm-none-eabi/10.3.1/../../../../arm-none-eabi/lib/thumb/v7e-m+fp/hard\libg.a(lib_a-vfiprintf.o)
 *fill*         0x0800cec6        0x2 
 .rodata.blanks.1
                0x0800cec8       0x10 d:/programdata/stm32cube/gcc-arm-none-eabi-10.3-2021.10/bin/../lib/gcc/arm-none-eabi/10.3.1/../../../../arm-none-eabi/lib/thumb/v7e-m+fp/hard\libg.a(lib_a-vfiprintf.o)
 .rodata.zeroes.0
                0x0800ced8       0x10 d:/programdata/stm32cube/gcc-arm-none-eabi-10.3-2021.10/bin/../lib/gcc/arm-none-eabi/10.3.1/../../../../arm-none-eabi/lib/thumb/v7e-m+fp/hard\libg.a(lib_a-vfiprintf.o)
 .rodata._ctype_
                0x0800cee8      0x101 d:/programdata/stm32cube/gcc-arm-none-eabi-10.3-2021.10/bin/../lib/gcc/arm-none-eabi/10.3.1/../../../../arm-none-eabi/lib/thumb/v7e-m+fp/hard\libg.a(lib_a-ctype_.o)
                0x0800cee8                _ctype_
                0x0800cfec                . = ALIGN (0x4)
 *fill*         0x0800cfe9        0x3 

.ARM.extab      0x0800cfec        0x0
                0x0800cfec                . = ALIGN (0x4)
 *(.ARM.extab* .gnu.linkonce.armextab.*)
                0x0800cfec                . = ALIGN (0x4)

.ARM            0x0800cfec        0x8
                0x0800cfec                . = ALIGN (0x4)
                0x0800cfec                __exidx_start = .
 *(.ARM.exidx*)
 .ARM.exidx     0x0800cfec        0x8 d:/programdata/stm32cube/gcc-arm-none-eabi-10.3-2021.10/bin/../lib/gcc/arm-none-eabi/10.3.1/thumb/v7e-m+fp/hard\libgcc.a(_udivmoddi4.o)
                0x0800cff4                __exidx_end = .
                0x0800cff4                . = ALIGN (0x4)

.rel.dyn        0x0800cff4        0x0
 .rel.iplt      0x0800cff4        0x0 d:/programdata/stm32cube/gcc-arm-none-eabi-10.3-2021.10/bin/../lib/gcc/arm-none-eabi/10.3.1/thumb/v7e-m+fp/hard/crtbegin.o

.preinit_array  0x0800cff4        0x0
                0x0800cff4                . = ALIGN (0x4)
                0x0800cff4                PROVIDE (__preinit_array_start = .)
 *(.preinit_array*)
                0x0800cff4                PROVIDE (__preinit_array_end = .)
                0x0800cff4                . = ALIGN (0x4)

.init_array     0x0800cff4        0x8
                0x0800cff4                . = ALIGN (0x4)
                0x0800cff4                PROVIDE (__init_array_start = .)
 *(SORT_BY_NAME(.init_array.*))
 .init_array.00000
                0x0800cff4        0x4 d:/programdata/stm32cube/gcc-arm-none-eabi-10.3-2021.10/bin/../lib/gcc/arm-none-eabi/10.3.1/../../../../arm-none-eabi/lib/thumb/v7e-m+fp/hard\libg.a(lib_a-__call_atexit.o)
 *(.init_array*)
 .init_array    0x0800cff8        0x4 d:/programdata/stm32cube/gcc-arm-none-eabi-10.3-2021.10/bin/../lib/gcc/arm-none-eabi/10.3.1/thumb/v7e-m+fp/hard/crtbegin.o
                0x0800cffc                PROVIDE (__init_array_end = .)
                0x0800cffc                . = ALIGN (0x4)

.fini_array     0x0800cffc        0x4
                0x0800cffc                . = ALIGN (0x4)
                0x0800cffc                PROVIDE (__fini_array_start = .)
 *(SORT_BY_NAME(.fini_array.*))
 *(.fini_array*)
 .fini_array    0x0800cffc        0x4 d:/programdata/stm32cube/gcc-arm-none-eabi-10.3-2021.10/bin/../lib/gcc/arm-none-eabi/10.3.1/thumb/v7e-m+fp/hard/crtbegin.o
                0x0800d000                PROVIDE (__fini_array_end = .)
                0x0800d000                . = ALIGN (0x4)
                0x0800d000                _sidata = LOADADDR (.data)

.data           0x20000000      0x9c0 load address 0x0800d000
                0x20000000                . = ALIGN (0x4)
                0x20000000                _sdata = .
 *(.data)
 *(.data*)
 .data.SystemCoreClock
                0x20000000        0x4 CMakeFiles/STM32L4_encoder.elf.dir/Core/Src/system_stm32l4xx.c.obj
                0x20000000                SystemCoreClock
 .data.uwTickFreq
                0x20000004        0x1 CMakeFiles/STM32L4_encoder.elf.dir/Drivers/STM32L4xx_HAL_Driver/Src/stm32l4xx_hal.c.obj
                0x20000004                uwTickFreq
 *fill*         0x20000005        0x3 
 .data.uwTickPrio
                0x20000008        0x4 CMakeFiles/STM32L4_encoder.elf.dir/Drivers/STM32L4xx_HAL_Driver/Src/stm32l4xx_hal.c.obj
                0x20000008                uwTickPrio
 .data.buf_is_empty
                0x2000000c        0x1 CMakeFiles/STM32L4_encoder.elf.dir/Easylogger/src/elog_async.c.obj
 *fill*         0x2000000d        0x3 
 .data.uxCriticalNesting
                0x20000010        0x4 CMakeFiles/STM32L4_encoder.elf.dir/Middlewares/Third_Party/FreeRTOS/Source/portable/GCC/ARM_CM4F/port.c.obj
 .data._impure_ptr
                0x20000014        0x4 d:/programdata/stm32cube/gcc-arm-none-eabi-10.3-2021.10/bin/../lib/gcc/arm-none-eabi/10.3.1/../../../../arm-none-eabi/lib/thumb/v7e-m+fp/hard\libg.a(lib_a-impure.o)
                0x20000014                _impure_ptr
 .data.impure_data
                0x20000018      0x428 d:/programdata/stm32cube/gcc-arm-none-eabi-10.3-2021.10/bin/../lib/gcc/arm-none-eabi/10.3.1/../../../../arm-none-eabi/lib/thumb/v7e-m+fp/hard\libg.a(lib_a-impure.o)
 .data.__atexit_recursive_mutex
                0x20000440        0x4 d:/programdata/stm32cube/gcc-arm-none-eabi-10.3-2021.10/bin/../lib/gcc/arm-none-eabi/10.3.1/../../../../arm-none-eabi/lib/thumb/v7e-m+fp/hard\libg.a(lib_a-__call_atexit.o)
                0x20000440                __atexit_recursive_mutex
 .data.__malloc_av_
                0x20000444      0x408 d:/programdata/stm32cube/gcc-arm-none-eabi-10.3-2021.10/bin/../lib/gcc/arm-none-eabi/10.3.1/../../../../arm-none-eabi/lib/thumb/v7e-m+fp/hard\libg.a(lib_a-mallocr.o)
                0x20000444                __malloc_av_
 .data.__malloc_sbrk_base
                0x2000084c        0x4 d:/programdata/stm32cube/gcc-arm-none-eabi-10.3-2021.10/bin/../lib/gcc/arm-none-eabi/10.3.1/../../../../arm-none-eabi/lib/thumb/v7e-m+fp/hard\libg.a(lib_a-mallocr.o)
                0x2000084c                __malloc_sbrk_base
 .data.__malloc_trim_threshold
                0x20000850        0x4 d:/programdata/stm32cube/gcc-arm-none-eabi-10.3-2021.10/bin/../lib/gcc/arm-none-eabi/10.3.1/../../../../arm-none-eabi/lib/thumb/v7e-m+fp/hard\libg.a(lib_a-mallocr.o)
                0x20000850                __malloc_trim_threshold
 .data.__global_locale
                0x20000854      0x16c d:/programdata/stm32cube/gcc-arm-none-eabi-10.3-2021.10/bin/../lib/gcc/arm-none-eabi/10.3.1/../../../../arm-none-eabi/lib/thumb/v7e-m+fp/hard\libg.a(lib_a-locale.o)
                0x20000854                __global_locale
 *(.RamFunc)
 *(.RamFunc*)
                0x200009c0                . = ALIGN (0x4)
                0x200009c0                _edata = .

.igot.plt       0x200009c0        0x0 load address 0x0800d9c0
 .igot.plt      0x200009c0        0x0 d:/programdata/stm32cube/gcc-arm-none-eabi-10.3-2021.10/bin/../lib/gcc/arm-none-eabi/10.3.1/thumb/v7e-m+fp/hard/crtbegin.o
                0x200009c0                . = ALIGN (0x4)

.bss            0x200009c0     0x25a4 load address 0x0800d9c0
                0x200009c0                _sbss = .
                0x200009c0                __bss_start__ = _sbss
 *(.bss)
 .bss           0x200009c0       0x1c d:/programdata/stm32cube/gcc-arm-none-eabi-10.3-2021.10/bin/../lib/gcc/arm-none-eabi/10.3.1/thumb/v7e-m+fp/hard/crtbegin.o
 *(.bss*)
 .bss.elogTaskHandle
                0x200009dc        0x4 CMakeFiles/STM32L4_encoder.elf.dir/Core/Src/freertos.c.obj
                0x200009dc                elogTaskHandle
 .bss.elog_asyncHandle
                0x200009e0        0x4 CMakeFiles/STM32L4_encoder.elf.dir/Core/Src/freertos.c.obj
                0x200009e0                elog_asyncHandle
 .bss.elog_lockHandle
                0x200009e4        0x4 CMakeFiles/STM32L4_encoder.elf.dir/Core/Src/freertos.c.obj
                0x200009e4                elog_lockHandle
 .bss.led_taskHandle
                0x200009e8        0x4 CMakeFiles/STM32L4_encoder.elf.dir/Core/Src/freertos.c.obj
                0x200009e8                led_taskHandle
 .bss.os_semaphore_cb_elog_asyncHandle.1
                0x200009ec       0x50 CMakeFiles/STM32L4_encoder.elf.dir/Core/Src/freertos.c.obj